Component: ARM Compiler 5.06 update 5 (build 528) Tool: armlink [4d35e2]

==============================================================================

Section Cross References

    main.o(i.ReceiverTask) refers to queue.o(i.xQueueReceive) for xQueueReceive
    main.o(i.ReceiverTask) refers to queue.o(i.xQueueGenericSend) for xQueueGenericSend
    main.o(i.ReceiverTask) refers to key.o(.data) for g_xQueueReceiver
    main.o(i.ReceiverTask) refers to key.o(.data) for g_xQueueMenu
    main.o(i.main) refers to stm32f1xx_hal.o(i.HAL_Init) for HAL_Init
    main.o(i.main) refers to rcc.o(i.RccClock_HSE_Init) for RccClock_HSE_Init
    main.o(i.main) refers to usart.o(i.U1_Init) for U1_Init
    main.o(i.main) refers to usart.o(i.u1_printf) for u1_printf
    main.o(i.main) refers to iic.o(i.IIC_Init) for IIC_Init
    main.o(i.main) refers to led.o(i.LED_Init) for LED_Init
    main.o(i.main) refers to oled.o(i.u8g2_Init) for u8g2_Init
    main.o(i.main) refers to adc.o(i.ADC1_Init) for ADC1_Init
    main.o(i.main) refers to aht10.o(i.AHT10_Init) for AHT10_Init
    main.o(i.main) refers to wifi.o(i.WiFi_ResetIO_Init) for WiFi_ResetIO_Init
    main.o(i.main) refers to w25qxx.o(i.W25Qxx_Init) for W25Qxx_Init
    main.o(i.main) refers to i2c.o(i.I2C_Init) for I2C_Init
    main.o(i.main) refers to 24c02.o(i.EEprom_ReadInfo) for EEprom_ReadInfo
    main.o(i.main) refers to timer.o(i.TIM1_Init) for TIM1_Init
    main.o(i.main) refers to encoder.o(i.TIM3_Init) for TIM3_Init
    main.o(i.main) refers to key.o(i.TIM4_Init) for TIM4_Init
    main.o(i.main) refers to gui.o(i.GUI_Init) for GUI_Init
    main.o(i.main) refers to message.o(i.MSG_Init) for MSG_Init
    main.o(i.main) refers to rtc.o(i.RTC_Init) for RTC_Init
    main.o(i.main) refers to receiver.o(i.IRReceiver_Init) for IRReceiver_Init
    main.o(i.main) refers to rgb_led.o(i.RGB_Init) for RGB_Init
    main.o(i.main) refers to oled.o(i.Boot_animation) for Boot_animation
    main.o(i.main) refers to oled.o(i.LinearClearScreen) for LinearClearScreen
    main.o(i.main) refers to tasks.o(i.xTaskCreate) for xTaskCreate
    main.o(i.main) refers to tasks.o(i.vTaskStartScheduler) for vTaskStartScheduler
    main.o(i.main) refers to main.o(.data) for .data
    main.o(i.main) refers to main.o(.bss) for .bss
    main.o(i.main) refers to gui.o(i.ShowTimeTask) for ShowTimeTask
    main.o(i.main) refers to subhead_2.o(i.ShowMatrixTask) for ShowMatrixTask
    main.o(i.main) refers to main.o(i.ReceiverTask) for ReceiverTask
    main.o(i.main) refers to iot.o(i.IotTask) for IotTask
    main.o(i.vApplicationIdleHook) refers to tasks.o(i.vTaskList) for vTaskList
    main.o(i.vApplicationIdleHook) refers to usart.o(i.u1_printf) for u1_printf
    main.o(i.vApplicationIdleHook) refers to main.o(.bss) for .bss
    main.o(i.vApplicationStackOverflowHook) refers to usart.o(i.u1_printf) for u1_printf
    stm32f1xx_it.o(i.DMA1_Channel4_IRQHandler) refers to stm32f1xx_hal_dma.o(i.HAL_DMA_IRQHandler) for HAL_DMA_IRQHandler
    stm32f1xx_it.o(i.DMA1_Channel4_IRQHandler) refers to i2c.o(.bss) for hi2c2
    stm32f1xx_it.o(i.DMA1_Channel5_IRQHandler) refers to stm32f1xx_hal_dma.o(i.HAL_DMA_IRQHandler) for HAL_DMA_IRQHandler
    stm32f1xx_it.o(i.DMA1_Channel5_IRQHandler) refers to i2c.o(.bss) for hi2c2
    stm32f1xx_it.o(i.EXTI15_10_IRQHandler) refers to stm32f1xx_hal_gpio.o(i.HAL_GPIO_EXTI_IRQHandler) for HAL_GPIO_EXTI_IRQHandler
    stm32f1xx_it.o(i.I2C2_EV_IRQHandler) refers to stm32f1xx_hal_i2c.o(i.HAL_I2C_EV_IRQHandler) for HAL_I2C_EV_IRQHandler
    stm32f1xx_it.o(i.I2C2_EV_IRQHandler) refers to i2c.o(.bss) for hi2c2
    stm32f1xx_it.o(i.TIM1_UP_IRQHandler) refers to usart.o(i.u1_printf) for u1_printf
    stm32f1xx_it.o(i.TIM1_UP_IRQHandler) refers to wifi.o(i.WiFi_PropertyVersion) for WiFi_PropertyVersion
    stm32f1xx_it.o(i.TIM1_UP_IRQHandler) refers to mqtt.o(i.MQTT_PingREQ) for MQTT_PingREQ
    stm32f1xx_it.o(i.TIM1_UP_IRQHandler) refers to timer.o(.bss) for htim1
    stm32f1xx_it.o(i.TIM1_UP_IRQHandler) refers to main.o(.bss) for SysCB
    stm32f1xx_it.o(i.TIM1_UP_IRQHandler) refers to main.o(.bss) for AttributeCB
    stm32f1xx_it.o(i.TIM2_IRQHandler) refers to stm32f1xx_hal_tim.o(i.HAL_TIM_IRQHandler) for HAL_TIM_IRQHandler
    stm32f1xx_it.o(i.TIM2_IRQHandler) refers to stm32f1xx_hal_timebase_tim_template.o(.bss) for htim2
    stm32f1xx_it.o(i.TIM3_IRQHandler) refers to stm32f1xx_hal_tim.o(i.HAL_TIM_IRQHandler) for HAL_TIM_IRQHandler
    stm32f1xx_it.o(i.TIM3_IRQHandler) refers to encoder.o(.bss) for tim3
    stm32f1xx_it.o(i.TIM4_IRQHandler) refers to stm32f1xx_hal_tim.o(i.HAL_TIM_IRQHandler) for HAL_TIM_IRQHandler
    stm32f1xx_it.o(i.TIM4_IRQHandler) refers to key.o(.bss) for tim4
    stm32f1xx_it.o(i.USART2_IRQHandler) refers to stm32f1xx_hal_uart.o(i.HAL_UART_DMAStop) for HAL_UART_DMAStop
    stm32f1xx_it.o(i.USART2_IRQHandler) refers to stm32f1xx_hal_uart.o(i.HAL_UART_Receive_DMA) for HAL_UART_Receive_DMA
[...]
    u8x8_SetPowerSave                        0x08011167   Thumb Code    16  u8x8_display.o(i.u8x8_SetPowerSave)
    u8x8_Setup                               0x08011177   Thumb Code    34  u8x8_setup.o(i.u8x8_Setup)
    u8x8_SetupDefaults                       0x08011199   Thumb Code    32  u8x8_setup.o(i.u8x8_SetupDefaults)
    u8x8_SetupMemory                         0x080111bd   Thumb Code    16  u8x8_display.o(i.u8x8_SetupMemory)
    u8x8_ascii_next                          0x080111cd   Thumb Code    14  u8x8_8x8.o(i.u8x8_ascii_next)
    u8x8_byte_EndTransfer                    0x080111db   Thumb Code    16  u8x8_byte.o(i.u8x8_byte_EndTransfer)
    u8x8_byte_SendByte                       0x080111eb   Thumb Code    14  u8x8_byte.o(i.u8x8_byte_SendByte)
    u8x8_byte_StartTransfer                  0x080111f9   Thumb Code    16  u8x8_byte.o(i.u8x8_byte_StartTransfer)
    u8x8_byte_hw_i2c                         0x08011209   Thumb Code   106  u8x8_byte.o(i.u8x8_byte_hw_i2c)
    u8x8_cad_EndTransfer                     0x08011281   Thumb Code    16  u8x8_cad.o(i.u8x8_cad_EndTransfer)
    u8x8_cad_SendArg                         0x08011291   Thumb Code    16  u8x8_cad.o(i.u8x8_cad_SendArg)
    u8x8_cad_SendCmd                         0x080112a1   Thumb Code    16  u8x8_cad.o(i.u8x8_cad_SendCmd)
    u8x8_cad_SendData                        0x080112b1   Thumb Code    16  u8x8_cad.o(i.u8x8_cad_SendData)
    u8x8_cad_SendSequence                    0x080112c1   Thumb Code   104  u8x8_cad.o(i.u8x8_cad_SendSequence)
    u8x8_cad_StartTransfer                   0x08011329   Thumb Code    16  u8x8_cad.o(i.u8x8_cad_StartTransfer)
    u8x8_cad_ssd13xx_fast_i2c                0x08011339   Thumb Code   182  u8x8_cad.o(i.u8x8_cad_ssd13xx_fast_i2c)
    u8x8_d_helper_display_init               0x080113f5   Thumb Code    96  u8x8_display.o(i.u8x8_d_helper_display_init)
    u8x8_d_helper_display_setup_memory       0x08011455   Thumb Code    10  u8x8_display.o(i.u8x8_d_helper_display_setup_memory)
    u8x8_d_ssd1306_128x64_noname             0x08011461   Thumb Code    52  u8x8_d_ssd1306_128x64_noname.o(i.u8x8_d_ssd1306_128x64_noname)
    u8x8_dummy_cb                            0x08011565   Thumb Code     4  u8x8_setup.o(i.u8x8_dummy_cb)
    u8x8_gpio_call                           0x08011569   Thumb Code    12  u8x8_gpio.o(i.u8x8_gpio_call)
    u8x8_u8toa                               0x080115a1   Thumb Code    20  u8x8_u8toa.o(i.u8x8_u8toa)
    u8x8_u8toap                              0x080115b9   Thumb Code    40  u8x8_u8toa.o(i.u8x8_u8toap)
    u8x8_utf8_init                           0x080115e5   Thumb Code     8  u8x8_8x8.o(i.u8x8_utf8_init)
    utils_hb2hex                             0x080115ed   Thumb Code    18  utils_md5.o(i.utils_hb2hex)
    utils_hmac_sha1                          0x080115ff   Thumb Code   214  utils_hmac.o(i.utils_hmac_sha1)
    utils_sha1_finish                        0x080116d5   Thumb Code   212  utils_sha1.o(i.utils_sha1_finish)
    utils_sha1_init                          0x080117ad   Thumb Code     6  utils_sha1.o(i.utils_sha1_init)
    utils_sha1_process                       0x080117b5   Thumb Code  4670  utils_sha1.o(i.utils_sha1_process)
    utils_sha1_starts                        0x080129f5   Thumb Code    32  utils_sha1.o(i.utils_sha1_starts)
    utils_sha1_update                        0x08012a21   Thumb Code   112  utils_sha1.o(i.utils_sha1_update)
    uxListRemove                             0x08012a91   Thumb Code    38  list.o(i.uxListRemove)
    vApplicationGetIdleTaskMemory            0x08012ab9   Thumb Code    16  cmsis_os2.o(i.vApplicationGetIdleTaskMemory)
    vApplicationGetTimerTaskMemory           0x08012acd   Thumb Code    18  cmsis_os2.o(i.vApplicationGetTimerTaskMemory)
    vApplicationStackOverflowHook            0x08012ae5   Thumb Code     6  main.o(i.vApplicationStackOverflowHook)
    vListInitialise                          0x08012afd   Thumb Code    22  list.o(i.vListInitialise)
    vListInitialiseItem                      0x08012b13   Thumb Code     6  list.o(i.vListInitialiseItem)
    vListInsert                              0x08012b19   Thumb Code    48  list.o(i.vListInsert)
    vListInsertEnd                           0x08012b49   Thumb Code    24  list.o(i.vListInsertEnd)
    vPortEnterCritical                       0x08012b61   Thumb Code    54  port.o(i.vPortEnterCritical)
    vPortExitCritical                        0x08012ba1   Thumb Code    34  port.o(i.vPortExitCritical)
    vPortFree                                0x08012bc9   Thumb Code    88  heap_4.o(i.vPortFree)
    vPortSetupTimerInterrupt                 0x08012c25   Thumb Code    32  port.o(i.vPortSetupTimerInterrupt)
    vPortValidateInterruptPriority           0x08012c49   Thumb Code    74  port.o(i.vPortValidateInterruptPriority)
    vQueueAddToRegistry                      0x08012c9d   Thumb Code    34  queue.o(i.vQueueAddToRegistry)
    vQueueWaitForMessageRestricted           0x08012cc5   Thumb Code    68  queue.o(i.vQueueWaitForMessageRestricted)
    vTaskDelay                               0x08012d09   Thumb Code    66  tasks.o(i.vTaskDelay)
    vTaskDelete                              0x08012d55   Thumb Code   130  tasks.o(i.vTaskDelete)
    vTaskInternalSetTimeOutState             0x08012de5   Thumb Code    12  tasks.o(i.vTaskInternalSetTimeOutState)
    vTaskMissedYield                         0x08012df5   Thumb Code     8  tasks.o(i.vTaskMissedYield)
    vTaskPlaceOnEventList                    0x08012e01   Thumb Code    44  tasks.o(i.vTaskPlaceOnEventList)
    vTaskPlaceOnEventListRestricted          0x08012e31   Thumb Code    52  tasks.o(i.vTaskPlaceOnEventListRestricted)
    vTaskResume                              0x08012e69   Thumb Code   110  tasks.o(i.vTaskResume)
    vTaskStartScheduler                      0x08012ee5   Thumb Code   118  tasks.o(i.vTaskStartScheduler)
    vTaskSuspend                             0x08012f6d   Thumb Code   144  tasks.o(i.vTaskSuspend)
    vTaskSuspendAll                          0x08013009   Thumb Code    10  tasks.o(i.vTaskSuspendAll)
    vTaskSwitchContext                       0x08013019   Thumb Code   132  tasks.o(i.vTaskSwitchContext)
    xPortStartScheduler                      0x080130a5   Thumb Code   154  port.o(i.xPortStartScheduler)
    xQueueGenericCreate                      0x0801314d   Thumb Code    72  queue.o(i.xQueueGenericCreate)
    xQueueGenericCreateStatic                0x08013195   Thumb Code   102  queue.o(i.xQueueGenericCreateStatic)
    xQueueGenericReset                       0x080131fd   Thumb Code   132  queue.o(i.xQueueGenericReset)
    xQueueGenericSend                        0x08013285   Thumb Code   346  queue.o(i.xQueueGenericSend)
    xQueueGenericSendFromISR                 0x080133e5   Thumb Code   188  queue.o(i.xQueueGenericSendFromISR)
    xQueueReceive                            0x080134a1   Thumb Code   308  queue.o(i.xQueueReceive)
    xTaskCheckForTimeOut                     0x080135d9   Thumb Code   112  tasks.o(i.xTaskCheckForTimeOut)
    xTaskCreate                              0x0801364d   Thumb Code    90  tasks.o(i.xTaskCreate)
    xTaskCreateStatic                        0x080136a7   Thumb Code    86  tasks.o(i.xTaskCreateStatic)
    xTaskGetSchedulerState                   0x080136fd   Thumb Code    22  tasks.o(i.xTaskGetSchedulerState)
    xTaskGetTickCount                        0x08013719   Thumb Code     6  tasks.o(i.xTaskGetTickCount)
    xTaskIncrementTick                       0x08013725   Thumb Code   190  tasks.o(i.xTaskIncrementTick)
    xTaskPriorityDisinherit                  0x080137ed   Thumb Code   118  tasks.o(i.xTaskPriorityDisinherit)
    xTaskRemoveFromEventList                 0x0801386d   Thumb Code    98  tasks.o(i.xTaskRemoveFromEventList)
    xTaskResumeAll                           0x080138dd   Thumb Code   182  tasks.o(i.xTaskResumeAll)
    xTimerCreateTimerTask                    0x080139a1   Thumb Code    78  timers.o(i.xTimerCreateTimerTask)
    xTimerGenericCommand                     0x08013a01   Thumb Code    98  timers.o(i.xTimerGenericCommand)
    AHBPrescTable                            0x08013a6b   Data          16  system_stm32f1xx.o(.constdata)
    APBPrescTable                            0x08013a7b   Data           8  system_stm32f1xx.o(.constdata)
    u8g2_font_6x13_tf                        0x08013c14   Data        2161  u8g2_fonts.o(.constdata)
    u8g2_font_t0_13b_tf                      0x08014485   Data        2416  u8g2_fonts.o(.constdata)
    u8g2_font_ncenB08_tf                     0x08014df5   Data        2465  u8g2_fonts.o(.constdata)
    u8g2_font_ncenB12_tf                     0x08015796   Data        3863  u8g2_fonts.o(.constdata)
    u8g2_font_logisoso20_tn                  0x080166ad   Data         382  u8g2_fonts.o(.constdata)
    u8g2_cb_r0                               0x0801682c   Data          12  u8g2_setup.o(.constdata)
    __ctype_categories                       0x08016993   Data          64  ctype_c.o(.constdata)
    Region$$Table$$Base                      0x08016da8   Number         0  anon$$obj.o(Region$$Table)
    Region$$Table$$Limit                     0x08016dc8   Number         0  anon$$obj.o(Region$$Table)
    xMyIotTaskHandle                         0x20000000   Data           4  main.o(.data)
    xShowTimeTaskHandle                      0x20000004   Data           4  main.o(.data)
    xShowMatrixTaskHandle                    0x20000008   Data           4  main.o(.data)
    RGBdata                                  0x2000000c   Data           4  main.o(.data)
    xConWifiTaskHandle                       0x20000010   Data           4  main.o(.data)
    xSmartconfigTaskHandle                   0x20000014   Data           4  main.o(.data)
    wifi_mode                                0x20000018   Data           1  wifi.o(.data)
    uv                                       0x20000024   Data           1  s12sd.o(.data)
    sum                                      0x20000028   Data           4  s12sd.o(.data)
    UV_Dat                                   0x2000002c   Data           4  s12sd.o(.data)
    average                                  0x20000030   Data           4  s12sd.o(.data)
    counter                                  0x20000034   Data           2  key.o(.data)
    Sta_Flag                                 0x20000036   Data           2  key.o(.data)
    g_xQueueMenu                             0x20000038   Data           4  key.o(.data)
    g_xQueueReceiver                         0x2000003c   Data           4  key.o(.data)
    uwTickFreq                               0x20000050   Data           1  stm32f1xx_hal.o(.data)
    uwTickPrio                               0x20000054   Data           4  stm32f1xx_hal.o(.data)
    uwTick                                   0x20000058   Data           4  stm32f1xx_hal.o(.data)
    SystemCoreClock                          0x2000005c   Data           4  system_stm32f1xx.o(.data)
    pxCurrentTCB                             0x20000084   Data           4  tasks.o(.data)
    seconds_str                              0x200000d4   Data           3  oled.o(.data)
    minutes_str                              0x200000d7   Data           3  oled.o(.data)
    hours_str                                0x200000da   Data           3  oled.o(.data)
    date_str                                 0x200000dd   Data           3  oled.o(.data)
    month_str                                0x200000e0   Data           3  oled.o(.data)
    weekDay_str                              0x200000e3   Data           3  oled.o(.data)
    year_str                                 0x200000e6   Data           4  oled.o(.data)
    Menu_Global                              0x200000ec   Data          48  gui.o(.data)
    Headline_1_Name                          0x2000011c   Data           4  headline_1.o(.data)
    Subhead_1_Name                           0x20000120   Data           4  subhead_1.o(.data)
    Subhead_2_Name                           0x20000124   Data           4  subhead_2.o(.data)
    Temperature_str                          0x20000128   Data           5  subhead_2.o(.data)
    Humidity_str                             0x2000012d   Data           5  subhead_2.o(.data)
    Light_str                                0x20000132   Data           5  subhead_2.o(.data)
    Ultraviolet_str                          0x20000137   Data           5  subhead_2.o(.data)
    Subhead_3_Name                           0x20000140   Data           4  subhead_3.o(.data)
    Subhead_4_Name                           0x20000144   Data           4  subhead_4.o(.data)
    Subhead_5_Name                           0x20000160   Data           4  subhead_5.o(.data)
    Subhead_1_1_Name                         0x20000164   Data           4  subhead_1-1.o(.data)
    Subhead_1_2_Name                         0x20000168   Data           4  subhead_1-2.o(.data)
    Subhead_1_3_Name                         0x2000016c   Data           4  subhead_1-3.o(.data)
    Subhead_4_1_Name                         0x20000170   Data           4  subhead_4-1.o(.data)
    Subhead_4_2_Name                         0x20000174   Data           4  subhead_4-2.o(.data)
    SysCB                                    0x2000018c   Data          24  main.o(.bss)
    AttributeCB                              0x200001a8   Data          96  main.o(.bss)
    AliInfoCB                                0x20000208   Data         112  main.o(.bss)
    u8g2                                     0x20000278   Data         148  main.o(.bss)
    U1_Control                               0x200003d4   Data         328  usart.o(.bss)
    U2_Control                               0x2000051c   Data         328  usart.o(.bss)
    U1_TxBuff                                0x20000664   Data         128  usart.o(.bss)
    U2_TxBuff                                0x200006e4   Data        1024  usart.o(.bss)
    U2_RxBuff                                0x20000ae4   Data        3072  usart.o(.bss)
    Aliyun_mqtt                              0x200016e4   Data        1208  mqtt.o(.bss)
    htim1                                    0x20001b9c   Data          72  timer.o(.bss)
    SPI1_Handler                             0x20001be4   Data          88  spi.o(.bss)
    hadc1                                    0x20001c3c   Data          48  adc.o(.bss)
    MyRtc                                    0x20001c6c   Data          28  rtc.o(.bss)
    tim3                                     0x20001c88   Data          72  encoder.o(.bss)
    tim3_Encoder                             0x20001cd0   Data          36  encoder.o(.bss)
    tim4                                     0x20001cf4   Data          72  key.o(.bss)
    tim4_IC_3                                0x20001d3c   Data          16  key.o(.bss)
    tim4_IC_4                                0x20001d4c   Data          16  key.o(.bss)
    htim2                                    0x20001fb8   Data          72  stm32f1xx_hal_timebase_tim_template.o(.bss)
    xQueueRegistry                           0x200039b8   Data          64  queue.o(.bss)
    hi2c2                                    0x20003fd4   Data          84  i2c.o(.bss)
    hdma_i2c2_rx                             0x20004028   Data          68  i2c.o(.bss)
    hdma_i2c2_tx                             0x2000406c   Data          68  i2c.o(.bss)
    Headline_1                               0x20004114   Data          32  headline_1.o(.bss)
    Subhead_1                                0x20004134   Data          32  subhead_1.o(.bss)
    Subhead_2                                0x20004154   Data          32  subhead_2.o(.bss)
    Subhead_3                                0x20004174   Data          32  subhead_3.o(.bss)
    Subhead_4                                0x20004194   Data          32  subhead_4.o(.bss)
    Subhead_5                                0x200041b4   Data          32  subhead_5.o(.bss)
    Subhead_1_1                              0x200041d4   Data          32  subhead_1-1.o(.bss)
    Subhead_1_2                              0x200041f4   Data          32  subhead_1-2.o(.bss)
    Subhead_1_3                              0x20004214   Data          32  subhead_1-3.o(.bss)
    Subhead_4_1                              0x20004234   Data          32  subhead_4-1.o(.bss)
    Subhead_4_2                              0x20004254   Data          32  subhead_4-2.o(.bss)
    __initial_sp                             0x20004a98   Data           0  startup_stm32f103xb.o(STACK)



==============================================================================

Memory Map of the image

  Image Entry point : 0x080050ed

  Load Region LR_IROM1 (Base: 0x08005000, Size: 0x00011f54, Max: 0x00020000, ABSOLUTE, COMPRESSED[0x00011e0c])

    Execution Region ER_IROM1 (Exec base: 0x08005000, Load base: 0x08005000, Size: 0x00011dc8, Max: 0x00020000, ABSOLUTE)

    Exec Addr    Load Addr    Size         Type   Attr      Idx    E Section Name        Object

    0x08005000   0x08005000   0x000000ec   Data   RO         4973    RESET               startup_stm32f103xb.o
    0x080050ec   0x080050ec   0x00000000   Code   RO        12374  * .ARM.Collect$$$$00000000  mc_w.l(entry.o)
    0x080050ec   0x080050ec   0x00000004   Code   RO        12686    .ARM.Collect$$$$00000001  mc_w.l(entry2.o)
    0x080050f0   0x080050f0   0x00000004   Code   RO        12689    .ARM.Collect$$$$00000004  mc_w.l(entry5.o)
    0x080050f4   0x080050f4   0x00000000   Code   RO        12691    .ARM.Collect$$$$00000008  mc_w.l(entry7b.o)
    0x080050f4   0x080050f4   0x00000000   Code   RO        12693    .ARM.Collect$$$$0000000A  mc_w.l(entry8b.o)
    0x080050f4   0x080050f4   0x00000008   Code   RO        12694    .ARM.Collect$$$$0000000B  mc_w.l(entry9a.o)
    0x080050fc   0x080050fc   0x00000000   Code   RO        12696    .ARM.Collect$$$$0000000D  mc_w.l(entry10a.o)
    0x080050fc   0x080050fc   0x00000000   Code   RO        12698    .ARM.Collect$$$$0000000F  mc_w.l(entry11a.o)
    0x080050fc   0x080050fc   0x00000004   Code   RO        12687    .ARM.Collect$$$$00002712  mc_w.l(entry2.o)
    0x08005100   0x08005100   0x00000096   Code   RO         5665    .emb_text           port.o
    0x08005196   0x08005196   0x00000002   PAD
    0x08005198   0x08005198   0x00000024   Code   RO         4974    .text               startup_stm32f103xb.o
    0x080051bc   0x080051bc   0x00000062   Code   RO        12377    .text               mc_w.l(uldiv.o)
    0x0800521e   0x0800521e   0x00000024   Code   RO        12379    .text               mc_w.l(memcpya.o)
    0x08005242   0x08005242   0x00000024   Code   RO        12383    .text               mc_w.l(memseta.o)
    0x08005266   0x08005266   0x00000024   Code   RO        12385    .text               mc_w.l(strstr.o)
    0x0800528a   0x0800528a   0x0000000e   Code   RO        12387    .text               mc_w.l(strlen.o)
    0x08005298   0x08005298   0x00000012   Code   RO        12389    .text               mc_w.l(strcpy.o)
    0x080052aa   0x080052aa   0x00000002   PAD
    0x080052ac   0x080052ac   0x00000038   Code   RO        12654    .text               mc_w.l(__0sscanf.o)
    0x080052e4   0x080052e4   0x0000014c   Code   RO        12656    .text               mc_w.l(_scanf_int.o)
    0x08005430   0x08005430   0x000000e0   Code   RO        12658    .text               mc_w.l(_scanf_str.o)
    0x08005510   0x08005510   0x000000b0   Code   RO        12660    .text               mf_w.l(fadd.o)
    0x080055c0   0x080055c0   0x0000007c   Code   RO        12662    .text               mf_w.l(fdiv.o)
    0x0800563c   0x0800563c   0x0000014e   Code   RO        12664    .text               mf_w.l(dadd.o)
    0x0800578a   0x0800578a   0x000000e4   Code   RO        12666    .text               mf_w.l(dmul.o)
    0x0800586e   0x0800586e   0x000000de   Code   RO        12668    .text               mf_w.l(ddiv.o)
    0x0800594c   0x0800594c   0x0000002e   Code   RO        12670    .text               mf_w.l(dscalb.o)
    0x0800597a   0x0800597a   0x00000012   Code   RO        12672    .text               mf_w.l(fflti.o)
    0x0800598c   0x0800598c   0x00000022   Code   RO        12674    .text               mf_w.l(dflti.o)
    0x080059ae   0x080059ae   0x0000001a   Code   RO        12676    .text               mf_w.l(dfltui.o)
    0x080059c8   0x080059c8   0x00000028   Code   RO        12678    .text               mf_w.l(ffixui.o)
    0x080059f0   0x080059f0   0x0000003e   Code   RO        12680    .text               mf_w.l(dfixi.o)
    0x08005a2e   0x08005a2e   0x00000032   Code   RO        12682    .text               mf_w.l(dfixui.o)
    0x08005a60   0x08005a60   0x00000038   Code   RO        12684    .text               mf_w.l(d2f.o)
    0x08005a98   0x08005a98   0x0000002c   Code   RO        12703    .text               mc_w.l(uidiv.o)
    0x08005ac4   0x08005ac4   0x0000001e   Code   RO        12705    .text               mc_w.l(llshl.o)
    0x08005ae2   0x08005ae2   0x00000020   Code   RO        12707    .text               mc_w.l(llushr.o)
    0x08005b02   0x08005b02   0x00000024   Code   RO        12709    .text               mc_w.l(llsshr.o)
    0x08005b26   0x08005b26   0x0000001c   Code   RO        12711    .text               mc_w.l(_chval.o)
    0x08005b42   0x08005b42   0x00000002   PAD
    0x08005b44   0x08005b44   0x00000028   Code   RO        12713    .text               mc_w.l(scanf_char.o)
    0x08005b6c   0x08005b6c   0x00000040   Code   RO        12715    .text               mc_w.l(_sgetc.o)
    0x08005bac   0x08005bac   0x00000000   Code   RO        12717    .text               mc_w.l(iusefp.o)
    0x08005bac   0x08005bac   0x0000006e   Code   RO        12718    .text               mf_w.l(fepilogue.o)
    0x08005c1a   0x08005c1a   0x000000ba   Code   RO        12720    .text               mf_w.l(depilogue.o)
    0x08005cd4   0x08005cd4   0x00000030   Code   RO        12722    .text               mf_w.l(dfixul.o)
    0x08005d04   0x08005d04   0x00000030   Code   RO        12724    .text               mf_w.l(cdrcmple.o)
    0x08005d34   0x08005d34   0x00000024   Code   RO        12726    .text               mc_w.l(init.o)
    0x08005d58   0x08005d58   0x0000000a   Code   RO        12729    .text               mc_w.l(isspace_c.o)
    0x08005d62   0x08005d62   0x00000002   PAD
    0x08005d64   0x08005d64   0x0000032c   Code   RO        12731    .text               mc_w.l(_scanf.o)
    0x08006090   0x08006090   0x00000028   Code   RO        12734    .text               mc_w.l(ctype_c.o)
    0x080060b8   0x080060b8   0x00000056   Code   RO        12745    .text               mc_w.l(__dczerorl2.o)
    0x0800610e   0x0800610e   0x00000002   PAD
    0x08006110   0x08006110   0x00000020   Code   RO         1063    i.ADC1_Init         adc.o
    0x08006130   0x08006130   0x0000004c   Code   RO         3858    i.ADC_ConversionStop_Disable  stm32f1xx_hal_adc.o
    0x0800617c   0x0800617c   0x00000070   Code   RO         3862    i.ADC_Enable        stm32f1xx_hal_adc.o
    0x080061ec   0x080061ec   0x00000036   Code   RO         1225    i.AHT10_Init        aht10.o
    0x08006222   0x08006222   0x00000002   PAD
    0x08006224   0x08006224   0x0000011c   Code   RO         1226    i.AHT10_Read_Data   aht10.o
    0x08006340   0x08006340   0x0000027c   Code   RO          948    i.ActiveEvent       wifi.o
    0x080065bc   0x080065bc   0x0000005c   Code   RO         6814    i.BlinkDraw         oled.o
    0x08006618   0x08006618   0x000000f4   Code   RO         6815    i.Boot_animation    oled.o
    0x0800670c   0x0800670c   0x00000018   Code   RO         7403    i.ConWifiTask       subhead_1-1.o
    0x08006724   0x08006724   0x00000278   Code   RO         7357    i.Control_RGB       subhead_5.o
    0x0800699c   0x0800699c   0x0000011c   Code   RO         7532    i.Control_Switch_1  subhead_4-1.o
    0x08006ab8   0x08006ab8   0x0000011c   Code   RO         7574    i.Control_Switch_2  subhead_4-2.o
    0x08006bd4   0x08006bd4   0x0000000c   Code   RO          315    i.DMA1_Channel4_IRQHandler  stm32f1xx_it.o
    0x08006be0   0x08006be0   0x0000000c   Code   RO          316    i.DMA1_Channel5_IRQHandler  stm32f1xx_it.o
    0x08006bec   0x08006bec   0x0000002a   Code   RO         2116    i.DMA_SetConfig     stm32f1xx_hal_dma.o
    0x08006c16   0x08006c16   0x0000001a   Code   RO          416    i.Delay_Ms          delay.o
    0x08006c30   0x08006c30   0x00000038   Code   RO          417    i.Delay_Us          delay.o
    0x08006c68   0x08006c68   0x00000004   Code   RO          549    i.EEprom_ReadData   24c02.o
    0x08006c6c   0x08006c6c   0x00000174   Code   RO          550    i.EEprom_ReadInfo   24c02.o
    0x08006de0   0x08006de0   0x00000026   Code   RO          551    i.EEprom_WriteData  24c02.o
    0x08006e06   0x08006e06   0x00000008   Code   RO          317    i.EXTI15_10_IRQHandler  stm32f1xx_it.o
    0x08006e0e   0x08006e0e   0x00000014   Code   RO         6816    i.EasingDrawBox     oled.o
    0x08006e22   0x08006e22   0x00000002   PAD
    0x08006e24   0x08006e24   0x000001a4   Code   RO         6887    i.GUI_Display       gui.o
    0x08006fc8   0x08006fc8   0x0000001e   Code   RO         6888    i.GUI_Init          gui.o
    0x08006fe6   0x08006fe6   0x00000002   PAD
    0x08006fe8   0x08006fe8   0x00000128   Code   RO         7246    i.GUI_SetTime       subhead_3.o
    0x08007110   0x08007110   0x00000030   Code   RO         1064    i.Get_Adc           adc.o
    0x08007140   0x08007140   0x00000074   Code   RO         1156    i.Get_Week          rtc.o
    0x080071b4   0x080071b4   0x000000fc   Code   RO         3864    i.HAL_ADC_ConfigChannel  stm32f1xx_hal_adc.o
    0x080072b0   0x080072b0   0x00000006   Code   RO         3871    i.HAL_ADC_GetValue  stm32f1xx_hal_adc.o
    0x080072b6   0x080072b6   0x00000002   PAD
    0x080072b8   0x080072b8   0x0000011c   Code   RO         3873    i.HAL_ADC_Init      stm32f1xx_hal_adc.o
    0x080073d4   0x080073d4   0x00000088   Code   RO         1065    i.HAL_ADC_MspInit   adc.o
    0x0800745c   0x0800745c   0x00000130   Code   RO         3877    i.HAL_ADC_PollForConversion  stm32f1xx_hal_adc.o
    0x0800758c   0x0800758c   0x000000c0   Code   RO         3879    i.HAL_ADC_Start     stm32f1xx_hal_adc.o
    0x0800764c   0x0800764c   0x00000046   Code   RO         2117    i.HAL_DMA_Abort     stm32f1xx_hal_dma.o
    0x08007692   0x08007692   0x00000002   PAD
    0x08007694   0x08007694   0x00000098   Code   RO         2118    i.HAL_DMA_Abort_IT  stm32f1xx_hal_dma.o
    0x0800772c   0x0800772c   0x00000006   Code   RO         2121    i.HAL_DMA_GetState  stm32f1xx_hal_dma.o
    0x08007732   0x08007732   0x00000002   PAD
    0x08007734   0x08007734   0x00000154   Code   RO         2122    i.HAL_DMA_IRQHandler  stm32f1xx_hal_dma.o
    0x08007888   0x08007888   0x0000005c   Code   RO         2123    i.HAL_DMA_Init      stm32f1xx_hal_dma.o
    0x080078e4   0x080078e4   0x00000070   Code   RO         2127    i.HAL_DMA_Start_IT  stm32f1xx_hal_dma.o
    0x08007954   0x08007954   0x0000000c   Code   RO         1402    i.HAL_GPIO_EXTI_Callback  receiver.o
    0x08007960   0x08007960   0x00000018   Code   RO         1815    i.HAL_GPIO_EXTI_IRQHandler  stm32f1xx_hal_gpio.o
    0x08007978   0x08007978   0x000001e0   Code   RO         1816    i.HAL_GPIO_Init     stm32f1xx_hal_gpio.o
    0x08007b58   0x08007b58   0x0000000a   Code   RO         1818    i.HAL_GPIO_ReadPin  stm32f1xx_hal_gpio.o
    0x08007b62   0x08007b62   0x0000000a   Code   RO         1820    i.HAL_GPIO_WritePin  stm32f1xx_hal_gpio.o
    0x08007b6c   0x08007b6c   0x0000000c   Code   RO         1650    i.HAL_GetTick       stm32f1xx_hal.o
    0x08007b78   0x08007b78   0x00000002   Code   RO         4170    i.HAL_I2C_AbortCpltCallback  stm32f1xx_hal_i2c.o
    0x08007b7a   0x08007b7a   0x00000002   Code   RO         4171    i.HAL_I2C_AddrCallback  stm32f1xx_hal_i2c.o
    0x08007b7c   0x08007b7c   0x0000025a   Code   RO         4175    i.HAL_I2C_EV_IRQHandler  stm32f1xx_hal_i2c.o
    0x08007dd6   0x08007dd6   0x00000002   Code   RO         4177    i.HAL_I2C_ErrorCallback  stm32f1xx_hal_i2c.o
    0x08007dd8   0x08007dd8   0x00000006   Code   RO         4180    i.HAL_I2C_GetState  stm32f1xx_hal_i2c.o
    0x08007dde   0x08007dde   0x00000002   PAD
    0x08007de0   0x08007de0   0x00000174   Code   RO         4181    i.HAL_I2C_Init      stm32f1xx_hal_i2c.o
    0x08007f54   0x08007f54   0x00000158   Code   RO         4182    i.HAL_I2C_IsDeviceReady  stm32f1xx_hal_i2c.o
    0x080080ac   0x080080ac   0x00000002   Code   RO         4183    i.HAL_I2C_ListenCpltCallback  stm32f1xx_hal_i2c.o
    0x080080ae   0x080080ae   0x00000002   Code   RO         4184    i.HAL_I2C_MasterRxCpltCallback  stm32f1xx_hal_i2c.o
    0x080080b0   0x080080b0   0x00000002   Code   RO         4185    i.HAL_I2C_MasterTxCpltCallback  stm32f1xx_hal_i2c.o
    0x080080b2   0x080080b2   0x00000002   PAD
    0x080080b4   0x080080b4   0x00000140   Code   RO         4195    i.HAL_I2C_Master_Transmit_DMA  stm32f1xx_hal_i2c.o
    0x080081f4   0x080081f4   0x00000002   Code   RO         4197    i.HAL_I2C_MemRxCpltCallback  stm32f1xx_hal_i2c.o
    0x080081f6   0x080081f6   0x00000002   PAD
    0x080081f8   0x080081f8   0x0000001c   Code   RO         6772    i.HAL_I2C_MemTxCpltCallback  i2c.o
    0x08008214   0x08008214   0x000000f0   Code   RO         6773    i.HAL_I2C_MspInit   i2c.o
    0x08008304   0x08008304   0x00000002   Code   RO         4207    i.HAL_I2C_SlaveRxCpltCallback  stm32f1xx_hal_i2c.o
    0x08008306   0x08008306   0x00000002   Code   RO         4208    i.HAL_I2C_SlaveTxCpltCallback  stm32f1xx_hal_i2c.o
    0x08008308   0x08008308   0x00000010   Code   RO         1656    i.HAL_IncTick       stm32f1xx_hal.o
    0x08008318   0x08008318   0x00000024   Code   RO         1657    i.HAL_Init          stm32f1xx_hal.o
    0x0800833c   0x0800833c   0x00000098   Code   RO         1558    i.HAL_InitTick      stm32f1xx_hal_timebase_tim_template.o
    0x080083d4   0x080083d4   0x00000048   Code   RO         1598    i.HAL_MspInit       stm32f1xx_hal_msp_template.o
    0x0800841c   0x0800841c   0x0000001a   Code   RO         1983    i.HAL_NVIC_EnableIRQ  stm32f1xx_hal_cortex.o
    0x08008436   0x08008436   0x00000002   PAD
    0x08008438   0x08008438   0x00000040   Code   RO         1989    i.HAL_NVIC_SetPriority  stm32f1xx_hal_cortex.o
    0x08008478   0x08008478   0x00000024   Code   RO         1990    i.HAL_NVIC_SetPriorityGrouping  stm32f1xx_hal_cortex.o
    0x0800849c   0x0800849c   0x000000c8   Code   RO         4135    i.HAL_RCCEx_GetPeriphCLKFreq  stm32f1xx_hal_rcc_ex.o
    0x08008564   0x08008564   0x000000ec   Code   RO         4136    i.HAL_RCCEx_PeriphCLKConfig  stm32f1xx_hal_rcc_ex.o
    0x08008650   0x08008650   0x0000012c   Code   RO         1880    i.HAL_RCC_ClockConfig  stm32f1xx_hal_rcc.o
    0x0800877c   0x0800877c   0x00000040   Code   RO         1884    i.HAL_RCC_GetClockConfig  stm32f1xx_hal_rcc.o
    0x080087bc   0x080087bc   0x00000020   Code   RO         1887    i.HAL_RCC_GetPCLK1Freq  stm32f1xx_hal_rcc.o
    0x080087dc   0x080087dc   0x00000020   Code   RO         1888    i.HAL_RCC_GetPCLK2Freq  stm32f1xx_hal_rcc.o
    0x080087fc   0x080087fc   0x0000006c   Code   RO         1889    i.HAL_RCC_GetSysClockFreq  stm32f1xx_hal_rcc.o
    0x08008868   0x08008868   0x00000320   Code   RO         1892    i.HAL_RCC_OscConfig  stm32f1xx_hal_rcc.o
    0x08008b88   0x08008b88   0x0000004e   Code   RO         4597    i.HAL_RTC_GetDate   stm32f1xx_hal_rtc.o
    0x08008bd6   0x08008bd6   0x000000d8   Code   RO         4599    i.HAL_RTC_GetTime   stm32f1xx_hal_rtc.o
    0x08008cae   0x08008cae   0x00000002   PAD
    0x08008cb0   0x08008cb0   0x000000a0   Code   RO         4600    i.HAL_RTC_Init      stm32f1xx_hal_rtc.o
    0x08008d50   0x08008d50   0x00000018   Code   RO         1157    i.HAL_RTC_MspInit   rtc.o
    0x08008d68   0x08008d68   0x000000c4   Code   RO         4606    i.HAL_RTC_SetDate   stm32f1xx_hal_rtc.o
    0x08008e2c   0x08008e2c   0x000000ac   Code   RO         4607    i.HAL_RTC_SetTime   stm32f1xx_hal_rtc.o
    0x08008ed8   0x08008ed8   0x0000003a   Code   RO         4608    i.HAL_RTC_WaitForSynchro  stm32f1xx_hal_rtc.o
    0x08008f12   0x08008f12   0x00000088   Code   RO         3521    i.HAL_SPI_Init      stm32f1xx_hal_spi.o
    0x08008f9a   0x08008f9a   0x00000002   PAD
    0x08008f9c   0x08008f9c   0x00000058   Code   RO          834    i.HAL_SPI_MspInit   spi.o
    0x08008ff4   0x08008ff4   0x00000188   Code   RO         3529    i.HAL_SPI_Transmit  stm32f1xx_hal_spi.o
    0x0800917c   0x0800917c   0x00000274   Code   RO         3530    i.HAL_SPI_TransmitReceive  stm32f1xx_hal_spi.o
    0x080093f0   0x080093f0   0x00000002   Code   RO         3243    i.HAL_TIMEx_BreakCallback  stm32f1xx_hal_tim_ex.o
    0x080093f2   0x080093f2   0x00000002   Code   RO         3244    i.HAL_TIMEx_CommutCallback  stm32f1xx_hal_tim_ex.o
    0x080093f4   0x080093f4   0x0000005a   Code   RO         2539    i.HAL_TIM_Base_Init  stm32f1xx_hal_tim.o
    0x0800944e   0x0800944e   0x00000002   PAD
    0x08009450   0x08009450   0x0000003c   Code   RO          755    i.HAL_TIM_Base_MspInit  timer.o
    0x0800948c   0x0800948c   0x00000058   Code   RO         2544    i.HAL_TIM_Base_Start_IT  stm32f1xx_hal_tim.o
    0x080094e4   0x080094e4   0x000000a4   Code   RO         2560    i.HAL_TIM_Encoder_Init  stm32f1xx_hal_tim.o
    0x08009588   0x08009588   0x0000009c   Code   RO         1266    i.HAL_TIM_Encoder_MspInit  encoder.o
    0x08009624   0x08009624   0x000000b6   Code   RO         2565    i.HAL_TIM_Encoder_Start_IT  stm32f1xx_hal_tim.o
    0x080096da   0x080096da   0x00000002   PAD
    0x080096dc   0x080096dc   0x000000f0   Code   RO         1336    i.HAL_TIM_IC_CaptureCallback  key.o
    0x080097cc   0x080097cc   0x00000124   Code   RO         2575    i.HAL_TIM_IC_ConfigChannel  stm32f1xx_hal_tim.o
    0x080098f0   0x080098f0   0x0000005a   Code   RO         2578    i.HAL_TIM_IC_Init   stm32f1xx_hal_tim.o
    0x0800994a   0x0800994a   0x00000002   PAD
    0x0800994c   0x0800994c   0x0000006c   Code   RO         1337    i.HAL_TIM_IC_MspInit  key.o
    0x080099b8   0x080099b8   0x000000e4   Code   RO         2583    i.HAL_TIM_IC_Start_IT  stm32f1xx_hal_tim.o
    0x08009a9c   0x08009a9c   0x00000052   Code   RO         2584    i.HAL_TIM_IC_Stop   stm32f1xx_hal_tim.o
    0x08009aee   0x08009aee   0x00000166   Code   RO         2587    i.HAL_TIM_IRQHandler  stm32f1xx_hal_tim.o
    0x08009c54   0x08009c54   0x00000002   Code   RO         2590    i.HAL_TIM_OC_DelayElapsedCallback  stm32f1xx_hal_tim.o
    0x08009c56   0x08009c56   0x00000002   Code   RO         2617    i.HAL_TIM_PWM_PulseFinishedCallback  stm32f1xx_hal_tim.o
    0x08009c58   0x08009c58   0x0000008c   Code   RO         1338    i.HAL_TIM_PeriodElapsedCallback  key.o
    0x08009ce4   0x08009ce4   0x0000002a   Code   RO         2627    i.HAL_TIM_ReadCapturedValue  stm32f1xx_hal_tim.o
    0x08009d0e   0x08009d0e   0x00000002   Code   RO         2630    i.HAL_TIM_TriggerCallback  stm32f1xx_hal_tim.o
    0x08009d10   0x08009d10   0x00000058   Code   RO         2230    i.HAL_UART_DMAStop  stm32f1xx_hal_uart.o
    0x08009d68   0x08009d68   0x00000002   Code   RO         2232    i.HAL_UART_ErrorCallback  stm32f1xx_hal_uart.o
    0x08009d6a   0x08009d6a   0x00000062   Code   RO         2236    i.HAL_UART_Init     stm32f1xx_hal_uart.o
    0x08009dcc   0x08009dcc   0x00000134   Code   RO          459    i.HAL_UART_MspInit  usart.o
    0x08009f00   0x08009f00   0x00000098   Code   RO         2240    i.HAL_UART_Receive_DMA  stm32f1xx_hal_uart.o
    0x08009f98   0x08009f98   0x00000002   Code   RO         2242    i.HAL_UART_RxCpltCallback  stm32f1xx_hal_uart.o
    0x08009f9a   0x08009f9a   0x00000002   Code   RO         2243    i.HAL_UART_RxHalfCpltCallback  stm32f1xx_hal_uart.o
    0x08009f9c   0x08009f9c   0x00000002   Code   RO          318    i.HardFault_Handler  stm32f1xx_it.o
    0x08009f9e   0x08009f9e   0x00000002   Code   RO         7094    i.Headline_1_Funsion  headline_1.o
    0x08009fa0   0x08009fa0   0x00000060   Code   RO         7095    i.Headline_1_Init   headline_1.o
    0x0800a000   0x0800a000   0x0000000c   Code   RO          319    i.I2C2_EV_IRQHandler  stm32f1xx_it.o
    0x0800a00c   0x0800a00c   0x0000007e   Code   RO         4219    i.I2C_DMAAbort      stm32f1xx_hal_i2c.o
    0x0800a08a   0x0800a08a   0x00000032   Code   RO         4220    i.I2C_DMAError      stm32f1xx_hal_i2c.o
    0x0800a0bc   0x0800a0bc   0x00000106   Code   RO         4221    i.I2C_DMAXferCplt   stm32f1xx_hal_i2c.o
    0x0800a1c2   0x0800a1c2   0x00000002   PAD
    0x0800a1c4   0x0800a1c4   0x00000140   Code   RO         4222    i.I2C_ITError       stm32f1xx_hal_i2c.o
    0x0800a304   0x0800a304   0x00000024   Code   RO         6774    i.I2C_Init          i2c.o
    0x0800a328   0x0800a328   0x000000d2   Code   RO         4224    i.I2C_MasterReceive_BTF  stm32f1xx_hal_i2c.o
    0x0800a3fa   0x0800a3fa   0x00000092   Code   RO         4225    i.I2C_MasterReceive_RXNE  stm32f1xx_hal_i2c.o
    0x0800a48c   0x0800a48c   0x00000082   Code   RO         4228    i.I2C_MasterTransmit_BTF  stm32f1xx_hal_i2c.o
    0x0800a50e   0x0800a50e   0x00000002   PAD
    0x0800a510   0x0800a510   0x00000104   Code   RO         4229    i.I2C_MasterTransmit_TXE  stm32f1xx_hal_i2c.o
    0x0800a614   0x0800a614   0x00000158   Code   RO         4230    i.I2C_Master_ADDR   stm32f1xx_hal_i2c.o
    0x0800a76c   0x0800a76c   0x0000008e   Code   RO         4231    i.I2C_Master_SB     stm32f1xx_hal_i2c.o
    0x0800a7fa   0x0800a7fa   0x00000002   PAD
    0x0800a7fc   0x0800a7fc   0x0000015c   Code   RO         4235    i.I2C_Slave_STOPF   stm32f1xx_hal_i2c.o
    0x0800a958   0x0800a958   0x00000068   Code   RO         4237    i.I2C_WaitOnFlagUntilTimeout  stm32f1xx_hal_i2c.o
    0x0800a9c0   0x0800a9c0   0x00000070   Code   RO          604    i.IIC_Init          iic.o
    0x0800aa30   0x0800aa30   0x000000b8   Code   RO          605    i.IIC_Read_Byte     iic.o
    0x0800aae8   0x0800aae8   0x00000050   Code   RO          606    i.IIC_Send_Byte     iic.o
    0x0800ab38   0x0800ab38   0x00000030   Code   RO          607    i.IIC_Start         iic.o
    0x0800ab68   0x0800ab68   0x00000030   Code   RO          608    i.IIC_Stop          iic.o
    0x0800ab98   0x0800ab98   0x00000058   Code   RO          609    i.IIC_Wait_Ack      iic.o
    0x0800abf0   0x0800abf0   0x0000012c   Code   RO         1404    i.IRReceiver_IRQTimes_Parse  receiver.o
    0x0800ad1c   0x0800ad1c   0x000000ac   Code   RO         1405    i.IRReceiver_IRQ_Callback  receiver.o
    0x0800adc8   0x0800adc8   0x0000004c   Code   RO         1406    i.IRReceiver_Init   receiver.o
    0x0800ae14   0x0800ae14   0x00000194   Code   RO          658    i.IoT_Parameter_Init  mqtt.o
    0x0800afa8   0x0800afa8   0x00000128   Code   RO         1102    i.IotTask           iot.o
    0x0800b0d0   0x0800b0d0   0x00000050   Code   RO          525    i.LED_Init          led.o
    0x0800b120   0x0800b120   0x000000d6   Code   RO         6817    i.LinearClearScreen  oled.o
    0x0800b1f6   0x0800b1f6   0x00000060   Code   RO          553    i.M24C02_ReadSequential  24c02.o
    0x0800b256   0x0800b256   0x00000036   Code   RO          554    i.M24C02_WriteOneByte  24c02.o
    0x0800b28c   0x0800b28c   0x00000210   Code   RO          659    i.MQTT_ConectPack   mqtt.o
    0x0800b49c   0x0800b49c   0x00000084   Code   RO          661    i.MQTT_DealPushdata_Qs0  mqtt.o
    0x0800b520   0x0800b520   0x0000001c   Code   RO          662    i.MQTT_PingREQ      mqtt.o
    0x0800b53c   0x0800b53c   0x000000c0   Code   RO          663    i.MQTT_PublishQs0   mqtt.o
    0x0800b5fc   0x0800b5fc   0x00000100   Code   RO          664    i.MQTT_PublishQs1   mqtt.o
    0x0800b6fc   0x0800b6fc   0x00000144   Code   RO          665    i.MQTT_Subscribe    mqtt.o
    0x0800b840   0x0800b840   0x00000038   Code   RO         1516    i.MSG_Init          message.o
    0x0800b878   0x0800b878   0x00000012   Code   RO         6960    i.Menu_Init         menu.o
    0x0800b88a   0x0800b88a   0x0000001e   Code   RO         6963    i.Menu_SetFather    menu.o
    0x0800b8a8   0x0800b8a8   0x000001c4   Code   RO         6889    i.Menu_ShowCursor   gui.o
    0x0800ba6c   0x0800ba6c   0x00000002   Code   RO          320    i.NMI_Handler       stm32f1xx_it.o
    0x0800ba6e   0x0800ba6e   0x00000044   Code   RO         6818    i.PrintStr_CharByChar  oled.o
    0x0800bab2   0x0800bab2   0x000000d4   Code   RO         1461    i.RBG_GetColoerData  rgb_led.o
    0x0800bb86   0x0800bb86   0x0000002a   Code   RO         1462    i.RBG_SetColoerData  rgb_led.o
    0x0800bbb0   0x0800bbb0   0x00000054   Code   RO         1463    i.RGB_Close         rgb_led.o
    0x0800bc04   0x0800bc04   0x00000044   Code   RO         1464    i.RGB_Init          rgb_led.o
    0x0800bc48   0x0800bc48   0x000000a8   Code   RO         1465    i.RGB_SetData       rgb_led.o
    0x0800bcf0   0x0800bcf0   0x000000ac   Code   RO         1466    i.RGB_SetRGB        rgb_led.o
    0x0800bd9c   0x0800bd9c   0x00000012   Code   RO         4609    i.RTC_Bcd2ToByte    stm32f1xx_hal_rtc.o
    0x0800bdae   0x0800bdae   0x00000016   Code   RO         4610    i.RTC_ByteToBcd2    stm32f1xx_hal_rtc.o
    0x0800bdc4   0x0800bdc4   0x000000ae   Code   RO         4611    i.RTC_DateUpdate    stm32f1xx_hal_rtc.o
    0x0800be72   0x0800be72   0x00000034   Code   RO         4612    i.RTC_EnterInitMode  stm32f1xx_hal_rtc.o
    0x0800bea6   0x0800bea6   0x00000002   PAD
    0x0800bea8   0x0800bea8   0x00000036   Code   RO         4613    i.RTC_ExitInitMode  stm32f1xx_hal_rtc.o
    0x0800bede   0x0800bede   0x00000002   PAD
    0x0800bee0   0x0800bee0   0x0000006c   Code   RO         1158    i.RTC_Init          rtc.o
    0x0800bf4c   0x0800bf4c   0x0000000e   Code   RO         4614    i.RTC_ReadAlarmCounter  stm32f1xx_hal_rtc.o
    0x0800bf5a   0x0800bf5a   0x00000020   Code   RO         4615    i.RTC_ReadTimeCounter  stm32f1xx_hal_rtc.o
    0x0800bf7a   0x0800bf7a   0x00000056   Code   RO         4616    i.RTC_WeekDayNum    stm32f1xx_hal_rtc.o
    0x0800bfd0   0x0800bfd0   0x00000028   Code   RO         4617    i.RTC_WriteAlarmCounter  stm32f1xx_hal_rtc.o
    0x0800bff8   0x0800bff8   0x00000028   Code   RO         4618    i.RTC_WriteTimeCounter  stm32f1xx_hal_rtc.o
    0x0800c020   0x0800c020   0x00000074   Code   RO         1127    i.RccClock_HSE_Init  rcc.o
    0x0800c094   0x0800c094   0x0000004c   Code   RO          798    i.Read_BH1750       bh1750.o
    0x0800c0e0   0x0800c0e0   0x00000084   Code   RO            5    i.ReceiverTask      main.o
    0x0800c164   0x0800c164   0x00000050   Code   RO          835    i.SPI1_Init         spi.o
    0x0800c1b4   0x0800c1b4   0x00000020   Code   RO          836    i.SPI1_ReadWriteByte  spi.o
    0x0800c1d4   0x0800c1d4   0x00000020   Code   RO         3561    i.SPI_EndRxTxTransaction  stm32f1xx_hal_spi.o
    0x0800c1f4   0x0800c1f4   0x00000094   Code   RO         3569    i.SPI_WaitFlagStateUntilTimeout  stm32f1xx_hal_spi.o
    0x0800c288   0x0800c288   0x00000160   Code   RO         1159    i.Set_Date          rtc.o
    0x0800c3e8   0x0800c3e8   0x000000ac   Code   RO         7247    i.Set_Time          subhead_3.o
    0x0800c494   0x0800c494   0x00000108   Code   RO         7448    i.Set_Wifi          subhead_1-2.o
    0x0800c59c   0x0800c59c   0x000002b8   Code   RO         7194    i.ShowMatrix        subhead_2.o
    0x0800c854   0x0800c854   0x0000000c   Code   RO         7195    i.ShowMatrixTask    subhead_2.o
    0x0800c860   0x0800c860   0x00000080   Code   RO         6890    i.ShowTimeTask      gui.o
    0x0800c8e0   0x0800c8e0   0x0000004c   Code   RO         7490    i.SmartconfigTask   subhead_1-3.o
    0x0800c92c   0x0800c92c   0x00000012   Code   RO          799    i.Start_BH1750      bh1750.o
    0x0800c93e   0x0800c93e   0x00000002   PAD
    0x0800c940   0x0800c940   0x0000002c   Code   RO         7404    i.Subhead_1_1_Funsion  subhead_1-1.o
    0x0800c96c   0x0800c96c   0x00000024   Code   RO         7405    i.Subhead_1_1_Init  subhead_1-1.o
    0x0800c990   0x0800c990   0x00000010   Code   RO         7449    i.Subhead_1_2_Funsion  subhead_1-2.o
    0x0800c9a0   0x0800c9a0   0x00000024   Code   RO         7450    i.Subhead_1_2_Init  subhead_1-2.o
    0x0800c9c4   0x0800c9c4   0x00000030   Code   RO         7491    i.Subhead_1_3_Funsion  subhead_1-3.o
    0x0800c9f4   0x0800c9f4   0x00000024   Code   RO         7492    i.Subhead_1_3_Init  subhead_1-3.o
    0x0800ca18   0x0800ca18   0x00000010   Code   RO         7139    i.Subhead_1_Funsion  subhead_1.o
    0x0800ca28   0x0800ca28   0x00000054   Code   RO         7140    i.Subhead_1_Init    subhead_1.o
    0x0800ca7c   0x0800ca7c   0x00000024   Code   RO         7196    i.Subhead_2_Funsion  subhead_2.o
    0x0800caa0   0x0800caa0   0x00000024   Code   RO         7197    i.Subhead_2_Init    subhead_2.o
    0x0800cac4   0x0800cac4   0x0000000c   Code   RO         7249    i.Subhead_3_Funsion  subhead_3.o
    0x0800cad0   0x0800cad0   0x00000024   Code   RO         7250    i.Subhead_3_Init    subhead_3.o
    0x0800caf4   0x0800caf4   0x0000000c   Code   RO         7533    i.Subhead_4_1_Funsion  subhead_4-1.o
    0x0800cb00   0x0800cb00   0x00000024   Code   RO         7534    i.Subhead_4_1_Init  subhead_4-1.o
    0x0800cb24   0x0800cb24   0x0000000c   Code   RO         7575    i.Subhead_4_2_Funsion  subhead_4-2.o
    0x0800cb30   0x0800cb30   0x00000024   Code   RO         7576    i.Subhead_4_2_Init  subhead_4-2.o
    0x0800cb54   0x0800cb54   0x00000010   Code   RO         7305    i.Subhead_4_Funsion  subhead_4.o
    0x0800cb64   0x0800cb64   0x00000044   Code   RO         7306    i.Subhead_4_Init    subhead_4.o
    0x0800cba8   0x0800cba8   0x0000000c   Code   RO         7358    i.Subhead_5_Funsion  subhead_5.o
    0x0800cbb4   0x0800cbb4   0x00000024   Code   RO         7359    i.Subhead_5_Init    subhead_5.o
    0x0800cbd8   0x0800cbd8   0x0000002c   Code   RO         5666    i.SysTick_Handler   port.o
    0x0800cc04   0x0800cc04   0x0000004c   Code   RO         4937    i.SystemInit        system_stm32f1xx.o
    0x0800cc50   0x0800cc50   0x00000038   Code   RO          756    i.TIM1_Init         timer.o
    0x0800cc88   0x0800cc88   0x0000013c   Code   RO          321    i.TIM1_UP_IRQHandler  stm32f1xx_it.o
    0x0800cdc4   0x0800cdc4   0x0000000c   Code   RO          322    i.TIM2_IRQHandler   stm32f1xx_it.o
    0x0800cdd0   0x0800cdd0   0x0000000c   Code   RO          323    i.TIM3_IRQHandler   stm32f1xx_it.o
    0x0800cddc   0x0800cddc   0x00000050   Code   RO         1267    i.TIM3_Init         encoder.o
    0x0800ce2c   0x0800ce2c   0x0000000c   Code   RO          324    i.TIM4_IRQHandler   stm32f1xx_it.o
    0x0800ce38   0x0800ce38   0x0000006c   Code   RO         1340    i.TIM4_Init         key.o
    0x0800cea4   0x0800cea4   0x0000006c   Code   RO         2632    i.TIM_Base_SetConfig  stm32f1xx_hal_tim.o
    0x0800cf10   0x0800cf10   0x0000001a   Code   RO         2633    i.TIM_CCxChannelCmd  stm32f1xx_hal_tim.o
    0x0800cf2a   0x0800cf2a   0x00000002   PAD
    0x0800cf2c   0x0800cf2c   0x00000058   Code   RO         2651    i.TIM_TI1_SetConfig  stm32f1xx_hal_tim.o
    0x0800cf84   0x0800cf84   0x00000036   Code   RO         2653    i.TIM_TI2_SetConfig  stm32f1xx_hal_tim.o
    0x0800cfba   0x0800cfba   0x00000002   PAD
    0x0800cfbc   0x0800cfbc   0x00000184   Code   RO         6819    i.Time_animation    oled.o
    0x0800d140   0x0800d140   0x0000006c   Code   RO          667    i.TxDataBuf_Deal    mqtt.o
    0x0800d1ac   0x0800d1ac   0x00000028   Code   RO          460    i.U1_Init           usart.o
    0x0800d1d4   0x0800d1d4   0x00000a18   Code   RO          950    i.U2PassiveEvent    wifi.o
    0x0800dbec   0x0800dbec   0x00000070   Code   RO          461    i.U2Rx_Buff_Init    usart.o
    0x0800dc5c   0x0800dc5c   0x00000040   Code   RO          462    i.U2_Init           usart.o
    0x0800dc9c   0x0800dc9c   0x0000004a   Code   RO         2250    i.UART_DMAError     stm32f1xx_hal_uart.o
    0x0800dce6   0x0800dce6   0x0000003c   Code   RO         2251    i.UART_DMAReceiveCplt  stm32f1xx_hal_uart.o
    0x0800dd22   0x0800dd22   0x0000000a   Code   RO         2253    i.UART_DMARxHalfCplt  stm32f1xx_hal_uart.o
    0x0800dd2c   0x0800dd2c   0x0000001c   Code   RO         2259    i.UART_EndRxTransfer  stm32f1xx_hal_uart.o
    0x0800dd48   0x0800dd48   0x00000012   Code   RO         2260    i.UART_EndTxTransfer  stm32f1xx_hal_uart.o
    0x0800dd5a   0x0800dd5a   0x00000002   PAD
    0x0800dd5c   0x0800dd5c   0x000000b8   Code   RO         2262    i.UART_SetConfig    stm32f1xx_hal_uart.o
    0x0800de14   0x0800de14   0x00000098   Code   RO          325    i.USART2_IRQHandler  stm32f1xx_it.o
    0x0800deac   0x0800deac   0x00000080   Code   RO         1302    i.UV_Index          s12sd.o
    0x0800df2c   0x0800df2c   0x00000060   Code   RO          877    i.W25Qxx_Erase_Block  w25qxx.o
    0x0800df8c   0x0800df8c   0x00000068   Code   RO          879    i.W25Qxx_Init       w25qxx.o
    0x0800dff4   0x0800dff4   0x0000006c   Code   RO          881    i.W25Qxx_ReadID     w25qxx.o
    0x0800e060   0x0800e060   0x00000040   Code   RO          882    i.W25Qxx_Wait_Busy  w25qxx.o
    0x0800e0a0   0x0800e0a0   0x0000003c   Code   RO          883    i.W25Qxx_Write_Enable  w25qxx.o
    0x0800e0dc   0x0800e0dc   0x00000070   Code   RO          884    i.W25Qxx_Write_Page  w25qxx.o
    0x0800e14c   0x0800e14c   0x00000304   Code   RO          951    i.WiFi_Connect_IoTServer  wifi.o
    0x0800e450   0x0800e450   0x0000012c   Code   RO          952    i.WiFi_Connect_Server  wifi.o
    0x0800e57c   0x0800e57c   0x00000090   Code   RO          953    i.WiFi_JoinAP       wifi.o
    0x0800e60c   0x0800e60c   0x000000a0   Code   RO          954    i.WiFi_OTADownload  wifi.o
    0x0800e6ac   0x0800e6ac   0x0000005c   Code   RO          955    i.WiFi_PropertyPost  wifi.o
    0x0800e708   0x0800e708   0x00000088   Code   RO          956    i.WiFi_PropertyVersion  wifi.o
    0x0800e790   0x0800e790   0x00000040   Code   RO          957    i.WiFi_ResetIO_Init  wifi.o
    0x0800e7d0   0x0800e7d0   0x0000005c   Code   RO          958    i.WiFi_SendCmd      wifi.o
    0x0800e82c   0x0800e82c   0x000001e8   Code   RO          959    i.WiFi_Smartconfig  wifi.o
    0x0800ea14   0x0800ea14   0x00000054   Code   RO          960    i.WiFi_WaitAP       wifi.o
    0x0800ea68   0x0800ea68   0x00000054   Code   RO          961    i.WiFi_WaitPassword  wifi.o
    0x0800eabc   0x0800eabc   0x00000054   Code   RO          800    i.Write_BH1750      bh1750.o
    0x0800eb10   0x0800eb10   0x00000028   Code   RO        12628    i.__0sprintf        mc_w.l(printfa.o)
    0x0800eb38   0x0800eb38   0x00000024   Code   RO        12632    i.__0vsprintf       mc_w.l(printfa.o)
    0x0800eb5c   0x0800eb5c   0x00000020   Code   RO         1996    i.__NVIC_SetPriority  stm32f1xx_hal_cortex.o
    0x0800eb7c   0x0800eb7c   0x00000024   Code   RO          962    i.__NVIC_SystemReset  wifi.o
    0x0800eba0   0x0800eba0   0x00000024   Code   RO         1128    i.__NVIC_SystemReset  rcc.o
    0x0800ebc4   0x0800ebc4   0x0000000e   Code   RO        12739    i.__scatterload_copy  mc_w.l(handlers.o)
    0x0800ebd2   0x0800ebd2   0x00000002   Code   RO        12740    i.__scatterload_null  mc_w.l(handlers.o)
    0x0800ebd4   0x0800ebd4   0x0000000e   Code   RO        12741    i.__scatterload_zeroinit  mc_w.l(handlers.o)
    0x0800ebe2   0x0800ebe2   0x00000002   PAD
    0x0800ebe4   0x0800ebe4   0x00000184   Code   RO        12633    i._fp_digits        mc_w.l(printfa.o)
    0x0800ed68   0x0800ed68   0x000006dc   Code   RO        12634    i._printf_core      mc_w.l(printfa.o)
    0x0800f444   0x0800f444   0x00000024   Code   RO        12635    i._printf_post_padding  mc_w.l(printfa.o)
    0x0800f468   0x0800f468   0x0000002e   Code   RO        12636    i._printf_pre_padding  mc_w.l(printfa.o)
    0x0800f496   0x0800f496   0x0000000a   Code   RO        12638    i._sputc            mc_w.l(printfa.o)
    0x0800f4a0   0x0800f4a0   0x0000002c   Code   RO         1160    i.getDaysInMonth    rtc.o
    0x0800f4cc   0x0800f4cc   0x00000026   Code   RO         1161    i.isLeapYear        rtc.o
    0x0800f4f2   0x0800f4f2   0x00000002   PAD
    0x0800f4f4   0x0800f4f4   0x00000160   Code   RO            6    i.main              main.o
    0x0800f654   0x0800f654   0x0000002a   Code   RO          668    i.powdata           mqtt.o
    0x0800f67e   0x0800f67e   0x00000002   PAD
    0x0800f680   0x0800f680   0x0000005c   Code   RO         6271    i.prvAddCurrentTaskToDelayedList  tasks.o
    0x0800f6dc   0x0800f6dc   0x000000d0   Code   RO         6272    i.prvAddNewTaskToReadyList  tasks.o
    0x0800f7ac   0x0800f7ac   0x00000058   Code   RO         6631    i.prvCheckForValidListAndQueue  timers.o
    0x0800f804   0x0800f804   0x00000026   Code   RO         5889    i.prvCopyDataFromQueue  queue.o
    0x0800f82a   0x0800f82a   0x0000006c   Code   RO         5890    i.prvCopyDataToQueue  queue.o
    0x0800f896   0x0800f896   0x00000034   Code   RO         6273    i.prvDeleteTCB      tasks.o
    0x0800f8ca   0x0800f8ca   0x00000002   PAD
    0x0800f8cc   0x0800f8cc   0x0000004c   Code   RO         5595    i.prvHeapInit       heap_4.o
    0x0800f918   0x0800f918   0x00000060   Code   RO         6274    i.prvIdleTask       tasks.o
    0x0800f978   0x0800f978   0x00000022   Code   RO         5892    i.prvInitialiseNewQueue  queue.o
    0x0800f99a   0x0800f99a   0x0000009c   Code   RO         6275    i.prvInitialiseNewTask  tasks.o
    0x0800fa36   0x0800fa36   0x00000002   PAD
    0x0800fa38   0x0800fa38   0x0000004c   Code   RO         5596    i.prvInsertBlockIntoFreeList  heap_4.o
    0x0800fa84   0x0800fa84   0x00000038   Code   RO         6633    i.prvInsertTimerInActiveList  timers.o
    0x0800fabc   0x0800fabc   0x0000001c   Code   RO         5893    i.prvIsQueueEmpty   queue.o
    0x0800fad8   0x0800fad8   0x000000cc   Code   RO         6634    i.prvProcessReceivedCommands  timers.o
    0x0800fba4   0x0800fba4   0x000000b4   Code   RO         6635    i.prvProcessTimerOrBlockTask  timers.o
    0x0800fc58   0x0800fc58   0x00000020   Code   RO         6277    i.prvResetNextTaskUnblockTime  tasks.o
    0x0800fc78   0x0800fc78   0x00000028   Code   RO         6636    i.prvSampleTimeNow  timers.o
    0x0800fca0   0x0800fca0   0x0000006c   Code   RO         6637    i.prvSwitchTimerLists  timers.o
    0x0800fd0c   0x0800fd0c   0x00000028   Code   RO         5667    i.prvTaskExitError  port.o
    0x0800fd34   0x0800fd34   0x00000034   Code   RO         6279    i.prvTaskIsTaskSuspended  tasks.o
    0x0800fd68   0x0800fd68   0x00000024   Code   RO         6638    i.prvTimerTask      timers.o
    0x0800fd8c   0x0800fd8c   0x0000006a   Code   RO         5894    i.prvUnlockQueue    queue.o
    0x0800fdf6   0x0800fdf6   0x00000002   PAD
    0x0800fdf8   0x0800fdf8   0x000000d8   Code   RO         5597    i.pvPortMalloc      heap_4.o
    0x0800fed0   0x0800fed0   0x00000024   Code   RO         5668    i.pxPortInitialiseStack  port.o
    0x0800fef4   0x0800fef4   0x00000058   Code   RO         1303    i.s12sd_Read_Data   s12sd.o
    0x0800ff4c   0x0800ff4c   0x00000044   Code   RO          419    i.system_get_ns     delay.o
    0x0800ff90   0x0800ff90   0x00000058   Code   RO          463    i.u1_printf         usart.o
    0x0800ffe8   0x0800ffe8   0x00000034   Code   RO          464    i.u2_TxData         usart.o
    0x0801001c   0x0801001c   0x00000058   Code   RO          465    i.u2_printf         usart.o
    0x08010074   0x08010074   0x00000012   Code   RO         8387    i.u8g2_ClearBuffer  u8g2_buffer.o
    0x08010086   0x08010086   0x0000001e   Code   RO         8551    i.u8g2_ClearDisplay  u8g2_cleardisplay.o
    0x080100a4   0x080100a4   0x00000044   Code   RO         8357    i.u8g2_DrawBox      u8g2_box.o
    0x080100e8   0x080100e8   0x00000040   Code   RO         8481    i.u8g2_DrawCircle   u8g2_circle.o
    0x08010128   0x08010128   0x00000040   Code   RO         8482    i.u8g2_DrawDisc     u8g2_circle.o
    0x08010168   0x08010168   0x00000070   Code   RO         8590    i.u8g2_DrawGlyph    u8g2_font.o
    0x080101d8   0x080101d8   0x0000000c   Code   RO        10897    i.u8g2_DrawHLine    u8g2_hvline.o
    0x080101e4   0x080101e4   0x000000ac   Code   RO        10898    i.u8g2_DrawHVLine   u8g2_hvline.o
    0x08010290   0x08010290   0x000000ac   Code   RO         8311    i.u8g2_DrawHXBMP    u8g2_bitmap.o
    0x0801033c   0x0801033c   0x0000002e   Code   RO        10899    i.u8g2_DrawPixel    u8g2_hvline.o
    0x0801036a   0x0801036a   0x000000e6   Code   RO         8359    i.u8g2_DrawRBox     u8g2_box.o
    0x08010450   0x08010450   0x00000102   Code   RO         8360    i.u8g2_DrawRFrame   u8g2_box.o
    0x08010552   0x08010552   0x00000002   PAD
    0x08010554   0x08010554   0x00000010   Code   RO         8592    i.u8g2_DrawStr      u8g2_font.o
    0x08010564   0x08010564   0x0000000c   Code   RO        10900    i.u8g2_DrawVLine    u8g2_hvline.o
    0x08010570   0x08010570   0x0000004c   Code   RO         8314    i.u8g2_DrawXBMP     u8g2_bitmap.o
    0x080105bc   0x080105bc   0x0000001c   Code   RO         8388    i.u8g2_FirstPage    u8g2_buffer.o
    0x080105d8   0x080105d8   0x0000003e   Code   RO         8602    i.u8g2_GetGlyphWidth  u8g2_font.o
    0x08010616   0x08010616   0x00000002   PAD
    0x08010618   0x08010618   0x0000000c   Code   RO         8603    i.u8g2_GetStrWidth  u8g2_font.o
    0x08010624   0x08010624   0x00000034   Code   RO         6820    i.u8g2_Init         oled.o
    0x08010658   0x08010658   0x00000030   Code   RO        10959    i.u8g2_IsIntersection  u8g2_intersection.o
    0x08010688   0x08010688   0x0000003e   Code   RO         8389    i.u8g2_NextPage     u8g2_buffer.o
    0x080106c6   0x080106c6   0x00000012   Code   RO         8390    i.u8g2_SendBuffer   u8g2_buffer.o
    0x080106d8   0x080106d8   0x0000001c   Code   RO         8391    i.u8g2_SetBufferCurrTileRow  u8g2_buffer.o
    0x080106f4   0x080106f4   0x00000010   Code   RO        10901    i.u8g2_SetDrawColor  u8g2_hvline.o
    0x08010704   0x08010704   0x00000020   Code   RO         8610    i.u8g2_SetFont      u8g2_font.o
    0x08010724   0x08010724   0x0000000c   Code   RO         8613    i.u8g2_SetFontPosBaseline  u8g2_font.o
    0x08010730   0x08010730   0x0000000c   Code   RO         8616    i.u8g2_SetFontPosTop  u8g2_font.o
    0x0801073c   0x0801073c   0x0000001c   Code   RO        11147    i.u8g2_SetMaxClipWindow  u8g2_setup.o
    0x08010758   0x08010758   0x00000046   Code   RO        11148    i.u8g2_SetupBuffer  u8g2_setup.o
    0x0801079e   0x0801079e   0x00000002   PAD
    0x080107a0   0x080107a0   0x00000038   Code   RO         8576    i.u8g2_Setup_ssd1306_i2c_128x64_noname_f  u8g2_d_setup.o
    0x080107d8   0x080107d8   0x00000052   Code   RO         8620    i.u8g2_UpdateRefHeight  u8g2_font.o
    0x0801082a   0x0801082a   0x0000001c   Code   RO         8621    i.u8g2_add_vector_x  u8g2_font.o
    0x08010846   0x08010846   0x0000001c   Code   RO         8622    i.u8g2_add_vector_y  u8g2_font.o
    0x08010862   0x08010862   0x0000006e   Code   RO        11150    i.u8g2_apply_clip_window  u8g2_setup.o
    0x080108d0   0x080108d0   0x0000003c   Code   RO        10902    i.u8g2_clip_intersection2  u8g2_hvline.o
    0x0801090c   0x0801090c   0x0000006a   Code   RO         8485    i.u8g2_draw_circle  u8g2_circle.o
    0x08010976   0x08010976   0x000000ba   Code   RO         8486    i.u8g2_draw_circle_section  u8g2_circle.o
    0x08010a30   0x08010a30   0x0000006a   Code   RO         8487    i.u8g2_draw_disc    u8g2_circle.o
    0x08010a9a   0x08010a9a   0x000000cc   Code   RO         8488    i.u8g2_draw_disc_section  u8g2_circle.o
    0x08010b66   0x08010b66   0x00000012   Code   RO        10903    i.u8g2_draw_hv_line_2dir  u8g2_hvline.o
    0x08010b78   0x08010b78   0x0000000c   Code   RO        11152    i.u8g2_draw_l90_r0  u8g2_setup.o
    0x08010b84   0x08010b84   0x00000076   Code   RO         8623    i.u8g2_draw_string  u8g2_font.o
    0x08010bfa   0x08010bfa   0x00000004   Code   RO         8629    i.u8g2_font_calc_vref_font  u8g2_font.o
    0x08010bfe   0x08010bfe   0x0000000a   Code   RO         8630    i.u8g2_font_calc_vref_top  u8g2_font.o
    0x08010c08   0x08010c08   0x00000014   Code   RO         8631    i.u8g2_font_decode_get_signed_bits  u8g2_font.o
    0x08010c1c   0x08010c1c   0x00000034   Code   RO         8632    i.u8g2_font_decode_get_unsigned_bits  u8g2_font.o
    0x08010c50   0x08010c50   0x00000114   Code   RO         8633    i.u8g2_font_decode_glyph  u8g2_font.o
    0x08010d64   0x08010d64   0x0000008c   Code   RO         8634    i.u8g2_font_decode_len  u8g2_font.o
    0x08010df0   0x08010df0   0x00000072   Code   RO         8635    i.u8g2_font_get_glyph_data  u8g2_font.o
    0x08010e62   0x08010e62   0x00000014   Code   RO         8636    i.u8g2_font_get_word  u8g2_font.o
    0x08010e76   0x08010e76   0x00000034   Code   RO         8637    i.u8g2_font_setup_decode  u8g2_font.o
    0x08010eaa   0x08010eaa   0x00000032   Code   RO         6821    i.u8g2_gpio_and_delay_stm32  oled.o
    0x08010edc   0x08010edc   0x00000018   Code   RO        10960    i.u8g2_is_intersection_decision_tree  u8g2_intersection.o
    0x08010ef4   0x08010ef4   0x00000090   Code   RO        11008    i.u8g2_ll_hvline_vertical_top_lsb  u8g2_ll_hvline.o
    0x08010f84   0x08010f84   0x0000000c   Code   RO         8563    i.u8g2_m_16_8_f     u8g2_d_memory.o
    0x08010f90   0x08010f90   0x0000006a   Code   RO         8638    i.u8g2_read_font_info  u8g2_font.o
    0x08010ffa   0x08010ffa   0x0000004e   Code   RO         8398    i.u8g2_send_buffer  u8g2_buffer.o
    0x08011048   0x08011048   0x00000074   Code   RO         8639    i.u8g2_string_width  u8g2_font.o
    0x080110bc   0x080110bc   0x00000046   Code   RO        11157    i.u8g2_update_dimension_common  u8g2_setup.o
    0x08011102   0x08011102   0x00000004   Code   RO        11158    i.u8g2_update_dimension_r0  u8g2_setup.o
    0x08011106   0x08011106   0x00000022   Code   RO        11162    i.u8g2_update_page_win_r0  u8g2_setup.o
    0x08011128   0x08011128   0x0000001e   Code   RO        11949    i.u8x8_DrawTile     u8x8_display.o
    0x08011146   0x08011146   0x00000010   Code   RO        11951    i.u8x8_InitDisplay  u8x8_display.o
    0x08011156   0x08011156   0x00000010   Code   RO        11953    i.u8x8_RefreshDisplay  u8x8_display.o
    0x08011166   0x08011166   0x00000010   Code   RO        11956    i.u8x8_SetPowerSave  u8x8_display.o
    0x08011176   0x08011176   0x00000022   Code   RO        12255    i.u8x8_Setup        u8x8_setup.o
    0x08011198   0x08011198   0x00000024   Code   RO        12256    i.u8x8_SetupDefaults  u8x8_setup.o
    0x080111bc   0x080111bc   0x00000010   Code   RO        11957    i.u8x8_SetupMemory  u8x8_display.o
    0x080111cc   0x080111cc   0x0000000e   Code   RO        11436    i.u8x8_ascii_next   u8x8_8x8.o
    0x080111da   0x080111da   0x00000010   Code   RO        11565    i.u8x8_byte_EndTransfer  u8x8_byte.o
    0x080111ea   0x080111ea   0x0000000e   Code   RO        11566    i.u8x8_byte_SendByte  u8x8_byte.o
    0x080111f8   0x080111f8   0x00000010   Code   RO        11569    i.u8x8_byte_StartTransfer  u8x8_byte.o
    0x08011208   0x08011208   0x00000078   Code   RO        11571    i.u8x8_byte_hw_i2c  u8x8_byte.o
    0x08011280   0x08011280   0x00000010   Code   RO        11701    i.u8x8_cad_EndTransfer  u8x8_cad.o
    0x08011290   0x08011290   0x00000010   Code   RO        11702    i.u8x8_cad_SendArg  u8x8_cad.o
    0x080112a0   0x080112a0   0x00000010   Code   RO        11703    i.u8x8_cad_SendCmd  u8x8_cad.o
    0x080112b0   0x080112b0   0x00000010   Code   RO        11704    i.u8x8_cad_SendData  u8x8_cad.o
    0x080112c0   0x080112c0   0x00000068   Code   RO        11706    i.u8x8_cad_SendSequence  u8x8_cad.o
    0x08011328   0x08011328   0x00000010   Code   RO        11707    i.u8x8_cad_StartTransfer  u8x8_cad.o
    0x08011338   0x08011338   0x000000bc   Code   RO        11710    i.u8x8_cad_ssd13xx_fast_i2c  u8x8_cad.o
    0x080113f4   0x080113f4   0x00000060   Code   RO        11958    i.u8x8_d_helper_display_init  u8x8_display.o
    0x08011454   0x08011454   0x0000000a   Code   RO        11959    i.u8x8_d_helper_display_setup_memory  u8x8_display.o
    0x0801145e   0x0801145e   0x00000002   PAD
    0x08011460   0x08011460   0x0000003c   Code   RO        11883    i.u8x8_d_ssd1306_128x64_noname  u8x8_d_ssd1306_128x64_noname.o
    0x0801149c   0x0801149c   0x000000c8   Code   RO        11885    i.u8x8_d_ssd1306_sh1106_generic  u8x8_d_ssd1306_128x64_noname.o
    0x08011564   0x08011564   0x00000004   Code   RO        12258    i.u8x8_dummy_cb     u8x8_setup.o
    0x08011568   0x08011568   0x0000000c   Code   RO        12177    i.u8x8_gpio_call    u8x8_gpio.o
    0x08011574   0x08011574   0x0000002c   Code   RO        11718    i.u8x8_i2c_data_transfer  u8x8_cad.o
    0x080115a0   0x080115a0   0x00000018   Code   RO        12323    i.u8x8_u8toa        u8x8_u8toa.o
    0x080115b8   0x080115b8   0x0000002c   Code   RO        12324    i.u8x8_u8toap       u8x8_u8toa.o
    0x080115e4   0x080115e4   0x00000008   Code   RO        11444    i.u8x8_utf8_init    u8x8_8x8.o
    0x080115ec   0x080115ec   0x00000012   Code   RO         5022    i.utils_hb2hex      utils_md5.o
    0x080115fe   0x080115fe   0x000000d6   Code   RO         4980    i.utils_hmac_sha1   utils_hmac.o
    0x080116d4   0x080116d4   0x000000d8   Code   RO         5084    i.utils_sha1_finish  utils_sha1.o
    0x080117ac   0x080117ac   0x00000006   Code   RO         5086    i.utils_sha1_init   utils_sha1.o
    0x080117b2   0x080117b2   0x00000002   PAD
    0x080117b4   0x080117b4   0x0000123e   Code   RO         5087    i.utils_sha1_process  utils_sha1.o
    0x080129f2   0x080129f2   0x00000002   PAD
    0x080129f4   0x080129f4   0x0000002c   Code   RO         5088    i.utils_sha1_starts  utils_sha1.o
    0x08012a20   0x08012a20   0x00000070   Code   RO         5089    i.utils_sha1_update  utils_sha1.o
    0x08012a90   0x08012a90   0x00000026   Code   RO         5849    i.uxListRemove      list.o
    0x08012ab6   0x08012ab6   0x00000002   PAD
    0x08012ab8   0x08012ab8   0x00000014   Code   RO         5203    i.vApplicationGetIdleTaskMemory  cmsis_os2.o
    0x08012acc   0x08012acc   0x00000018   Code   RO         5204    i.vApplicationGetTimerTaskMemory  cmsis_os2.o
    0x08012ae4   0x08012ae4   0x00000018   Code   RO            8    i.vApplicationStackOverflowHook  main.o
    0x08012afc   0x08012afc   0x00000016   Code   RO         5850    i.vListInitialise   list.o
    0x08012b12   0x08012b12   0x00000006   Code   RO         5851    i.vListInitialiseItem  list.o
    0x08012b18   0x08012b18   0x00000030   Code   RO         5852    i.vListInsert       list.o
    0x08012b48   0x08012b48   0x00000018   Code   RO         5853    i.vListInsertEnd    list.o
    0x08012b60   0x08012b60   0x00000040   Code   RO         5670    i.vPortEnterCritical  port.o
    0x08012ba0   0x08012ba0   0x00000028   Code   RO         5671    i.vPortExitCritical  port.o
    0x08012bc8   0x08012bc8   0x0000005c   Code   RO         5598    i.vPortFree         heap_4.o
    0x08012c24   0x08012c24   0x00000024   Code   RO         5672    i.vPortSetupTimerInterrupt  port.o
    0x08012c48   0x08012c48   0x00000054   Code   RO         5673    i.vPortValidateInterruptPriority  port.o
    0x08012c9c   0x08012c9c   0x00000028   Code   RO         5900    i.vQueueAddToRegistry  queue.o
    0x08012cc4   0x08012cc4   0x00000044   Code   RO         5904    i.vQueueWaitForMessageRestricted  queue.o
    0x08012d08   0x08012d08   0x0000004c   Code   RO         6289    i.vTaskDelay        tasks.o
    0x08012d54   0x08012d54   0x00000090   Code   RO         6291    i.vTaskDelete       tasks.o
    0x08012de4   0x08012de4   0x00000010   Code   RO         6294    i.vTaskInternalSetTimeOutState  tasks.o
    0x08012df4   0x08012df4   0x0000000c   Code   RO         6296    i.vTaskMissedYield  tasks.o
    0x08012e00   0x08012e00   0x00000030   Code   RO         6298    i.vTaskPlaceOnEventList  tasks.o
    0x08012e30   0x08012e30   0x00000038   Code   RO         6299    i.vTaskPlaceOnEventListRestricted  tasks.o
    0x08012e68   0x08012e68   0x0000007c   Code   RO         6304    i.vTaskResume       tasks.o
    0x08012ee4   0x08012ee4   0x00000088   Code   RO         6307    i.vTaskStartScheduler  tasks.o
    0x08012f6c   0x08012f6c   0x0000009c   Code   RO         6308    i.vTaskSuspend      tasks.o
    0x08013008   0x08013008   0x00000010   Code   RO         6309    i.vTaskSuspendAll   tasks.o
    0x08013018   0x08013018   0x0000008c   Code   RO         6310    i.vTaskSwitchContext  tasks.o
    0x080130a4   0x080130a4   0x000000a8   Code   RO         5674    i.xPortStartScheduler  port.o
    0x0801314c   0x0801314c   0x00000048   Code   RO         5909    i.xQueueGenericCreate  queue.o
    0x08013194   0x08013194   0x00000066   Code   RO         5910    i.xQueueGenericCreateStatic  queue.o
    0x080131fa   0x080131fa   0x00000002   PAD
    0x080131fc   0x080131fc   0x00000088   Code   RO         5911    i.xQueueGenericReset  queue.o
    0x08013284   0x08013284   0x00000160   Code   RO         5912    i.xQueueGenericSend  queue.o
    0x080133e4   0x080133e4   0x000000bc   Code   RO         5913    i.xQueueGenericSendFromISR  queue.o
    0x080134a0   0x080134a0   0x00000138   Code   RO         5922    i.xQueueReceive     queue.o
    0x080135d8   0x080135d8   0x00000074   Code   RO         6311    i.xTaskCheckForTimeOut  tasks.o
    0x0801364c   0x0801364c   0x0000005a   Code   RO         6312    i.xTaskCreate       tasks.o
    0x080136a6   0x080136a6   0x00000056   Code   RO         6313    i.xTaskCreateStatic  tasks.o
    0x080136fc   0x080136fc   0x0000001c   Code   RO         6317    i.xTaskGetSchedulerState  tasks.o
    0x08013718   0x08013718   0x0000000c   Code   RO         6318    i.xTaskGetTickCount  tasks.o
    0x08013724   0x08013724   0x000000c8   Code   RO         6320    i.xTaskIncrementTick  tasks.o
    0x080137ec   0x080137ec   0x00000080   Code   RO         6323    i.xTaskPriorityDisinherit  tasks.o
    0x0801386c   0x0801386c   0x00000070   Code   RO         6325    i.xTaskRemoveFromEventList  tasks.o
    0x080138dc   0x080138dc   0x000000c4   Code   RO         6326    i.xTaskResumeAll    tasks.o
    0x080139a0   0x080139a0   0x00000060   Code   RO         6645    i.xTimerCreateTimerTask  timers.o
    0x08013a00   0x08013a00   0x00000068   Code   RO         6646    i.xTimerGenericCommand  timers.o
    0x08013a68   0x08013a68   0x00000003   Data   RO         1519    .constdata          message.o
    0x08013a6b   0x08013a6b   0x00000010   Data   RO         4938    .constdata          system_stm32f1xx.o
    0x08013a7b   0x08013a7b   0x00000008   Data   RO         4939    .constdata          system_stm32f1xx.o
    0x08013a83   0x08013a83   0x00000040   Data   RO         5090    .constdata          utils_sha1.o
    0x08013ac3   0x08013ac3   0x00000120   Data   RO         7199    .constdata          subhead_2.o
    0x08013be3   0x08013be3   0x00000001   PAD
    0x08013be4   0x08013be4   0x00000018   Data   RO         7252    .constdata          subhead_3.o
    0x08013bfc   0x08013bfc   0x00000018   Data   RO         7361    .constdata          subhead_5.o
    0x08013c14   0x08013c14   0x00000871   Data   RO         8978    .constdata          u8g2_fonts.o
    0x08014485   0x08014485   0x00000970   Data   RO         9164    .constdata          u8g2_fonts.o
    0x08014df5   0x08014df5   0x000009a1   Data   RO        10234    .constdata          u8g2_fonts.o
    0x08015796   0x08015796   0x00000f17   Data   RO        10242    .constdata          u8g2_fonts.o
    0x080166ad   0x080166ad   0x0000017e   Data   RO        10792    .constdata          u8g2_fonts.o
    0x0801682b   0x0801682b   0x00000001   PAD
    0x0801682c   0x0801682c   0x0000000c   Data   RO        11166    .constdata          u8g2_setup.o
    0x08016838   0x08016838   0x00000158   Data   RO        11887    .constdata          u8x8_d_ssd1306_128x64_noname.o
    0x08016990   0x08016990   0x00000003   Data   RO        12325    .constdata          u8x8_u8toa.o
    0x08016993   0x08016993   0x00000040   Data   RO        12735    .constdata          mc_w.l(ctype_c.o)
    0x080169d3   0x080169d3   0x00000001   PAD
    0x080169d4   0x080169d4   0x00000094   Data   RO          555    .conststring        24c02.o
    0x08016a68   0x08016a68   0x000002bb   Data   RO          963    .conststring        wifi.o
    0x08016d23   0x08016d23   0x00000001   PAD
    0x08016d24   0x08016d24   0x00000005   Data   RO         7098    .conststring        headline_1.o
    0x08016d29   0x08016d29   0x00000003   PAD
    0x08016d2c   0x08016d2c   0x00000010   Data   RO         7142    .conststring        subhead_1.o
    0x08016d3c   0x08016d3c   0x0000000d   Data   RO         7200    .conststring        subhead_2.o
    0x08016d49   0x08016d49   0x00000003   PAD
    0x08016d4c   0x08016d4c   0x00000009   Data   RO         7253    .conststring        subhead_3.o
    0x08016d55   0x08016d55   0x00000003   PAD
    0x08016d58   0x08016d58   0x0000000f   Data   RO         7308    .conststring        subhead_4.o
    0x08016d67   0x08016d67   0x00000001   PAD
    0x08016d68   0x08016d68   0x0000000c   Data   RO         7362    .conststring        subhead_5.o
    0x08016d74   0x08016d74   0x00000008   Data   RO         7407    .conststring        subhead_1-1.o
    0x08016d7c   0x08016d7c   0x0000000a   Data   RO         7452    .conststring        subhead_1-2.o
    0x08016d86   0x08016d86   0x00000002   PAD
    0x08016d88   0x08016d88   0x00000008   Data   RO         7494    .conststring        subhead_1-3.o
    0x08016d90   0x08016d90   0x00000009   Data   RO         7536    .conststring        subhead_4-1.o
    0x08016d99   0x08016d99   0x00000003   PAD
    0x08016d9c   0x08016d9c   0x00000009   Data   RO         7578    .conststring        subhead_4-2.o
    0x08016da5   0x08016da5   0x00000003   PAD
    0x08016da8   0x08016da8   0x00000020   Data   RO        12737    Region$$Table       anon$$obj.o


    Execution Region RW_IRAM1 (Exec base: 0x20000000, Load base: 0x08016dc8, Size: 0x00004a98, Max: 0x00005000, ABSOLUTE, COMPRESSED[0x00000044])

    Exec Addr    Load Addr    Size         Type   Attr      Idx    E Section Name        Object

    0x20000000   COMPRESSED   0x00000010   Data   RW           13    .data               main.o
    0x20000010   COMPRESSED   0x00000004   Data   RW           17    .data               main.o
    0x20000014   COMPRESSED   0x00000004   Data   RW           18    .data               main.o
    0x20000018   COMPRESSED   0x00000001   Data   RW          964    .data               wifi.o
    0x20000019   COMPRESSED   0x00000008   Data   RW         1163    .data               rtc.o
    0x20000021   COMPRESSED   0x00000003   PAD
    0x20000024   COMPRESSED   0x00000010   Data   RW         1304    .data               s12sd.o
    0x20000034   COMPRESSED   0x00000008   Data   RW         1344    .data               key.o
    0x2000003c   COMPRESSED   0x00000004   Data   RW         1347    .data               key.o
    0x20000040   COMPRESSED   0x00000010   Data   RW         1411    .data               receiver.o
    0x20000050   COMPRESSED   0x0000000c   Data   RW         1664    .data               stm32f1xx_hal.o
    0x2000005c   COMPRESSED   0x00000004   Data   RW         4940    .data               system_stm32f1xx.o
    0x20000060   COMPRESSED   0x00000018   Data   RW         5603    .data               heap_4.o
    0x20000078   COMPRESSED   0x0000000c   Data   RW         5675    .data               port.o
    0x20000084   COMPRESSED   0x0000003c   Data   RW         6329    .data               tasks.o
    0x200000c0   COMPRESSED   0x00000014   Data   RW         6654    .data               timers.o
    0x200000d4   COMPRESSED   0x00000016   Data   RW         6822    .data               oled.o
    0x200000ea   COMPRESSED   0x00000002   PAD
    0x200000ec   COMPRESSED   0x00000030   Data   RW         6892    .data               gui.o
    0x2000011c   COMPRESSED   0x00000004   Data   RW         7099    .data               headline_1.o
    0x20000120   COMPRESSED   0x00000004   Data   RW         7143    .data               subhead_1.o
    0x20000124   COMPRESSED   0x00000018   Data   RW         7201    .data               subhead_2.o
    0x2000013c   COMPRESSED   0x00000008   Data   RW         7254    .data               subhead_3.o
    0x20000144   COMPRESSED   0x00000004   Data   RW         7309    .data               subhead_4.o
    0x20000148   COMPRESSED   0x0000001c   Data   RW         7363    .data               subhead_5.o
    0x20000164   COMPRESSED   0x00000004   Data   RW         7408    .data               subhead_1-1.o
    0x20000168   COMPRESSED   0x00000004   Data   RW         7453    .data               subhead_1-2.o
    0x2000016c   COMPRESSED   0x00000004   Data   RW         7495    .data               subhead_1-3.o
    0x20000170   COMPRESSED   0x00000004   Data   RW         7537    .data               subhead_4-1.o
    0x20000174   COMPRESSED   0x00000004   Data   RW         7579    .data               subhead_4-2.o
    0x20000178   COMPRESSED   0x00000003   Data   RW        11577    .data               u8x8_byte.o
    0x2000017b   COMPRESSED   0x00000006   Data   RW        11720    .data               u8x8_cad.o
    0x20000181   COMPRESSED   0x00000009   Data   RW        12326    .data               u8x8_u8toa.o
    0x2000018a   COMPRESSED   0x00000002   PAD
    0x2000018c        -       0x00000018   Zero   RW            9    .bss                main.o
    0x200001a4   COMPRESSED   0x00000004   PAD
    0x200001a8        -       0x00000060   Zero   RW           10    .bss                main.o
    0x20000208        -       0x00000070   Zero   RW           11    .bss                main.o
    0x20000278        -       0x0000015c   Zero   RW           12    .bss                main.o
    0x200003d4        -       0x00001310   Zero   RW          466    .bss                usart.o
    0x200016e4        -       0x000004b8   Zero   RW          669    .bss                mqtt.o
    0x20001b9c        -       0x00000048   Zero   RW          757    .bss                timer.o
    0x20001be4        -       0x00000058   Zero   RW          837    .bss                spi.o
    0x20001c3c        -       0x00000030   Zero   RW         1066    .bss                adc.o
    0x20001c6c        -       0x0000001c   Zero   RW         1162    .bss                rtc.o
    0x20001c88        -       0x0000006c   Zero   RW         1268    .bss                encoder.o
    0x20001cf4        -       0x00000068   Zero   RW         1341    .bss                key.o
    0x20001d5c   COMPRESSED   0x00000004   PAD
    0x20001d60        -       0x00000220   Zero   RW         1408    .bss                receiver.o
    0x20001f80        -       0x00000036   Zero   RW         1518    .bss                message.o
    0x20001fb6   COMPRESSED   0x00000002   PAD
    0x20001fb8        -       0x00000048   Zero   RW         1561    .bss                stm32f1xx_hal_timebase_tim_template.o
    0x20002000        -       0x000005b8   Zero   RW         5206    .bss                cmsis_os2.o
    0x200025b8        -       0x00001400   Zero   RW         5602    .bss                heap_4.o
    0x200039b8        -       0x00000040   Zero   RW         5926    .bss                queue.o
    0x200039f8        -       0x000004c4   Zero   RW         6328    .bss                tasks.o
    0x20003ebc        -       0x00000118   Zero   RW         6653    .bss                timers.o
    0x20003fd4        -       0x000000dc   Zero   RW         6775    .bss                i2c.o
    0x200040b0        -       0x00000064   Zero   RW         6891    .bss                gui.o
    0x20004114        -       0x00000020   Zero   RW         7097    .bss                headline_1.o
    0x20004134        -       0x00000020   Zero   RW         7141    .bss                subhead_1.o
    0x20004154        -       0x00000020   Zero   RW         7198    .bss                subhead_2.o
    0x20004174        -       0x00000020   Zero   RW         7251    .bss                subhead_3.o
    0x20004194        -       0x00000020   Zero   RW         7307    .bss                subhead_4.o
    0x200041b4        -       0x00000020   Zero   RW         7360    .bss                subhead_5.o
    0x200041d4        -       0x00000020   Zero   RW         7406    .bss                subhead_1-1.o
    0x200041f4        -       0x00000020   Zero   RW         7451    .bss                subhead_1-2.o
    0x20004214        -       0x00000020   Zero   RW         7493    .bss                subhead_1-3.o
    0x20004234        -       0x00000020   Zero   RW         7535    .bss                subhead_4-1.o
    0x20004254        -       0x00000020   Zero   RW         7577    .bss                subhead_4-2.o
    0x20004274        -       0x00000400   Zero   RW         8564    .bss                u8g2_d_memory.o
    0x20004674        -       0x00000020   Zero   RW        11576    .bss                u8x8_byte.o
    0x20004694   COMPRESSED   0x00000004   PAD
    0x20004698        -       0x00000400   Zero   RW         4971    STACK               startup_stm32f103xb.o


==============================================================================

Image component sizes


      Code (inc. data)   RO Data    RW Data    ZI Data      Debug   Object Name

       564        210        148          0          0       3585   24c02.o
       216         30          0          0         48       2188   adc.o
       338         20          0          0          0       1287   aht10.o
       178         50          0          0          0       1560   bh1750.o
        44         10          0          0       1464      25477   cmsis_os2.o
       150         14          0          0          0       2238   delay.o
       236         26          0          0        108       1970   encoder.o
         0          0          0          0          0       8444   event_groups.o
      1030         64          0         48        100       4106   gui.o
        98         32          5          4         32       1192   headline_1.o
       460         24          0         24       5120      21419   heap_4.o
       304         36          0          0        220       2331   i2c.o
       560         36          0          0          0       3793   iic.o
       296         80          0          0          0        570   iot.o
       596         84          0         12        104       3672   key.o
        80         10          0          0          0        879   led.o
       138          0          0          0          0       2990   list.o
       508        132          0         24        580     651326   main.o
        48          0          0          0          0       1504   menu.o
        56         10          3          0         54       1299   message.o
      2014        300          0          0       1208       8279   mqtt.o
      1128        106          0         22          0       7033   oled.o
       662         70          0         12          0       9529   port.o
      1584         20          0          0         64      14310   queue.o
       152         10          0          0          0       1024   rcc.o
       560         70          0         16        544       3572   receiver.o
       746         24          0          0          0       4458   rgb_led.o
       682        118          0          8         28       5658   rtc.o
       216         20          0         16          0       1445   s12sd.o
       200         28          0          0         88       2214   spi.o
        36          8        236          0       1024        836   startup_stm32f103xb.o
        64         14          0         12          0       4506   stm32f1xx_hal.o
      1226         54          0          0          0       6312   stm32f1xx_hal_adc.o
       158         14          0          0          0      28046   stm32f1xx_hal_cortex.o
       814         36          0          0          0       5353   stm32f1xx_hal_dma.o
       524         40          0          0          0       3986   stm32f1xx_hal_gpio.o
      4104         62          0          0          0      23458   stm32f1xx_hal_i2c.o
        72         10          0          0          0        930   stm32f1xx_hal_msp_template.o
      1336        110          0          0          0       5645   stm32f1xx_hal_rcc.o
       436         46          0          0          0       2457   stm32f1xx_hal_rcc_ex.o
      1412         14          0          0          0      12312   stm32f1xx_hal_rtc.o
      1336          0          0          0          0       6110   stm32f1xx_hal_spi.o
      1898         50          0          0          0      13959   stm32f1xx_hal_tim.o
         4          0          0          0          0       1501   stm32f1xx_hal_tim_ex.o
       152         18          0          0         72       1515   stm32f1xx_hal_timebase_tim_template.o
       718         20          0          0          0       7459   stm32f1xx_hal_uart.o
       552        124          0          0          0      31065   stm32f1xx_it.o
       104         40          8          4         32       1682   subhead_1-1.o
       316         34         10          4         32       2690   subhead_1-2.o
       160         62          8          4         32       1726   subhead_1-3.o
       100         32         16          4         32       1188   subhead_1.o
       780         98        301         24         32       3565   subhead_2.o
       516        106         33          8         32       2537   subhead_3.o
       332         46          9          4         32       1963   subhead_4-1.o
       332         46          9          4         32       1959   subhead_4-2.o
        84         28         15          4         32       1180   subhead_4.o
       680         74         36         28         32       2502   subhead_5.o
        76         20         24          4          0       1267   system_stm32f1xx.o
      2580        212          0         60       1220      24199   tasks.o
       116         20          0          0         72       1695   timer.o
       912         82          0         20        280       8895   timers.o
       248          0          0          0          0       2193   u8g2_bitmap.o
       556          0          0          0          0       2405   u8g2_box.o
       232          0          0          0          0       3936   u8g2_buffer.o
       730          0          0          0          0       5850   u8g2_circle.o
        30          0          0          0          0        536   u8g2_cleardisplay.o
        12          4          0          0       1024        780   u8g2_d_memory.o
        56         14          0          0          0        989   u8g2_d_setup.o
      1424         20          0          0          0      16192   u8g2_font.o
         0          0      11287          0          0     149495   u8g2_fonts.o
       336          0          0          0          0       4546   u8g2_hvline.o
        72          0          0          0          0       1795   u8g2_intersection.o
       144          0          0          0          0       1314   u8g2_ll_hvline.o
       328          0         12          0          0     150299   u8g2_setup.o
        22          0          0          0          0       1729   u8x8_8x8.o
       166         14          0          3         32       5051   u8x8_byte.o
       416         12          0          6          0       8380   u8x8_cad.o
       260         12        344          0          0       2975   u8x8_d_ssd1306_128x64_noname.o
       200          0          0          0          0       4062   u8x8_display.o
        12          0          0          0          0        553   u8x8_gpio.o
        74          4          0          0          0       1642   u8x8_setup.o
        68          8          3          9          0       2260   u8x8_u8toa.o
       752         82          0          0       4880       5938   usart.o
       214          0          0          0          0       2678   utils_hmac.o
        18          0          0          0          0        467   utils_md5.o
      5048         38         64          0          0       6153   utils_sha1.o
       544         54          0          0          0       3828   w25qxx.o
      5672       2950        699          1          0      10736   wifi.o

    ----------------------------------------------------------------------
     53484       6366      13323        396      18700    1408632   Object Totals
         0          0         32          0          0          0   (incl. Generated)
        76          0         21          7         14          0   (incl. Padding)

    ----------------------------------------------------------------------

      Code (inc. data)   RO Data    RW Data    ZI Data      Debug   Library Member Name

        56          8          0          0          0         84   __0sscanf.o
        86          0          0          0          0          0   __dczerorl2.o
        28          0          0          0          0         68   _chval.o
       812          4          0          0          0        112   _scanf.o
       332          0          0          0          0         96   _scanf_int.o
       224          0          0          0          0         96   _scanf_str.o
        64          0          0          0          0         84   _sgetc.o
        40          6         64          0          0         68   ctype_c.o
         0          0          0          0          0          0   entry.o
         0          0          0          0          0          0   entry10a.o
         0          0          0          0          0          0   entry11a.o
         8          4          0          0          0          0   entry2.o
         4          0          0          0          0          0   entry5.o
         0          0          0          0          0          0   entry7b.o
         0          0          0          0          0          0   entry8b.o
         8          4          0          0          0          0   entry9a.o
        30          0          0          0          0          0   handlers.o
        36          8          0          0          0         68   init.o
        10          0          0          0          0         68   isspace_c.o
         0          0          0          0          0          0   iusefp.o
        30          0          0          0          0         68   llshl.o
        36          0          0          0          0         68   llsshr.o
        32          0          0          0          0         68   llushr.o
        36          0          0          0          0         68   memcpya.o
        36          0          0          0          0        108   memseta.o
      2312         92          0          0          0        600   printfa.o
        40          8          0          0          0         84   scanf_char.o
        18          0          0          0          0         68   strcpy.o
        14          0          0          0          0         68   strlen.o
        36          0          0          0          0         80   strstr.o
        44          0          0          0          0         80   uidiv.o
        98          0          0          0          0         92   uldiv.o
        48          0          0          0          0         68   cdrcmple.o
        56          0          0          0          0         88   d2f.o
       334          0          0          0          0        148   dadd.o
       222          0          0          0          0        100   ddiv.o
       186          0          0          0          0        176   depilogue.o
        62          0          0          0          0         80   dfixi.o
        50          0          0          0          0         76   dfixui.o
        48          0          0          0          0         68   dfixul.o
        34          0          0          0          0         76   dflti.o
        26          0          0          0          0         76   dfltui.o
       228          0          0          0          0         96   dmul.o
        46          0          0          0          0         80   dscalb.o
       176          0          0          0          0        140   fadd.o
       124          0          0          0          0         88   fdiv.o
       110          0          0          0          0        168   fepilogue.o
        40          0          0          0          0         68   ffixui.o
        18          0          0          0          0         68   fflti.o

    ----------------------------------------------------------------------
      6288        134         65          0          0       3860   Library Totals
        10          0          1          0          0          0   (incl. Padding)

    ----------------------------------------------------------------------

      Code (inc. data)   RO Data    RW Data    ZI Data      Debug   Library Name

      4470        134         64          0          0       2196   mc_w.l
      1808          0          0          0          0       1664   mf_w.l

    ----------------------------------------------------------------------
      6288        134         65          0          0       3860   Library Totals

    ----------------------------------------------------------------------

==============================================================================


      Code (inc. data)   RO Data    RW Data    ZI Data      Debug   

     59772       6500      13388        396      18700    1388232   Grand Totals
     59772       6500      13388         68      18700    1388232   ELF Image Totals (compressed)
     59772       6500      13388         68          0          0   ROM Totals

==============================================================================

    Total RO  Size (Code + RO Data)                73160 (  71.45kB)
    Total RW  Size (RW Data + ZI Data)             19096 (  18.65kB)
    Total ROM Size (Code + RO Data + RW Data)      73228 (  71.51kB)

==============================================================================

