Component: ARM Compiler 5.06 update 5 (build 528) Tool: armlink [4d35e2]

==============================================================================

Section Cross References

    main.o(i.main) refers to stm32f1xx_hal.o(i.HAL_Init) for HAL_Init
    main.o(i.main) refers to rcc.o(i.RccClock_HSE_Init) for RccClock_HSE_Init
    main.o(i.main) refers to usart.o(i.U1_Init) for U1_Init
    main.o(i.main) refers to iic.o(i.IIC_Init) for IIC_Init
    main.o(i.main) refers to w25qxx.o(i.W25Qxx_Init) for W25Qxx_Init
    main.o(i.main) refers to 24c02.o(i.EEprom_ReadInfo) for EEprom_ReadInfo
    main.o(i.main) refers to usart.o(i.u1_printf) for u1_printf
    main.o(i.main) refers to boot.o(i.BootLoader_Branch) for BootLoader_Branch
    main.o(i.main) refers to timer.o(i.TIM1_Init) for TIM1_Init
    main.o(i.main) refers to memcpya.o(.text) for __aeabi_memcpy
    main.o(i.main) refers to boot.o(i.BootLoader_Event) for BootLoader_Event
    main.o(i.main) refers to boot.o(i.ActiveEvent) for ActiveEvent
    main.o(i.main) refers to usart.o(.bss) for U1_Control
    main.o(i.main) refers to usart.o(.bss) for U1Copy_RxBuff
    delay.o(i.Delay_Ms) refers to delay.o(i.Delay_Us) for Delay_Us
    delay.o(i.Delay_Us) refers to stm32f1xx_hal_timebase_tim_template.o(.bss) for htim2
    usart.o(i.HAL_UART_MspInit) refers to stm32f1xx_hal_gpio.o(i.HAL_GPIO_Init) for HAL_GPIO_Init
    usart.o(i.HAL_UART_MspInit) refers to stm32f1xx_hal_cortex.o(i.HAL_NVIC_SetPriority) for HAL_NVIC_SetPriority
    usart.o(i.HAL_UART_MspInit) refers to stm32f1xx_hal_cortex.o(i.HAL_NVIC_EnableIRQ) for HAL_NVIC_EnableIRQ
    usart.o(i.HAL_UART_MspInit) refers to stm32f1xx_hal_dma.o(i.HAL_DMA_Init) for HAL_DMA_Init
    usart.o(i.HAL_UART_MspInit) refers to usart.o(.bss) for .bss
    usart.o(i.U1Rx_Buff_Init) refers to stm32f1xx_hal_uart.o(i.HAL_UART_DMAStop) for HAL_UART_DMAStop
    usart.o(i.U1Rx_Buff_Init) refers to stm32f1xx_hal_uart.o(i.HAL_UART_Receive_DMA) for HAL_UART_Receive_DMA
    usart.o(i.U1Rx_Buff_Init) refers to usart.o(.bss) for .bss
    usart.o(i.U1_Init) refers to stm32f1xx_hal_uart.o(i.HAL_UART_Init) for HAL_UART_Init
    usart.o(i.U1_Init) refers to usart.o(i.U1Rx_Buff_Init) for U1Rx_Buff_Init
    usart.o(i.U1_Init) refers to stm32f1xx_hal_uart.o(i.HAL_UART_Receive_DMA) for HAL_UART_Receive_DMA
    usart.o(i.U1_Init) refers to usart.o(.bss) for .bss
    usart.o(i.u1_TxHex) refers to usart.o(.bss) for .bss
    usart.o(i.u1_printf) refers to printfa.o(i.__0vsprintf) for vsprintf
    usart.o(i.u1_printf) refers to strlen.o(.text) for strlen
    usart.o(i.u1_printf) refers to usart.o(.bss) for .bss
    boot.o(i.ActiveEvent) refers to usart.o(i.u1_printf) for u1_printf
    boot.o(i.ActiveEvent) refers to w25qxx.o(i.W25Qxx_Read) for W25Qxx_Read
    boot.o(i.ActiveEvent) refers to stmflash.o(i.Stm32Flash_Write) for Stm32Flash_Write
    boot.o(i.ActiveEvent) refers to 24c02.o(i.EEprom_WriteData) for EEprom_WriteData
    boot.o(i.ActiveEvent) refers to boot.o(i.__NVIC_SystemReset) for __NVIC_SystemReset
    boot.o(i.ActiveEvent) refers to main.o(.data) for BootEventFlag
    boot.o(i.ActiveEvent) refers to main.o(.bss) for AliInfoCB
    boot.o(i.ActiveEvent) refers to main.o(.bss) for Update
    boot.o(i.BootLoader_AliCerInspect) refers to _scanf_str.o(.text) for _scanf_string
    boot.o(i.BootLoader_AliCerInspect) refers to __0sscanf.o(.text) for __0sscanf
    boot.o(i.BootLoader_AliCerInspect) refers to strlen.o(.text) for strlen
    boot.o(i.BootLoader_AliCerInspect) refers to main.o(.bss) for AliInfoCB
    boot.o(i.BootLoader_Branch) refers to boot.o(i.BootLoader_Enter) for BootLoader_Enter
    boot.o(i.BootLoader_Branch) refers to usart.o(i.U1Rx_Buff_Init) for U1Rx_Buff_Init
    boot.o(i.BootLoader_Branch) refers to boot.o(i.BootLoader_Info) for BootLoader_Info
    boot.o(i.BootLoader_Branch) refers to usart.o(i.u1_printf) for u1_printf
    boot.o(i.BootLoader_Branch) refers to stmflash.o(i.Stm32Flash_Erase) for Stm32Flash_Erase
    boot.o(i.BootLoader_Branch) refers to stm32f1xx_hal_rtc_ex.o(i.HAL_RTCEx_BKUPRead) for HAL_RTCEx_BKUPRead
    boot.o(i.BootLoader_Branch) refers to stmflash.o(i.Load_APP) for Load_APP
    boot.o(i.BootLoader_Branch) refers to stm32f1xx_hal_rtc_ex.o(i.HAL_RTCEx_BKUPWrite) for HAL_RTCEx_BKUPWrite
    boot.o(i.BootLoader_Branch) refers to stm32f1xx_hal_pwr.o(i.HAL_PWR_EnableWakeUpPin) for HAL_PWR_EnableWakeUpPin
    boot.o(i.BootLoader_Branch) refers to stm32f1xx_hal_pwr.o(i.HAL_PWR_EnterSTANDBYMode) for HAL_PWR_EnterSTANDBYMode
    boot.o(i.BootLoader_Branch) refers to main.o(.bss) for AliInfoCB
    boot.o(i.BootLoader_Branch) refers to stmflash.o(.bss) for stm32FlashCB
    boot.o(i.BootLoader_Branch) refers to main.o(.data) for BootEventFlag
    boot.o(i.BootLoader_Branch) refers to rtc.o(.bss) for MyRtc
    boot.o(i.BootLoader_Clear) refers to stm32f1xx_hal_uart.o(i.HAL_UART_DeInit) for HAL_UART_DeInit
    boot.o(i.BootLoader_Clear) refers to stm32f1xx_hal_tim.o(i.HAL_TIM_Base_DeInit) for HAL_TIM_Base_DeInit
[...]
    Removing stm32f1xx_hal_spi.o(i.HAL_SPI_DMAStop), (66 bytes).
    Removing stm32f1xx_hal_spi.o(i.HAL_SPI_DeInit), (46 bytes).
    Removing stm32f1xx_hal_spi.o(i.HAL_SPI_ErrorCallback), (2 bytes).
    Removing stm32f1xx_hal_spi.o(i.HAL_SPI_GetError), (4 bytes).
    Removing stm32f1xx_hal_spi.o(i.HAL_SPI_GetState), (6 bytes).
    Removing stm32f1xx_hal_spi.o(i.HAL_SPI_IRQHandler), (224 bytes).
    Removing stm32f1xx_hal_spi.o(i.HAL_SPI_MspDeInit), (2 bytes).
    Removing stm32f1xx_hal_spi.o(i.HAL_SPI_MspInit), (2 bytes).
    Removing stm32f1xx_hal_spi.o(i.HAL_SPI_Receive_DMA), (260 bytes).
    Removing stm32f1xx_hal_spi.o(i.HAL_SPI_Receive_IT), (192 bytes).
    Removing stm32f1xx_hal_spi.o(i.HAL_SPI_RxCpltCallback), (2 bytes).
    Removing stm32f1xx_hal_spi.o(i.HAL_SPI_RxHalfCpltCallback), (2 bytes).
    Removing stm32f1xx_hal_spi.o(i.HAL_SPI_TransmitReceive_DMA), (320 bytes).
    Removing stm32f1xx_hal_spi.o(i.HAL_SPI_TransmitReceive_IT), (192 bytes).
    Removing stm32f1xx_hal_spi.o(i.HAL_SPI_Transmit_DMA), (232 bytes).
    Removing stm32f1xx_hal_spi.o(i.HAL_SPI_Transmit_IT), (168 bytes).
    Removing stm32f1xx_hal_spi.o(i.HAL_SPI_TxCpltCallback), (2 bytes).
    Removing stm32f1xx_hal_spi.o(i.HAL_SPI_TxHalfCpltCallback), (2 bytes).
    Removing stm32f1xx_hal_spi.o(i.HAL_SPI_TxRxCpltCallback), (2 bytes).
    Removing stm32f1xx_hal_spi.o(i.HAL_SPI_TxRxHalfCpltCallback), (2 bytes).
    Removing stm32f1xx_hal_spi.o(i.SPI_2linesRxISR_16BIT), (64 bytes).
    Removing stm32f1xx_hal_spi.o(i.SPI_2linesRxISR_16BITCRC), (16 bytes).
    Removing stm32f1xx_hal_spi.o(i.SPI_2linesRxISR_8BIT), (64 bytes).
    Removing stm32f1xx_hal_spi.o(i.SPI_2linesRxISR_8BITCRC), (24 bytes).
    Removing stm32f1xx_hal_spi.o(i.SPI_2linesTxISR_16BIT), (74 bytes).
    Removing stm32f1xx_hal_spi.o(i.SPI_2linesTxISR_8BIT), (74 bytes).
    Removing stm32f1xx_hal_spi.o(i.SPI_AbortRx_ISR), (80 bytes).
    Removing stm32f1xx_hal_spi.o(i.SPI_AbortTx_ISR), (28 bytes).
    Removing stm32f1xx_hal_spi.o(i.SPI_CloseRxTx_ISR), (188 bytes).
    Removing stm32f1xx_hal_spi.o(i.SPI_CloseRx_ISR), (114 bytes).
    Removing stm32f1xx_hal_spi.o(i.SPI_CloseTx_ISR), (124 bytes).
    Removing stm32f1xx_hal_spi.o(i.SPI_DMAAbortOnError), (16 bytes).
    Removing stm32f1xx_hal_spi.o(i.SPI_DMAError), (34 bytes).
    Removing stm32f1xx_hal_spi.o(i.SPI_DMAHalfReceiveCplt), (10 bytes).
    Removing stm32f1xx_hal_spi.o(i.SPI_DMAHalfTransmitCplt), (10 bytes).
    Removing stm32f1xx_hal_spi.o(i.SPI_DMAHalfTransmitReceiveCplt), (10 bytes).
    Removing stm32f1xx_hal_spi.o(i.SPI_DMAReceiveCplt), (158 bytes).
    Removing stm32f1xx_hal_spi.o(i.SPI_DMARxAbortCallback), (98 bytes).
    Removing stm32f1xx_hal_spi.o(i.SPI_DMATransmitCplt), (100 bytes).
    Removing stm32f1xx_hal_spi.o(i.SPI_DMATransmitReceiveCplt), (164 bytes).
    Removing stm32f1xx_hal_spi.o(i.SPI_DMATxAbortCallback), (112 bytes).
    Removing stm32f1xx_hal_spi.o(i.SPI_ISCRCErrorValid), (4 bytes).
    Removing stm32f1xx_hal_spi.o(i.SPI_RxISR_16BIT), (88 bytes).
    Removing stm32f1xx_hal_spi.o(i.SPI_RxISR_16BITCRC), (16 bytes).
    Removing stm32f1xx_hal_spi.o(i.SPI_RxISR_8BIT), (88 bytes).
    Removing stm32f1xx_hal_spi.o(i.SPI_RxISR_8BITCRC), (8 bytes).
    Removing stm32f1xx_hal_spi.o(i.SPI_TxISR_16BIT), (50 bytes).
    Removing stm32f1xx_hal_spi.o(i.SPI_TxISR_8BIT), (50 bytes).
    Removing system_stm32f1xx.o(.rev16_text), (4 bytes).
    Removing system_stm32f1xx.o(.revsh_text), (4 bytes).
    Removing system_stm32f1xx.o(.rrx_text), (6 bytes).
    Removing system_stm32f1xx.o(i.SystemCoreClockUpdate), (104 bytes).
    Removing startup_stm32f103xb.o(HEAP), (512 bytes).

480 unused section(s) (total 30932 bytes) removed from the image.

==============================================================================

Image Symbol Table

    Local Symbols

    Symbol Name                              Value     Ov Type        Size  Object(Section)

    ../clib/microlib/ctype/ctype.c           0x00000000   Number         0  ctype_c.o ABSOLUTE
    ../clib/microlib/ctype/ctype.c           0x00000000   Number         0  isspace_c.o ABSOLUTE
    ../clib/microlib/division.c              0x00000000   Number         0  uldiv.o ABSOLUTE
    ../clib/microlib/division.c              0x00000000   Number         0  uidiv.o ABSOLUTE
    ../clib/microlib/init/entry.s            0x00000000   Number         0  entry10b.o ABSOLUTE
    ../clib/microlib/init/entry.s            0x00000000   Number         0  entry11a.o ABSOLUTE
    ../clib/microlib/init/entry.s            0x00000000   Number         0  entry7a.o ABSOLUTE
    ../clib/microlib/init/entry.s            0x00000000   Number         0  entry11b.o ABSOLUTE
    ../clib/microlib/init/entry.s            0x00000000   Number         0  entry.o ABSOLUTE
    ../clib/microlib/init/entry.s            0x00000000   Number         0  entry7b.o ABSOLUTE
    ../clib/microlib/init/entry.s            0x00000000   Number         0  entry8a.o ABSOLUTE
    ../clib/microlib/init/entry.s            0x00000000   Number         0  entry5.o ABSOLUTE
    ../clib/microlib/init/entry.s            0x00000000   Number         0  entry8b.o ABSOLUTE
    ../clib/microlib/init/entry.s            0x00000000   Number         0  entry2.o ABSOLUTE
    ../clib/microlib/init/entry.s            0x00000000   Number         0  entry9a.o ABSOLUTE
    ../clib/microlib/init/entry.s            0x00000000   Number         0  entry9b.o ABSOLUTE
    ../clib/microlib/init/entry.s            0x00000000   Number         0  entry10a.o ABSOLUTE
    ../clib/microlib/longlong.c              0x00000000   Number         0  llushr.o ABSOLUTE
    ../clib/microlib/longlong.c              0x00000000   Number         0  llshl.o ABSOLUTE
    ../clib/microlib/longlong.c              0x00000000   Number         0  llsshr.o ABSOLUTE
    ../clib/microlib/printf/printf.c         0x00000000   Number         0  printfa.o ABSOLUTE
    ../clib/microlib/stdio/fputc.c           0x00000000   Number         0  fputc.o ABSOLUTE
    ../clib/microlib/stdio/semi.s            0x00000000   Number         0  semi.o ABSOLUTE
    ../clib/microlib/stdio/streams.c         0x00000000   Number         0  stdout.o ABSOLUTE
    ../clib/microlib/string/memcpy.c         0x00000000   Number         0  memcpyb.o ABSOLUTE
    ../clib/microlib/string/memcpy.c         0x00000000   Number         0  memcpya.o ABSOLUTE
    ../clib/microlib/string/memset.c         0x00000000   Number         0  memseta.o ABSOLUTE
    ../clib/microlib/string/strlen.c         0x00000000   Number         0  strlen.o ABSOLUTE
    ../clib/microlib/stubs.s                 0x00000000   Number         0  iusefp.o ABSOLUTE
    ../clib/microlib/stubs.s                 0x00000000   Number         0  iusesemip.o ABSOLUTE
    ../clib/scanf.c                          0x00000000   Number         0  _scanf.o ABSOLUTE
    ../clib/scanf.c                          0x00000000   Number         0  _sgetc.o ABSOLUTE
    ../clib/scanf.c                          0x00000000   Number         0  _scanf_str.o ABSOLUTE
    ../clib/scanf.c                          0x00000000   Number         0  __0sscanf.o ABSOLUTE
    ../clib/scanf.c                          0x00000000   Number         0  scanf_char.o ABSOLUTE
    ../fplib/microlib/fpadd.c                0x00000000   Number         0  dadd.o ABSOLUTE
    ../fplib/microlib/fpdiv.c                0x00000000   Number         0  ddiv.o ABSOLUTE
    ../fplib/microlib/fpepilogue.c           0x00000000   Number         0  depilogue.o ABSOLUTE
    ../fplib/microlib/fpfix.c                0x00000000   Number         0  dfixul.o ABSOLUTE
    ../fplib/microlib/fpmul.c                0x00000000   Number         0  dmul.o ABSOLUTE
    ..\CMSIS\Device\ST\STM32F1xx\Source\startup_stm32f103xb.s 0x00000000   Number         0  startup_stm32f103xb.o ABSOLUTE
    ..\CMSIS\Device\ST\STM32F1xx\Source\system_stm32f1xx.c 0x00000000   Number         0  system_stm32f1xx.o ABSOLUTE
    ..\HARDWARE\Scr\24c02.c                  0x00000000   Number         0  24c02.o ABSOLUTE
    ..\HARDWARE\Scr\boot.c                   0x00000000   Number         0  boot.o ABSOLUTE
    ..\HARDWARE\Scr\delay.c                  0x00000000   Number         0  delay.o ABSOLUTE
    ..\HARDWARE\Scr\iic.c                    0x00000000   Number         0  iic.o ABSOLUTE
    ..\HARDWARE\Scr\rcc.c                    0x00000000   Number         0  rcc.o ABSOLUTE
    ..\HARDWARE\Scr\rtc.c                    0x00000000   Number         0  rtc.o ABSOLUTE
    ..\HARDWARE\Scr\spi.c                    0x00000000   Number         0  spi.o ABSOLUTE
    ..\HARDWARE\Scr\stm32f1xx_hal_msp_template.c 0x00000000   Number         0  stm32f1xx_hal_msp_template.o ABSOLUTE
    ..\HARDWARE\Scr\stm32f1xx_hal_timebase_tim_template.c 0x00000000   Number         0  stm32f1xx_hal_timebase_tim_template.o ABSOLUTE
    ..\HARDWARE\Scr\stm32f1xx_it.c           0x00000000   Number         0  stm32f1xx_it.o ABSOLUTE
    ..\HARDWARE\Scr\stmflash.c               0x00000000   Number         0  stmflash.o ABSOLUTE
    ..\HARDWARE\Scr\timer.c                  0x00000000   Number         0  timer.o ABSOLUTE
    ..\HARDWARE\Scr\usart.c                  0x00000000   Number         0  usart.o ABSOLUTE
    ..\HARDWARE\Scr\w25qxx.c                 0x00000000   Number         0  w25qxx.o ABSOLUTE
    ..\STM32F1xx_HAL_Driver\Src\stm32f1xx_hal.c 0x00000000   Number         0  stm32f1xx_hal.o ABSOLUTE
    ..\STM32F1xx_HAL_Driver\Src\stm32f1xx_hal_cortex.c 0x00000000   Number         0  stm32f1xx_hal_cortex.o ABSOLUTE
    ..\STM32F1xx_HAL_Driver\Src\stm32f1xx_hal_crc.c 0x00000000   Number         0  stm32f1xx_hal_crc.o ABSOLUTE
    ..\STM32F1xx_HAL_Driver\Src\stm32f1xx_hal_dma.c 0x00000000   Number         0  stm32f1xx_hal_dma.o ABSOLUTE
    ..\STM32F1xx_HAL_Driver\Src\stm32f1xx_hal_flash.c 0x00000000   Number         0  stm32f1xx_hal_flash.o ABSOLUTE
    ..\STM32F1xx_HAL_Driver\Src\stm32f1xx_hal_flash_ex.c 0x00000000   Number         0  stm32f1xx_hal_flash_ex.o ABSOLUTE
    ..\STM32F1xx_HAL_Driver\Src\stm32f1xx_hal_gpio.c 0x00000000   Number         0  stm32f1xx_hal_gpio.o ABSOLUTE
    ..\STM32F1xx_HAL_Driver\Src\stm32f1xx_hal_gpio_ex.c 0x00000000   Number         0  stm32f1xx_hal_gpio_ex.o ABSOLUTE
    ..\STM32F1xx_HAL_Driver\Src\stm32f1xx_hal_iwdg.c 0x00000000   Number         0  stm32f1xx_hal_iwdg.o ABSOLUTE
    ..\STM32F1xx_HAL_Driver\Src\stm32f1xx_hal_pwr.c 0x00000000   Number         0  stm32f1xx_hal_pwr.o ABSOLUTE
    ..\STM32F1xx_HAL_Driver\Src\stm32f1xx_hal_rcc.c 0x00000000   Number         0  stm32f1xx_hal_rcc.o ABSOLUTE
    ..\STM32F1xx_HAL_Driver\Src\stm32f1xx_hal_rcc_ex.c 0x00000000   Number         0  stm32f1xx_hal_rcc_ex.o ABSOLUTE
    ..\STM32F1xx_HAL_Driver\Src\stm32f1xx_hal_rtc.c 0x00000000   Number         0  stm32f1xx_hal_rtc.o ABSOLUTE
    ..\STM32F1xx_HAL_Driver\Src\stm32f1xx_hal_rtc_ex.c 0x00000000   Number         0  stm32f1xx_hal_rtc_ex.o ABSOLUTE
    ..\STM32F1xx_HAL_Driver\Src\stm32f1xx_hal_spi.c 0x00000000   Number         0  stm32f1xx_hal_spi.o ABSOLUTE
    ..\STM32F1xx_HAL_Driver\Src\stm32f1xx_hal_tim.c 0x00000000   Number         0  stm32f1xx_hal_tim.o ABSOLUTE
    ..\STM32F1xx_HAL_Driver\Src\stm32f1xx_hal_tim_ex.c 0x00000000   Number         0  stm32f1xx_hal_tim_ex.o ABSOLUTE
    ..\STM32F1xx_HAL_Driver\Src\stm32f1xx_hal_uart.c 0x00000000   Number         0  stm32f1xx_hal_uart.o ABSOLUTE
    ..\\CMSIS\\Device\\ST\\STM32F1xx\\Source\\system_stm32f1xx.c 0x00000000   Number         0  system_stm32f1xx.o ABSOLUTE
    ..\\HARDWARE\\Scr\\24c02.c               0x00000000   Number         0  24c02.o ABSOLUTE
    ..\\HARDWARE\\Scr\\boot.c                0x00000000   Number         0  boot.o ABSOLUTE
    ..\\HARDWARE\\Scr\\delay.c               0x00000000   Number         0  delay.o ABSOLUTE
    ..\\HARDWARE\\Scr\\iic.c                 0x00000000   Number         0  iic.o ABSOLUTE
    ..\\HARDWARE\\Scr\\rcc.c                 0x00000000   Number         0  rcc.o ABSOLUTE
    ..\\HARDWARE\\Scr\\rtc.c                 0x00000000   Number         0  rtc.o ABSOLUTE
    ..\\HARDWARE\\Scr\\spi.c                 0x00000000   Number         0  spi.o ABSOLUTE
    ..\\HARDWARE\\Scr\\stm32f1xx_hal_msp_template.c 0x00000000   Number         0  stm32f1xx_hal_msp_template.o ABSOLUTE
    ..\\HARDWARE\\Scr\\stm32f1xx_hal_timebase_tim_template.c 0x00000000   Number         0  stm32f1xx_hal_timebase_tim_template.o ABSOLUTE
    ..\\HARDWARE\\Scr\\stm32f1xx_it.c        0x00000000   Number         0  stm32f1xx_it.o ABSOLUTE
    ..\\HARDWARE\\Scr\\stmflash.c            0x00000000   Number         0  stmflash.o ABSOLUTE
    ..\\HARDWARE\\Scr\\timer.c               0x00000000   Number         0  timer.o ABSOLUTE
    ..\\HARDWARE\\Scr\\usart.c               0x00000000   Number         0  usart.o ABSOLUTE
    ..\\HARDWARE\\Scr\\w25qxx.c              0x00000000   Number         0  w25qxx.o ABSOLUTE
    ..\\STM32F1xx_HAL_Driver\\Src\\stm32f1xx_hal.c 0x00000000   Number         0  stm32f1xx_hal.o ABSOLUTE
    ..\\STM32F1xx_HAL_Driver\\Src\\stm32f1xx_hal_cortex.c 0x00000000   Number         0  stm32f1xx_hal_cortex.o ABSOLUTE
    ..\\STM32F1xx_HAL_Driver\\Src\\stm32f1xx_hal_crc.c 0x00000000   Number         0  stm32f1xx_hal_crc.o ABSOLUTE
    ..\\STM32F1xx_HAL_Driver\\Src\\stm32f1xx_hal_dma.c 0x00000000   Number         0  stm32f1xx_hal_dma.o ABSOLUTE
    ..\\STM32F1xx_HAL_Driver\\Src\\stm32f1xx_hal_flash.c 0x00000000   Number         0  stm32f1xx_hal_flash.o ABSOLUTE
    ..\\STM32F1xx_HAL_Driver\\Src\\stm32f1xx_hal_flash_ex.c 0x00000000   Number         0  stm32f1xx_hal_flash_ex.o ABSOLUTE
    ..\\STM32F1xx_HAL_Driver\\Src\\stm32f1xx_hal_gpio.c 0x00000000   Number         0  stm32f1xx_hal_gpio.o ABSOLUTE
    ..\\STM32F1xx_HAL_Driver\\Src\\stm32f1xx_hal_gpio_ex.c 0x00000000   Number         0  stm32f1xx_hal_gpio_ex.o ABSOLUTE
    ..\\STM32F1xx_HAL_Driver\\Src\\stm32f1xx_hal_iwdg.c 0x00000000   Number         0  stm32f1xx_hal_iwdg.o ABSOLUTE
    ..\\STM32F1xx_HAL_Driver\\Src\\stm32f1xx_hal_pwr.c 0x00000000   Number         0  stm32f1xx_hal_pwr.o ABSOLUTE
    ..\\STM32F1xx_HAL_Driver\\Src\\stm32f1xx_hal_rcc.c 0x00000000   Number         0  stm32f1xx_hal_rcc.o ABSOLUTE
    ..\\STM32F1xx_HAL_Driver\\Src\\stm32f1xx_hal_rcc_ex.c 0x00000000   Number         0  stm32f1xx_hal_rcc_ex.o ABSOLUTE
    ..\\STM32F1xx_HAL_Driver\\Src\\stm32f1xx_hal_rtc.c 0x00000000   Number         0  stm32f1xx_hal_rtc.o ABSOLUTE
    ..\\STM32F1xx_HAL_Driver\\Src\\stm32f1xx_hal_rtc_ex.c 0x00000000   Number         0  stm32f1xx_hal_rtc_ex.o ABSOLUTE
    ..\\STM32F1xx_HAL_Driver\\Src\\stm32f1xx_hal_spi.c 0x00000000   Number         0  stm32f1xx_hal_spi.o ABSOLUTE
    ..\\STM32F1xx_HAL_Driver\\Src\\stm32f1xx_hal_tim.c 0x00000000   Number         0  stm32f1xx_hal_tim.o ABSOLUTE
    ..\\STM32F1xx_HAL_Driver\\Src\\stm32f1xx_hal_tim_ex.c 0x00000000   Number         0  stm32f1xx_hal_tim_ex.o ABSOLUTE
    ..\\STM32F1xx_HAL_Driver\\Src\\stm32f1xx_hal_uart.c 0x00000000   Number         0  stm32f1xx_hal_uart.o ABSOLUTE
    cdrcmple.s                               0x00000000   Number         0  cdrcmple.o ABSOLUTE
    dc.s                                     0x00000000   Number         0  dc.o ABSOLUTE
    handlers.s                               0x00000000   Number         0  handlers.o ABSOLUTE
    init.s                                   0x00000000   Number         0  init.o ABSOLUTE
    main.c                                   0x00000000   Number         0  main.o ABSOLUTE
    main.c                                   0x00000000   Number         0  main.o ABSOLUTE
    RESET                                    0x08000000   Section      236  startup_stm32f103xb.o(RESET)
    .ARM.Collect$$$$00000000                 0x080000ec   Section        0  entry.o(.ARM.Collect$$$$00000000)
    .ARM.Collect$$$$00000001                 0x080000ec   Section        4  entry2.o(.ARM.Collect$$$$00000001)
    .ARM.Collect$$$$00000004                 0x080000f0   Section        4  entry5.o(.ARM.Collect$$$$00000004)
    .ARM.Collect$$$$00000008                 0x080000f4   Section        0  entry7b.o(.ARM.Collect$$$$00000008)
    .ARM.Collect$$$$0000000A                 0x080000f4   Section        0  entry8b.o(.ARM.Collect$$$$0000000A)
    .ARM.Collect$$$$0000000B                 0x080000f4   Section        8  entry9a.o(.ARM.Collect$$$$0000000B)
    .ARM.Collect$$$$0000000D                 0x080000fc   Section        0  entry10a.o(.ARM.Collect$$$$0000000D)
    .ARM.Collect$$$$0000000F                 0x080000fc   Section        0  entry11a.o(.ARM.Collect$$$$0000000F)
    .ARM.Collect$$$$00002712                 0x080000fc   Section        4  entry2.o(.ARM.Collect$$$$00002712)
    __lit__00000000                          0x080000fc   Data           4  entry2.o(.ARM.Collect$$$$00002712)
    .emb_text                                0x08000100   Section        6  stmflash.o(.emb_text)
    .text                                    0x08000108   Section       36  startup_stm32f103xb.o(.text)
    .text                                    0x0800012c   Section        0  llushr.o(.text)
    .text                                    0x0800014c   Section        0  memcpya.o(.text)
    .text                                    0x08000170   Section        0  memseta.o(.text)
    .text                                    0x08000194   Section        0  strlen.o(.text)
    .text                                    0x080001a4   Section        0  __0sscanf.o(.text)
    .text                                    0x080001dc   Section        0  _scanf_str.o(.text)
    .text                                    0x080002bc   Section        0  uidiv.o(.text)
    .text                                    0x080002e8   Section        0  uldiv.o(.text)
    .text                                    0x0800034c   Section        0  scanf_char.o(.text)
    _scanf_char_input                        0x0800034d   Thumb Code    12  scanf_char.o(.text)
    .text                                    0x08000374   Section        0  _sgetc.o(.text)
    .text                                    0x080003b4   Section        0  iusefp.o(.text)
    .text                                    0x080003b4   Section        0  dadd.o(.text)
    .text                                    0x08000502   Section        0  dmul.o(.text)
    .text                                    0x080005e6   Section        0  ddiv.o(.text)
    .text                                    0x080006c4   Section        0  dfixul.o(.text)
    .text                                    0x080006f4   Section       48  cdrcmple.o(.text)
    .text                                    0x08000724   Section       36  init.o(.text)
    .text                                    0x08000748   Section        0  llshl.o(.text)
    .text                                    0x08000766   Section        0  llsshr.o(.text)
    .text                                    0x0800078a   Section        0  isspace_c.o(.text)
    .text                                    0x08000794   Section        0  _scanf.o(.text)
    .text                                    0x08000ac0   Section        0  depilogue.o(.text)
    .text                                    0x08000b7c   Section        0  ctype_c.o(.text)
    i.ActiveEvent                            0x08000ba4   Section        0  boot.o(i.ActiveEvent)
    i.BootLoader_AliCerInspect               0x08000c8c   Section        0  boot.o(i.BootLoader_AliCerInspect)
    i.BootLoader_Branch                      0x08000d14   Section        0  boot.o(i.BootLoader_Branch)
    i.BootLoader_Clear                       0x08000e0c   Section        0  boot.o(i.BootLoader_Clear)
    i.BootLoader_Enter                       0x08000e30   Section        0  boot.o(i.BootLoader_Enter)
    i.BootLoader_Event                       0x08000e80   Section        0  boot.o(i.BootLoader_Event)
    i.BootLoader_Info                        0x08001150   Section        0  boot.o(i.BootLoader_Info)
    i.DMA1_Channel1_IRQHandler               0x080011d8   Section        0  stm32f1xx_it.o(i.DMA1_Channel1_IRQHandler)
    i.DMA1_Channel2_IRQHandler               0x080011e4   Section        0  stm32f1xx_it.o(i.DMA1_Channel2_IRQHandler)
    i.DMA1_Channel3_IRQHandler               0x080011f0   Section        0  stm32f1xx_it.o(i.DMA1_Channel3_IRQHandler)
    i.DMA_SetConfig                          0x080011fc   Section        0  stm32f1xx_hal_dma.o(i.DMA_SetConfig)
    DMA_SetConfig                            0x080011fd   Thumb Code    42  stm32f1xx_hal_dma.o(i.DMA_SetConfig)
    i.Delay_Us                               0x08001228   Section        0  delay.o(i.Delay_Us)
    i.EEprom_ReadData                        0x08001260   Section        0  24c02.o(i.EEprom_ReadData)
    i.EEprom_ReadInfo                        0x08001264   Section        0  24c02.o(i.EEprom_ReadInfo)
    i.EEprom_WriteData                       0x080012b8   Section        0  24c02.o(i.EEprom_WriteData)
    i.FLASH_MassErase                        0x080012e0   Section        0  stm32f1xx_hal_flash_ex.o(i.FLASH_MassErase)
    FLASH_MassErase                          0x080012e1   Thumb Code    26  stm32f1xx_hal_flash_ex.o(i.FLASH_MassErase)
    i.FLASH_PageErase                        0x08001304   Section        0  stm32f1xx_hal_flash_ex.o(i.FLASH_PageErase)
    i.FLASH_Program_HalfWord                 0x08001328   Section        0  stm32f1xx_hal_flash.o(i.FLASH_Program_HalfWord)
    FLASH_Program_HalfWord                   0x08001329   Thumb Code    20  stm32f1xx_hal_flash.o(i.FLASH_Program_HalfWord)
    i.FLASH_SetErrorCode                     0x08001344   Section        0  stm32f1xx_hal_flash.o(i.FLASH_SetErrorCode)
    FLASH_SetErrorCode                       0x08001345   Thumb Code    84  stm32f1xx_hal_flash.o(i.FLASH_SetErrorCode)
    i.FLASH_WaitForLastOperation             0x080013a0   Section        0  stm32f1xx_hal_flash.o(i.FLASH_WaitForLastOperation)
    i.HAL_DMA_Abort                          0x080013f4   Section        0  stm32f1xx_hal_dma.o(i.HAL_DMA_Abort)
    i.HAL_DMA_IRQHandler                     0x0800143c   Section        0  stm32f1xx_hal_dma.o(i.HAL_DMA_IRQHandler)
    i.HAL_DMA_Init                           0x08001590   Section        0  stm32f1xx_hal_dma.o(i.HAL_DMA_Init)
    i.HAL_DMA_Start_IT                       0x080015ec   Section        0  stm32f1xx_hal_dma.o(i.HAL_DMA_Start_IT)
    i.HAL_Delay                              0x0800165c   Section        0  stm32f1xx_hal.o(i.HAL_Delay)
    i.HAL_FLASHEx_Erase                      0x08001680   Section        0  stm32f1xx_hal_flash_ex.o(i.HAL_FLASHEx_Erase)
    i.HAL_FLASH_Lock                         0x08001728   Section        0  stm32f1xx_hal_flash.o(i.HAL_FLASH_Lock)
    i.HAL_FLASH_Program                      0x0800173c   Section        0  stm32f1xx_hal_flash.o(i.HAL_FLASH_Program)
    i.HAL_FLASH_Unlock                       0x080017bc   Section        0  stm32f1xx_hal_flash.o(i.HAL_FLASH_Unlock)
    i.HAL_GPIO_Init                          0x080017e4   Section        0  stm32f1xx_hal_gpio.o(i.HAL_GPIO_Init)
    i.HAL_GPIO_ReadPin                       0x080019c4   Section        0  stm32f1xx_hal_gpio.o(i.HAL_GPIO_ReadPin)
    i.HAL_GPIO_WritePin                      0x080019ce   Section        0  stm32f1xx_hal_gpio.o(i.HAL_GPIO_WritePin)
    i.HAL_GetTick                            0x080019d8   Section        0  stm32f1xx_hal.o(i.HAL_GetTick)
    i.HAL_IncTick                            0x080019e4   Section        0  stm32f1xx_hal.o(i.HAL_IncTick)
    i.HAL_Init                               0x080019f4   Section        0  stm32f1xx_hal.o(i.HAL_Init)
    i.HAL_InitTick                           0x08001a18   Section        0  stm32f1xx_hal_timebase_tim_template.o(i.HAL_InitTick)
    i.HAL_MspInit                            0x08001ab0   Section        0  stm32f1xx_hal_msp_template.o(i.HAL_MspInit)
    i.HAL_NVIC_EnableIRQ                     0x08001af8   Section        0  stm32f1xx_hal_cortex.o(i.HAL_NVIC_EnableIRQ)
    i.HAL_NVIC_SetPriority                   0x08001b14   Section        0  stm32f1xx_hal_cortex.o(i.HAL_NVIC_SetPriority)
    i.HAL_NVIC_SetPriorityGrouping           0x08001b54   Section        0  stm32f1xx_hal_cortex.o(i.HAL_NVIC_SetPriorityGrouping)
    i.HAL_PWR_EnableWakeUpPin                0x08001b78   Section        0  stm32f1xx_hal_pwr.o(i.HAL_PWR_EnableWakeUpPin)
    i.HAL_PWR_EnterSTANDBYMode               0x08001b94   Section        0  stm32f1xx_hal_pwr.o(i.HAL_PWR_EnterSTANDBYMode)
    i.HAL_RCCEx_PeriphCLKConfig              0x08001bb4   Section        0  stm32f1xx_hal_rcc_ex.o(i.HAL_RCCEx_PeriphCLKConfig)
    i.HAL_RCC_ClockConfig                    0x08001ca0   Section        0  stm32f1xx_hal_rcc.o(i.HAL_RCC_ClockConfig)
    i.HAL_RCC_GetClockConfig                 0x08001dcc   Section        0  stm32f1xx_hal_rcc.o(i.HAL_RCC_GetClockConfig)
    i.HAL_RCC_GetPCLK1Freq                   0x08001e0c   Section        0  stm32f1xx_hal_rcc.o(i.HAL_RCC_GetPCLK1Freq)
    i.HAL_RCC_GetPCLK2Freq                   0x08001e2c   Section        0  stm32f1xx_hal_rcc.o(i.HAL_RCC_GetPCLK2Freq)
    i.HAL_RCC_GetSysClockFreq                0x08001e4c   Section        0  stm32f1xx_hal_rcc.o(i.HAL_RCC_GetSysClockFreq)
    i.HAL_RCC_OscConfig                      0x08001eb8   Section        0  stm32f1xx_hal_rcc.o(i.HAL_RCC_OscConfig)
    i.HAL_RTCEx_BKUPRead                     0x080021d8   Section        0  stm32f1xx_hal_rtc_ex.o(i.HAL_RTCEx_BKUPRead)
    i.HAL_RTCEx_BKUPWrite                    0x080021e8   Section        0  stm32f1xx_hal_rtc_ex.o(i.HAL_RTCEx_BKUPWrite)
    i.HAL_RTC_DeInit                         0x080021f8   Section        0  stm32f1xx_hal_rtc.o(i.HAL_RTC_DeInit)
    i.HAL_RTC_MspDeInit                      0x0800225c   Section        0  rtc.o(i.HAL_RTC_MspDeInit)
    i.HAL_RTC_WaitForSynchro                 0x0800228c   Section        0  stm32f1xx_hal_rtc.o(i.HAL_RTC_WaitForSynchro)
    i.HAL_SPI_Init                           0x080022c6   Section        0  stm32f1xx_hal_spi.o(i.HAL_SPI_Init)
    i.HAL_SPI_MspInit                        0x08002350   Section        0  spi.o(i.HAL_SPI_MspInit)
    i.HAL_SPI_Receive                        0x080023a8   Section        0  stm32f1xx_hal_spi.o(i.HAL_SPI_Receive)
    i.HAL_SPI_Transmit                       0x080025aa   Section        0  stm32f1xx_hal_spi.o(i.HAL_SPI_Transmit)
    i.HAL_SPI_TransmitReceive                0x08002732   Section        0  stm32f1xx_hal_spi.o(i.HAL_SPI_TransmitReceive)
    i.HAL_TIMEx_BreakCallback                0x080029a6   Section        0  stm32f1xx_hal_tim_ex.o(i.HAL_TIMEx_BreakCallback)
    i.HAL_TIMEx_CommutCallback               0x080029a8   Section        0  stm32f1xx_hal_tim_ex.o(i.HAL_TIMEx_CommutCallback)
    i.HAL_TIM_Base_DeInit                    0x080029aa   Section        0  stm32f1xx_hal_tim.o(i.HAL_TIM_Base_DeInit)
    i.HAL_TIM_Base_Init                      0x080029e2   Section        0  stm32f1xx_hal_tim.o(i.HAL_TIM_Base_Init)
    i.HAL_TIM_Base_MspDeInit                 0x08002a18   Section        0  stm32f1xx_hal_tim.o(i.HAL_TIM_Base_MspDeInit)
    i.HAL_TIM_Base_MspInit                   0x08002a1c   Section        0  timer.o(i.HAL_TIM_Base_MspInit)
    i.HAL_TIM_Base_Start_IT                  0x08002a58   Section        0  stm32f1xx_hal_tim.o(i.HAL_TIM_Base_Start_IT)
    i.HAL_TIM_IC_CaptureCallback             0x08002a7a   Section        0  stm32f1xx_hal_tim.o(i.HAL_TIM_IC_CaptureCallback)
    i.HAL_TIM_IRQHandler                     0x08002a7c   Section        0  stm32f1xx_hal_tim.o(i.HAL_TIM_IRQHandler)
    i.HAL_TIM_OC_DelayElapsedCallback        0x08002be2   Section        0  stm32f1xx_hal_tim.o(i.HAL_TIM_OC_DelayElapsedCallback)
    i.HAL_TIM_PWM_PulseFinishedCallback      0x08002be4   Section        0  stm32f1xx_hal_tim.o(i.HAL_TIM_PWM_PulseFinishedCallback)
    i.HAL_TIM_PeriodElapsedCallback          0x08002be8   Section        0  timer.o(i.HAL_TIM_PeriodElapsedCallback)
    i.HAL_TIM_TriggerCallback                0x08002c08   Section        0  stm32f1xx_hal_tim.o(i.HAL_TIM_TriggerCallback)
    i.HAL_UART_DMAStop                       0x08002c0a   Section        0  stm32f1xx_hal_uart.o(i.HAL_UART_DMAStop)
    i.HAL_UART_DeInit                        0x08002c62   Section        0  stm32f1xx_hal_uart.o(i.HAL_UART_DeInit)
    i.HAL_UART_ErrorCallback                 0x08002c94   Section        0  stm32f1xx_hal_uart.o(i.HAL_UART_ErrorCallback)
    i.HAL_UART_Init                          0x08002c96   Section        0  stm32f1xx_hal_uart.o(i.HAL_UART_Init)
    i.HAL_UART_MspDeInit                     0x08002cf8   Section        0  stm32f1xx_hal_uart.o(i.HAL_UART_MspDeInit)
    i.HAL_UART_MspInit                       0x08002cfc   Section        0  usart.o(i.HAL_UART_MspInit)
    i.HAL_UART_Receive_DMA                   0x08002dc4   Section        0  stm32f1xx_hal_uart.o(i.HAL_UART_Receive_DMA)
    i.HAL_UART_RxCpltCallback                0x08002e5c   Section        0  stm32f1xx_hal_uart.o(i.HAL_UART_RxCpltCallback)
    i.HAL_UART_RxHalfCpltCallback            0x08002e5e   Section        0  stm32f1xx_hal_uart.o(i.HAL_UART_RxHalfCpltCallback)
    i.HardFault_Handler                      0x08002e60   Section        0  stm32f1xx_it.o(i.HardFault_Handler)
    i.IIC_Init                               0x08002e64   Section        0  iic.o(i.IIC_Init)
    i.IIC_Read_Byte                          0x08002ed4   Section        0  iic.o(i.IIC_Read_Byte)
    i.IIC_Send_Byte                          0x08002f8c   Section        0  iic.o(i.IIC_Send_Byte)
    i.IIC_Start                              0x08002fdc   Section        0  iic.o(i.IIC_Start)
    i.IIC_Stop                               0x0800300c   Section        0  iic.o(i.IIC_Stop)
    i.IIC_Wait_Ack                           0x0800303c   Section        0  iic.o(i.IIC_Wait_Ack)
    i.Load_APP                               0x08003094   Section        0  stmflash.o(i.Load_APP)
    i.M24C02_ReadSequential                  0x08003114   Section        0  24c02.o(i.M24C02_ReadSequential)
    i.M24C02_WriteOneByte                    0x08003174   Section        0  24c02.o(i.M24C02_WriteOneByte)
    i.NMI_Handler                            0x080031aa   Section        0  stm32f1xx_it.o(i.NMI_Handler)
    i.Printf_AliCer                          0x080031ac   Section        0  boot.o(i.Printf_AliCer)
    i.RTC_EnterInitMode                      0x0800323c   Section        0  stm32f1xx_hal_rtc.o(i.RTC_EnterInitMode)
    RTC_EnterInitMode                        0x0800323d   Thumb Code    52  stm32f1xx_hal_rtc.o(i.RTC_EnterInitMode)
    i.RTC_ExitInitMode                       0x08003270   Section        0  stm32f1xx_hal_rtc.o(i.RTC_ExitInitMode)
    RTC_ExitInitMode                         0x08003271   Thumb Code    54  stm32f1xx_hal_rtc.o(i.RTC_ExitInitMode)
    i.RccClock_HSE_Init                      0x080032a6   Section        0  rcc.o(i.RccClock_HSE_Init)
    i.SPI1_Init                              0x08003314   Section        0  spi.o(i.SPI1_Init)
    i.SPI1_ReadWriteByte                     0x08003360   Section        0  spi.o(i.SPI1_ReadWriteByte)
    i.SPI_EndRxTransaction                   0x08003380   Section        0  stm32f1xx_hal_spi.o(i.SPI_EndRxTransaction)
    SPI_EndRxTransaction                     0x08003381   Thumb Code    92  stm32f1xx_hal_spi.o(i.SPI_EndRxTransaction)
    i.SPI_EndRxTxTransaction                 0x080033dc   Section        0  stm32f1xx_hal_spi.o(i.SPI_EndRxTxTransaction)
    SPI_EndRxTxTransaction                   0x080033dd   Thumb Code    32  stm32f1xx_hal_spi.o(i.SPI_EndRxTxTransaction)
    i.SPI_WaitFlagStateUntilTimeout          0x080033fc   Section        0  stm32f1xx_hal_spi.o(i.SPI_WaitFlagStateUntilTimeout)
    SPI_WaitFlagStateUntilTimeout            0x080033fd   Thumb Code   148  stm32f1xx_hal_spi.o(i.SPI_WaitFlagStateUntilTimeout)
    i.Stm32Flash_Erase                       0x08003490   Section        0  stmflash.o(i.Stm32Flash_Erase)
    i.Stm32Flash_Write                       0x08003500   Section        0  stmflash.o(i.Stm32Flash_Write)
    i.SystemInit                             0x08003538   Section        0  system_stm32f1xx.o(i.SystemInit)
    i.TIM1_Init                              0x08003580   Section        0  timer.o(i.TIM1_Init)
    i.TIM1_UP_IRQHandler                     0x080035a8   Section        0  stm32f1xx_it.o(i.TIM1_UP_IRQHandler)
    i.TIM2_IRQHandler                        0x080035b4   Section        0  stm32f1xx_it.o(i.TIM2_IRQHandler)
    i.TIM_Base_SetConfig                     0x080035c0   Section        0  stm32f1xx_hal_tim.o(i.TIM_Base_SetConfig)
    i.U1Rx_Buff_Init                         0x0800362c   Section        0  usart.o(i.U1Rx_Buff_Init)
    i.U1_Init                                0x0800366c   Section        0  usart.o(i.U1_Init)
    i.UART_DMAError                          0x080036bc   Section        0  stm32f1xx_hal_uart.o(i.UART_DMAError)
    UART_DMAError                            0x080036bd   Thumb Code    74  stm32f1xx_hal_uart.o(i.UART_DMAError)
    i.UART_DMAReceiveCplt                    0x08003706   Section        0  stm32f1xx_hal_uart.o(i.UART_DMAReceiveCplt)
    UART_DMAReceiveCplt                      0x08003707   Thumb Code    60  stm32f1xx_hal_uart.o(i.UART_DMAReceiveCplt)
    i.UART_DMARxHalfCplt                     0x08003742   Section        0  stm32f1xx_hal_uart.o(i.UART_DMARxHalfCplt)
    UART_DMARxHalfCplt                       0x08003743   Thumb Code    10  stm32f1xx_hal_uart.o(i.UART_DMARxHalfCplt)
    i.UART_EndRxTransfer                     0x0800374c   Section        0  stm32f1xx_hal_uart.o(i.UART_EndRxTransfer)
    UART_EndRxTransfer                       0x0800374d   Thumb Code    28  stm32f1xx_hal_uart.o(i.UART_EndRxTransfer)
    i.UART_EndTxTransfer                     0x08003768   Section        0  stm32f1xx_hal_uart.o(i.UART_EndTxTransfer)
    UART_EndTxTransfer                       0x08003769   Thumb Code    18  stm32f1xx_hal_uart.o(i.UART_EndTxTransfer)
    i.UART_SetConfig                         0x0800377c   Section        0  stm32f1xx_hal_uart.o(i.UART_SetConfig)
    UART_SetConfig                           0x0800377d   Thumb Code   178  stm32f1xx_hal_uart.o(i.UART_SetConfig)
    i.USART1_IRQHandler                      0x08003834   Section        0  stm32f1xx_it.o(i.USART1_IRQHandler)
    i.W25Qxx_Init                            0x080038c0   Section        0  w25qxx.o(i.W25Qxx_Init)
    i.W25Qxx_Read                            0x08003924   Section        0  w25qxx.o(i.W25Qxx_Read)
    i.W25Qxx_ReadID                          0x08003990   Section        0  w25qxx.o(i.W25Qxx_ReadID)
    i.W25Qxx_Wait_Busy                       0x080039fc   Section        0  w25qxx.o(i.W25Qxx_Wait_Busy)
    i.W25Qxx_Write_Enable                    0x08003a3c   Section        0  w25qxx.o(i.W25Qxx_Write_Enable)
    i.__0vsprintf                            0x08003a78   Section        0  printfa.o(i.__0vsprintf)
    i.__NVIC_SetPriority                     0x08003a9c   Section        0  stm32f1xx_hal_cortex.o(i.__NVIC_SetPriority)
    __NVIC_SetPriority                       0x08003a9d   Thumb Code    32  stm32f1xx_hal_cortex.o(i.__NVIC_SetPriority)
    i.__NVIC_SystemReset                     0x08003abc   Section        0  boot.o(i.__NVIC_SystemReset)
    __NVIC_SystemReset                       0x08003abd   Thumb Code    26  boot.o(i.__NVIC_SystemReset)
    i.__NVIC_SystemReset                     0x08003ae0   Section        0  rcc.o(i.__NVIC_SystemReset)
    __NVIC_SystemReset                       0x08003ae1   Thumb Code    26  rcc.o(i.__NVIC_SystemReset)
    i.__scatterload_copy                     0x08003b04   Section       14  handlers.o(i.__scatterload_copy)
    i.__scatterload_null                     0x08003b12   Section        2  handlers.o(i.__scatterload_null)
    i.__scatterload_zeroinit                 0x08003b14   Section       14  handlers.o(i.__scatterload_zeroinit)
    i._fp_digits                             0x08003b24   Section        0  printfa.o(i._fp_digits)
    _fp_digits                               0x08003b25   Thumb Code   366  printfa.o(i._fp_digits)
    i._printf_core                           0x08003ca8   Section        0  printfa.o(i._printf_core)
    _printf_core                             0x08003ca9   Thumb Code  1744  printfa.o(i._printf_core)
    i._printf_post_padding                   0x08004384   Section        0  printfa.o(i._printf_post_padding)
    _printf_post_padding                     0x08004385   Thumb Code    36  printfa.o(i._printf_post_padding)
    i._printf_pre_padding                    0x080043a8   Section        0  printfa.o(i._printf_pre_padding)
    _printf_pre_padding                      0x080043a9   Thumb Code    46  printfa.o(i._printf_pre_padding)
    i._sputc                                 0x080043d6   Section        0  printfa.o(i._sputc)
    _sputc                                   0x080043d7   Thumb Code    10  printfa.o(i._sputc)
    i.main                                   0x080043e0   Section        0  main.o(i.main)
    i.u1_TxHex                               0x0800449c   Section        0  usart.o(i.u1_TxHex)
    i.u1_printf                              0x080044bc   Section        0  usart.o(i.u1_printf)
    .constdata                               0x08004508   Section       16  system_stm32f1xx.o(.constdata)
    .constdata                               0x08004518   Section        8  system_stm32f1xx.o(.constdata)
    .constdata                               0x08004520   Section       64  ctype_c.o(.constdata)
    .conststring                             0x08004560   Section      148  boot.o(.conststring)
    .data                                    0x20000000   Section        4  main.o(.data)
    .data                                    0x20000004   Section        4  stmflash.o(.data)
    .data                                    0x20000008   Section       12  stm32f1xx_hal.o(.data)
    .data                                    0x20000014   Section        4  system_stm32f1xx.o(.data)
    .bss                                     0x20000018   Section     1028  main.o(.bss)
    .bss                                     0x2000041c   Section      112  main.o(.bss)
    .bss                                     0x2000048c   Section     2536  usart.o(.bss)
    .bss                                     0x20000e74   Section      512  usart.o(.bss)
    .bss                                     0x20001074   Section       20  stmflash.o(.bss)
    .bss                                     0x20001088   Section       64  timer.o(.bss)
    .bss                                     0x200010c8   Section       88  spi.o(.bss)
    .bss                                     0x20001120   Section       20  rtc.o(.bss)
    .bss                                     0x20001134   Section       64  stm32f1xx_hal_timebase_tim_template.o(.bss)
    .bss                                     0x20001178   Section       32  stm32f1xx_hal_flash.o(.bss)
    STACK                                    0x20001198   Section     1024  startup_stm32f103xb.o(STACK)

    Global Symbols

    Symbol Name                              Value     Ov Type        Size  Object(Section)

    BuildAttributes$$THM_ISAv4$P$D$K$B$S$PE$A:L22UL41UL21$X:L11$S22US41US21$IEEE1$IW$USESV6$~STKCKD$USESV7$~SHL$OSPACE$ROPI$EBA8$MICROLIB$REQ8$PRES8$EABIv2 0x00000000   Number         0  anon$$obj.o ABSOLUTE
    __ARM_use_no_argv                        0x00000000   Number         0  main.o ABSOLUTE
    __cpp_initialize__aeabi_                  - Undefined Weak Reference
    __cxa_finalize                            - Undefined Weak Reference
    __decompress                              - Undefined Weak Reference
    _clock_init                               - Undefined Weak Reference
    _microlib_exit                            - Undefined Weak Reference
    _scanf_int                                - Undefined Weak Reference
    _scanf_longlong                           - Undefined Weak Reference
    _scanf_real                               - Undefined Weak Reference
    __Vectors_Size                           0x000000ec   Number         0  startup_stm32f103xb.o ABSOLUTE
    __Vectors                                0x08000000   Data           4  startup_stm32f103xb.o(RESET)
    __Vectors_End                            0x080000ec   Data           0  startup_stm32f103xb.o(RESET)
    __main                                   0x080000ed   Thumb Code     0  entry.o(.ARM.Collect$$$$00000000)
    _main_stk                                0x080000ed   Thumb Code     0  entry2.o(.ARM.Collect$$$$00000001)
    _main_scatterload                        0x080000f1   Thumb Code     0  entry5.o(.ARM.Collect$$$$00000004)
    __main_after_scatterload                 0x080000f5   Thumb Code     0  entry5.o(.ARM.Collect$$$$00000004)
    _main_clock                              0x080000f5   Thumb Code     0  entry7b.o(.ARM.Collect$$$$00000008)
    _main_cpp_init                           0x080000f5   Thumb Code     0  entry8b.o(.ARM.Collect$$$$0000000A)
    _main_init                               0x080000f5   Thumb Code     0  entry9a.o(.ARM.Collect$$$$0000000B)
    __rt_final_cpp                           0x080000fd   Thumb Code     0  entry10a.o(.ARM.Collect$$$$0000000D)
    __rt_final_exit                          0x080000fd   Thumb Code     0  entry11a.o(.ARM.Collect$$$$0000000F)
    MSR_MSP                                  0x08000101   Thumb Code     6  stmflash.o(.emb_text)
    Reset_Handler                            0x08000109   Thumb Code     8  startup_stm32f103xb.o(.text)
    MemManage_Handler                        0x08000115   Thumb Code     2  startup_stm32f103xb.o(.text)
    BusFault_Handler                         0x08000117   Thumb Code     2  startup_stm32f103xb.o(.text)
    UsageFault_Handler                       0x08000119   Thumb Code     2  startup_stm32f103xb.o(.text)
    SVC_Handler                              0x0800011b   Thumb Code     2  startup_stm32f103xb.o(.text)
    DebugMon_Handler                         0x0800011d   Thumb Code     2  startup_stm32f103xb.o(.text)
    PendSV_Handler                           0x0800011f   Thumb Code     2  startup_stm32f103xb.o(.text)
    SysTick_Handler                          0x08000121   Thumb Code     2  startup_stm32f103xb.o(.text)
    ADC1_2_IRQHandler                        0x08000123   Thumb Code     0  startup_stm32f103xb.o(.text)
    CAN1_RX1_IRQHandler                      0x08000123   Thumb Code     0  startup_stm32f103xb.o(.text)
    CAN1_SCE_IRQHandler                      0x08000123   Thumb Code     0  startup_stm32f103xb.o(.text)
    DMA1_Channel4_IRQHandler                 0x08000123   Thumb Code     0  startup_stm32f103xb.o(.text)
    DMA1_Channel5_IRQHandler                 0x08000123   Thumb Code     0  startup_stm32f103xb.o(.text)
    DMA1_Channel6_IRQHandler                 0x08000123   Thumb Code     0  startup_stm32f103xb.o(.text)
    DMA1_Channel7_IRQHandler                 0x08000123   Thumb Code     0  startup_stm32f103xb.o(.text)
    EXTI0_IRQHandler                         0x08000123   Thumb Code     0  startup_stm32f103xb.o(.text)
    EXTI15_10_IRQHandler                     0x08000123   Thumb Code     0  startup_stm32f103xb.o(.text)
    EXTI1_IRQHandler                         0x08000123   Thumb Code     0  startup_stm32f103xb.o(.text)
    EXTI2_IRQHandler                         0x08000123   Thumb Code     0  startup_stm32f103xb.o(.text)
    EXTI3_IRQHandler                         0x08000123   Thumb Code     0  startup_stm32f103xb.o(.text)
    EXTI4_IRQHandler                         0x08000123   Thumb Code     0  startup_stm32f103xb.o(.text)
    EXTI9_5_IRQHandler                       0x08000123   Thumb Code     0  startup_stm32f103xb.o(.text)
    FLASH_IRQHandler                         0x08000123   Thumb Code     0  startup_stm32f103xb.o(.text)
    I2C1_ER_IRQHandler                       0x08000123   Thumb Code     0  startup_stm32f103xb.o(.text)
    I2C1_EV_IRQHandler                       0x08000123   Thumb Code     0  startup_stm32f103xb.o(.text)
    I2C2_ER_IRQHandler                       0x08000123   Thumb Code     0  startup_stm32f103xb.o(.text)
    I2C2_EV_IRQHandler                       0x08000123   Thumb Code     0  startup_stm32f103xb.o(.text)
    PVD_IRQHandler                           0x08000123   Thumb Code     0  startup_stm32f103xb.o(.text)
    RCC_IRQHandler                           0x08000123   Thumb Code     0  startup_stm32f103xb.o(.text)
    RTC_Alarm_IRQHandler                     0x08000123   Thumb Code     0  startup_stm32f103xb.o(.text)
    RTC_IRQHandler                           0x08000123   Thumb Code     0  startup_stm32f103xb.o(.text)
    SPI1_IRQHandler                          0x08000123   Thumb Code     0  startup_stm32f103xb.o(.text)
    SPI2_IRQHandler                          0x08000123   Thumb Code     0  startup_stm32f103xb.o(.text)
    TAMPER_IRQHandler                        0x08000123   Thumb Code     0  startup_stm32f103xb.o(.text)
    TIM1_BRK_IRQHandler                      0x08000123   Thumb Code     0  startup_stm32f103xb.o(.text)
    TIM1_CC_IRQHandler                       0x08000123   Thumb Code     0  startup_stm32f103xb.o(.text)
    TIM1_TRG_COM_IRQHandler                  0x08000123   Thumb Code     0  startup_stm32f103xb.o(.text)
    TIM3_IRQHandler                          0x08000123   Thumb Code     0  startup_stm32f103xb.o(.text)
    TIM4_IRQHandler                          0x08000123   Thumb Code     0  startup_stm32f103xb.o(.text)
    USART2_IRQHandler                        0x08000123   Thumb Code     0  startup_stm32f103xb.o(.text)
    USART3_IRQHandler                        0x08000123   Thumb Code     0  startup_stm32f103xb.o(.text)
    USBWakeUp_IRQHandler                     0x08000123   Thumb Code     0  startup_stm32f103xb.o(.text)
    USB_HP_CAN1_TX_IRQHandler                0x08000123   Thumb Code     0  startup_stm32f103xb.o(.text)
    USB_LP_CAN1_RX0_IRQHandler               0x08000123   Thumb Code     0  startup_stm32f103xb.o(.text)
    WWDG_IRQHandler                          0x08000123   Thumb Code     0  startup_stm32f103xb.o(.text)
    __aeabi_llsr                             0x0800012d   Thumb Code    32  llushr.o(.text)
    _ll_ushift_r                             0x0800012d   Thumb Code     0  llushr.o(.text)
    __aeabi_memcpy                           0x0800014d   Thumb Code    36  memcpya.o(.text)
    __aeabi_memcpy4                          0x0800014d   Thumb Code     0  memcpya.o(.text)
    __aeabi_memcpy8                          0x0800014d   Thumb Code     0  memcpya.o(.text)
    __aeabi_memset                           0x08000171   Thumb Code    14  memseta.o(.text)
    __aeabi_memset4                          0x08000171   Thumb Code     0  memseta.o(.text)
    __aeabi_memset8                          0x08000171   Thumb Code     0  memseta.o(.text)
    __aeabi_memclr                           0x0800017f   Thumb Code     4  memseta.o(.text)
    __aeabi_memclr4                          0x0800017f   Thumb Code     0  memseta.o(.text)
    __aeabi_memclr8                          0x0800017f   Thumb Code     0  memseta.o(.text)
    _memset$wrapper                          0x08000183   Thumb Code    18  memseta.o(.text)
    strlen                                   0x08000195   Thumb Code    14  strlen.o(.text)
    __0sscanf                                0x080001a5   Thumb Code    48  __0sscanf.o(.text)
    _scanf_string                            0x080001dd   Thumb Code   224  _scanf_str.o(.text)
    __aeabi_uidiv                            0x080002bd   Thumb Code     0  uidiv.o(.text)
    __aeabi_uidivmod                         0x080002bd   Thumb Code    44  uidiv.o(.text)
    __aeabi_uldivmod                         0x080002e9   Thumb Code    98  uldiv.o(.text)
    __vfscanf_char                           0x08000359   Thumb Code    20  scanf_char.o(.text)
    _sgetc                                   0x08000375   Thumb Code    30  _sgetc.o(.text)
    _sbackspace                              0x08000393   Thumb Code    34  _sgetc.o(.text)
    __I$use$fp                               0x080003b5   Thumb Code     0  iusefp.o(.text)
    __aeabi_dadd                             0x080003b5   Thumb Code   322  dadd.o(.text)
    __aeabi_dsub                             0x080004f7   Thumb Code     6  dadd.o(.text)
    __aeabi_drsub                            0x080004fd   Thumb Code     6  dadd.o(.text)
    __aeabi_dmul                             0x08000503   Thumb Code   228  dmul.o(.text)
    __aeabi_ddiv                             0x080005e7   Thumb Code   222  ddiv.o(.text)
    __aeabi_d2ulz                            0x080006c5   Thumb Code    48  dfixul.o(.text)
    __aeabi_cdrcmple                         0x080006f5   Thumb Code    48  cdrcmple.o(.text)
    __scatterload                            0x08000725   Thumb Code    28  init.o(.text)
    __scatterload_rt2                        0x08000725   Thumb Code     0  init.o(.text)
    __aeabi_llsl                             0x08000749   Thumb Code    30  llshl.o(.text)
    _ll_shift_l                              0x08000749   Thumb Code     0  llshl.o(.text)
    __aeabi_lasr                             0x08000767   Thumb Code    36  llsshr.o(.text)
    _ll_sshift_r                             0x08000767   Thumb Code     0  llsshr.o(.text)
    isspace                                  0x0800078b   Thumb Code    10  isspace_c.o(.text)
    __vfscanf                                0x08000795   Thumb Code   808  _scanf.o(.text)
    _double_round                            0x08000ac1   Thumb Code    30  depilogue.o(.text)
    _double_epilogue                         0x08000adf   Thumb Code   156  depilogue.o(.text)
    __ctype_lookup                           0x08000b7d   Thumb Code    34  ctype_c.o(.text)
    ActiveEvent                              0x08000ba5   Thumb Code   144  boot.o(i.ActiveEvent)
    BootLoader_AliCerInspect                 0x08000c8d   Thumb Code   102  boot.o(i.BootLoader_AliCerInspect)
    BootLoader_Branch                        0x08000d15   Thumb Code   150  boot.o(i.BootLoader_Branch)
    BootLoader_Clear                         0x08000e0d   Thumb Code    24  boot.o(i.BootLoader_Clear)
    BootLoader_Enter                         0x08000e31   Thumb Code    40  boot.o(i.BootLoader_Enter)
    BootLoader_Event                         0x08000e81   Thumb Code   440  boot.o(i.BootLoader_Event)
    BootLoader_Info                          0x08001151   Thumb Code    30  boot.o(i.BootLoader_Info)
    DMA1_Channel1_IRQHandler                 0x080011d9   Thumb Code     6  stm32f1xx_it.o(i.DMA1_Channel1_IRQHandler)
    DMA1_Channel2_IRQHandler                 0x080011e5   Thumb Code     8  stm32f1xx_it.o(i.DMA1_Channel2_IRQHandler)
    DMA1_Channel3_IRQHandler                 0x080011f1   Thumb Code     8  stm32f1xx_it.o(i.DMA1_Channel3_IRQHandler)
    Delay_Us                                 0x08001229   Thumb Code    52  delay.o(i.Delay_Us)
    EEprom_ReadData                          0x08001261   Thumb Code     4  24c02.o(i.EEprom_ReadData)
    EEprom_ReadInfo                          0x08001265   Thumb Code    40  24c02.o(i.EEprom_ReadInfo)
    EEprom_WriteData                         0x080012b9   Thumb Code    38  24c02.o(i.EEprom_WriteData)
    FLASH_PageErase                          0x08001305   Thumb Code    28  stm32f1xx_hal_flash_ex.o(i.FLASH_PageErase)
    FLASH_WaitForLastOperation               0x080013a1   Thumb Code    80  stm32f1xx_hal_flash.o(i.FLASH_WaitForLastOperation)
    HAL_DMA_Abort                            0x080013f5   Thumb Code    70  stm32f1xx_hal_dma.o(i.HAL_DMA_Abort)
    HAL_DMA_IRQHandler                       0x0800143d   Thumb Code   316  stm32f1xx_hal_dma.o(i.HAL_DMA_IRQHandler)
    HAL_DMA_Init                             0x08001591   Thumb Code    84  stm32f1xx_hal_dma.o(i.HAL_DMA_Init)
    HAL_DMA_Start_IT                         0x080015ed   Thumb Code   112  stm32f1xx_hal_dma.o(i.HAL_DMA_Start_IT)
    HAL_Delay                                0x0800165d   Thumb Code    32  stm32f1xx_hal.o(i.HAL_Delay)
    HAL_FLASHEx_Erase                        0x08001681   Thumb Code   160  stm32f1xx_hal_flash_ex.o(i.HAL_FLASHEx_Erase)
    HAL_FLASH_Lock                           0x08001729   Thumb Code    14  stm32f1xx_hal_flash.o(i.HAL_FLASH_Lock)
    HAL_FLASH_Program                        0x0800173d   Thumb Code   120  stm32f1xx_hal_flash.o(i.HAL_FLASH_Program)
    HAL_FLASH_Unlock                         0x080017bd   Thumb Code    28  stm32f1xx_hal_flash.o(i.HAL_FLASH_Unlock)
    HAL_GPIO_Init                            0x080017e5   Thumb Code   446  stm32f1xx_hal_gpio.o(i.HAL_GPIO_Init)
    HAL_GPIO_ReadPin                         0x080019c5   Thumb Code    10  stm32f1xx_hal_gpio.o(i.HAL_GPIO_ReadPin)
    HAL_GPIO_WritePin                        0x080019cf   Thumb Code    10  stm32f1xx_hal_gpio.o(i.HAL_GPIO_WritePin)
    HAL_GetTick                              0x080019d9   Thumb Code     6  stm32f1xx_hal.o(i.HAL_GetTick)
    HAL_IncTick                              0x080019e5   Thumb Code    12  stm32f1xx_hal.o(i.HAL_IncTick)
    HAL_Init                                 0x080019f5   Thumb Code    32  stm32f1xx_hal.o(i.HAL_Init)
    HAL_InitTick                             0x08001a19   Thumb Code   134  stm32f1xx_hal_timebase_tim_template.o(i.HAL_InitTick)
    HAL_MspInit                              0x08001ab1   Thumb Code    62  stm32f1xx_hal_msp_template.o(i.HAL_MspInit)
    HAL_NVIC_EnableIRQ                       0x08001af9   Thumb Code    26  stm32f1xx_hal_cortex.o(i.HAL_NVIC_EnableIRQ)
    HAL_NVIC_SetPriority                     0x08001b15   Thumb Code    60  stm32f1xx_hal_cortex.o(i.HAL_NVIC_SetPriority)
    HAL_NVIC_SetPriorityGrouping             0x08001b55   Thumb Code    26  stm32f1xx_hal_cortex.o(i.HAL_NVIC_SetPriorityGrouping)
    HAL_PWR_EnableWakeUpPin                  0x08001b79   Thumb Code    22  stm32f1xx_hal_pwr.o(i.HAL_PWR_EnableWakeUpPin)
    HAL_PWR_EnterSTANDBYMode                 0x08001b95   Thumb Code    24  stm32f1xx_hal_pwr.o(i.HAL_PWR_EnterSTANDBYMode)
    HAL_RCCEx_PeriphCLKConfig                0x08001bb5   Thumb Code   224  stm32f1xx_hal_rcc_ex.o(i.HAL_RCCEx_PeriphCLKConfig)
    HAL_RCC_ClockConfig                      0x08001ca1   Thumb Code   280  stm32f1xx_hal_rcc.o(i.HAL_RCC_ClockConfig)
    HAL_RCC_GetClockConfig                   0x08001dcd   Thumb Code    54  stm32f1xx_hal_rcc.o(i.HAL_RCC_GetClockConfig)
    HAL_RCC_GetPCLK1Freq                     0x08001e0d   Thumb Code    20  stm32f1xx_hal_rcc.o(i.HAL_RCC_GetPCLK1Freq)
    HAL_RCC_GetPCLK2Freq                     0x08001e2d   Thumb Code    20  stm32f1xx_hal_rcc.o(i.HAL_RCC_GetPCLK2Freq)
    HAL_RCC_GetSysClockFreq                  0x08001e4d   Thumb Code    74  stm32f1xx_hal_rcc.o(i.HAL_RCC_GetSysClockFreq)
    HAL_RCC_OscConfig                        0x08001eb9   Thumb Code   778  stm32f1xx_hal_rcc.o(i.HAL_RCC_OscConfig)
    HAL_RTCEx_BKUPRead                       0x080021d9   Thumb Code    10  stm32f1xx_hal_rtc_ex.o(i.HAL_RTCEx_BKUPRead)
    HAL_RTCEx_BKUPWrite                      0x080021e9   Thumb Code    12  stm32f1xx_hal_rtc_ex.o(i.HAL_RTCEx_BKUPWrite)
    HAL_RTC_DeInit                           0x080021f9   Thumb Code   100  stm32f1xx_hal_rtc.o(i.HAL_RTC_DeInit)
    HAL_RTC_MspDeInit                        0x0800225d   Thumb Code    34  rtc.o(i.HAL_RTC_MspDeInit)
    HAL_RTC_WaitForSynchro                   0x0800228d   Thumb Code    58  stm32f1xx_hal_rtc.o(i.HAL_RTC_WaitForSynchro)
    HAL_SPI_Init                             0x080022c7   Thumb Code   136  stm32f1xx_hal_spi.o(i.HAL_SPI_Init)
    HAL_SPI_MspInit                          0x08002351   Thumb Code    74  spi.o(i.HAL_SPI_MspInit)
    HAL_SPI_Receive                          0x080023a9   Thumb Code   514  stm32f1xx_hal_spi.o(i.HAL_SPI_Receive)
    HAL_SPI_Transmit                         0x080025ab   Thumb Code   392  stm32f1xx_hal_spi.o(i.HAL_SPI_Transmit)
    HAL_SPI_TransmitReceive                  0x08002733   Thumb Code   628  stm32f1xx_hal_spi.o(i.HAL_SPI_TransmitReceive)
    HAL_TIMEx_BreakCallback                  0x080029a7   Thumb Code     2  stm32f1xx_hal_tim_ex.o(i.HAL_TIMEx_BreakCallback)
    HAL_TIMEx_CommutCallback                 0x080029a9   Thumb Code     2  stm32f1xx_hal_tim_ex.o(i.HAL_TIMEx_CommutCallback)
    HAL_TIM_Base_DeInit                      0x080029ab   Thumb Code    56  stm32f1xx_hal_tim.o(i.HAL_TIM_Base_DeInit)
    HAL_TIM_Base_Init                        0x080029e3   Thumb Code    54  stm32f1xx_hal_tim.o(i.HAL_TIM_Base_Init)
    HAL_TIM_Base_MspDeInit                   0x08002a19   Thumb Code     2  stm32f1xx_hal_tim.o(i.HAL_TIM_Base_MspDeInit)
    HAL_TIM_Base_MspInit                     0x08002a1d   Thumb Code    50  timer.o(i.HAL_TIM_Base_MspInit)
    HAL_TIM_Base_Start_IT                    0x08002a59   Thumb Code    34  stm32f1xx_hal_tim.o(i.HAL_TIM_Base_Start_IT)
    HAL_TIM_IC_CaptureCallback               0x08002a7b   Thumb Code     2  stm32f1xx_hal_tim.o(i.HAL_TIM_IC_CaptureCallback)
    HAL_TIM_IRQHandler                       0x08002a7d   Thumb Code   358  stm32f1xx_hal_tim.o(i.HAL_TIM_IRQHandler)
    HAL_TIM_OC_DelayElapsedCallback          0x08002be3   Thumb Code     2  stm32f1xx_hal_tim.o(i.HAL_TIM_OC_DelayElapsedCallback)
    HAL_TIM_PWM_PulseFinishedCallback        0x08002be5   Thumb Code     2  stm32f1xx_hal_tim.o(i.HAL_TIM_PWM_PulseFinishedCallback)
    HAL_TIM_PeriodElapsedCallback            0x08002be9   Thumb Code    26  timer.o(i.HAL_TIM_PeriodElapsedCallback)
    HAL_TIM_TriggerCallback                  0x08002c09   Thumb Code     2  stm32f1xx_hal_tim.o(i.HAL_TIM_TriggerCallback)
    HAL_UART_DMAStop                         0x08002c0b   Thumb Code    88  stm32f1xx_hal_uart.o(i.HAL_UART_DMAStop)
    HAL_UART_DeInit                          0x08002c63   Thumb Code    50  stm32f1xx_hal_uart.o(i.HAL_UART_DeInit)
    HAL_UART_ErrorCallback                   0x08002c95   Thumb Code     2  stm32f1xx_hal_uart.o(i.HAL_UART_ErrorCallback)
    HAL_UART_Init                            0x08002c97   Thumb Code    98  stm32f1xx_hal_uart.o(i.HAL_UART_Init)
    HAL_UART_MspDeInit                       0x08002cf9   Thumb Code     2  stm32f1xx_hal_uart.o(i.HAL_UART_MspDeInit)
    HAL_UART_MspInit                         0x08002cfd   Thumb Code   180  usart.o(i.HAL_UART_MspInit)
    HAL_UART_Receive_DMA                     0x08002dc5   Thumb Code   138  stm32f1xx_hal_uart.o(i.HAL_UART_Receive_DMA)
    HAL_UART_RxCpltCallback                  0x08002e5d   Thumb Code     2  stm32f1xx_hal_uart.o(i.HAL_UART_RxCpltCallback)
    HAL_UART_RxHalfCpltCallback              0x08002e5f   Thumb Code     2  stm32f1xx_hal_uart.o(i.HAL_UART_RxHalfCpltCallback)
    HardFault_Handler                        0x08002e61   Thumb Code     2  stm32f1xx_it.o(i.HardFault_Handler)
    IIC_Init                                 0x08002e65   Thumb Code   102  iic.o(i.IIC_Init)
    IIC_Read_Byte                            0x08002ed5   Thumb Code   178  iic.o(i.IIC_Read_Byte)
    IIC_Send_Byte                            0x08002f8d   Thumb Code    74  iic.o(i.IIC_Send_Byte)
    IIC_Start                                0x08002fdd   Thumb Code    44  iic.o(i.IIC_Start)
    IIC_Stop                                 0x0800300d   Thumb Code    44  iic.o(i.IIC_Stop)
    IIC_Wait_Ack                             0x0800303d   Thumb Code    82  iic.o(i.IIC_Wait_Ack)
    Load_APP                                 0x08003095   Thumb Code    66  stmflash.o(i.Load_APP)
    M24C02_ReadSequential                    0x08003115   Thumb Code    96  24c02.o(i.M24C02_ReadSequential)
    M24C02_WriteOneByte                      0x08003175   Thumb Code    54  24c02.o(i.M24C02_WriteOneByte)
    NMI_Handler                              0x080031ab   Thumb Code     2  stm32f1xx_it.o(i.NMI_Handler)
    Printf_AliCer                            0x080031ad   Thumb Code    56  boot.o(i.Printf_AliCer)
    RccClock_HSE_Init                        0x080032a7   Thumb Code   110  rcc.o(i.RccClock_HSE_Init)
    SPI1_Init                                0x08003315   Thumb Code    68  spi.o(i.SPI1_Init)
    SPI1_ReadWriteByte                       0x08003361   Thumb Code    28  spi.o(i.SPI1_ReadWriteByte)
    Stm32Flash_Erase                         0x08003491   Thumb Code    66  stmflash.o(i.Stm32Flash_Erase)
    Stm32Flash_Write                         0x08003501   Thumb Code    54  stmflash.o(i.Stm32Flash_Write)
    SystemInit                               0x08003539   Thumb Code    56  system_stm32f1xx.o(i.SystemInit)
    TIM1_Init                                0x08003581   Thumb Code    32  timer.o(i.TIM1_Init)
    TIM1_UP_IRQHandler                       0x080035a9   Thumb Code     6  stm32f1xx_it.o(i.TIM1_UP_IRQHandler)
    TIM2_IRQHandler                          0x080035b5   Thumb Code     6  stm32f1xx_it.o(i.TIM2_IRQHandler)
    TIM_Base_SetConfig                       0x080035c1   Thumb Code    94  stm32f1xx_hal_tim.o(i.TIM_Base_SetConfig)
    U1Rx_Buff_Init                           0x0800362d   Thumb Code    56  usart.o(i.U1Rx_Buff_Init)
    U1_Init                                  0x0800366d   Thumb Code    72  usart.o(i.U1_Init)
    USART1_IRQHandler                        0x08003835   Thumb Code   132  stm32f1xx_it.o(i.USART1_IRQHandler)
    W25Qxx_Init                              0x080038c1   Thumb Code    92  w25qxx.o(i.W25Qxx_Init)
    W25Qxx_Read                              0x08003925   Thumb Code   100  w25qxx.o(i.W25Qxx_Read)
    W25Qxx_ReadID                            0x08003991   Thumb Code    92  w25qxx.o(i.W25Qxx_ReadID)
    W25Qxx_Wait_Busy                         0x080039fd   Thumb Code    60  w25qxx.o(i.W25Qxx_Wait_Busy)
    W25Qxx_Write_Enable                      0x08003a3d   Thumb Code    54  w25qxx.o(i.W25Qxx_Write_Enable)
    __0vsprintf                              0x08003a79   Thumb Code    30  printfa.o(i.__0vsprintf)
    __1vsprintf                              0x08003a79   Thumb Code     0  printfa.o(i.__0vsprintf)
    __2vsprintf                              0x08003a79   Thumb Code     0  printfa.o(i.__0vsprintf)
    __c89vsprintf                            0x08003a79   Thumb Code     0  printfa.o(i.__0vsprintf)
    vsprintf                                 0x08003a79   Thumb Code     0  printfa.o(i.__0vsprintf)
    __scatterload_copy                       0x08003b05   Thumb Code    14  handlers.o(i.__scatterload_copy)
    __scatterload_null                       0x08003b13   Thumb Code     2  handlers.o(i.__scatterload_null)
    __scatterload_zeroinit                   0x08003b15   Thumb Code    14  handlers.o(i.__scatterload_zeroinit)
    main                                     0x080043e1   Thumb Code   138  main.o(i.main)
    u1_TxHex                                 0x0800449d   Thumb Code    26  usart.o(i.u1_TxHex)
    u1_printf                                0x080044bd   Thumb Code    72  usart.o(i.u1_printf)
    AHBPrescTable                            0x08004508   Data          16  system_stm32f1xx.o(.constdata)
    APBPrescTable                            0x08004518   Data           8  system_stm32f1xx.o(.constdata)
    __ctype_categories                       0x08004520   Data          64  ctype_c.o(.constdata)
    Region$$Table$$Base                      0x080045f4   Number         0  anon$$obj.o(Region$$Table)
    Region$$Table$$Limit                     0x08004614   Number         0  anon$$obj.o(Region$$Table)
    BootEventFlag                            0x20000000   Data           4  main.o(.data)
    loadapp                                  0x20000004   Data           4  stmflash.o(.data)
    uwTickFreq                               0x20000008   Data           1  stm32f1xx_hal.o(.data)
    uwTickPrio                               0x2000000c   Data           4  stm32f1xx_hal.o(.data)
    uwTick                                   0x20000010   Data           4  stm32f1xx_hal.o(.data)
    SystemCoreClock                          0x20000014   Data           4  system_stm32f1xx.o(.data)
    Update                                   0x20000018   Data        1028  main.o(.bss)
    AliInfoCB                                0x2000041c   Data         112  main.o(.bss)
    U1_Control                               0x2000048c   Data         232  usart.o(.bss)
    U1_TxBuff                                0x20000574   Data         256  usart.o(.bss)
    U1_RxBuff                                0x20000674   Data        2048  usart.o(.bss)
    U1Copy_RxBuff                            0x20000e74   Data         512  usart.o(.bss)
    stm32FlashCB                             0x20001074   Data          20  stmflash.o(.bss)
    htim1                                    0x20001088   Data          64  timer.o(.bss)
    SPI1_Handler                             0x200010c8   Data          88  spi.o(.bss)
    MyRtc                                    0x20001120   Data          20  rtc.o(.bss)
    htim2                                    0x20001134   Data          64  stm32f1xx_hal_timebase_tim_template.o(.bss)
    pFlash                                   0x20001178   Data          32  stm32f1xx_hal_flash.o(.bss)
    __initial_sp                             0x20001598   Data           0  startup_stm32f103xb.o(STACK)



==============================================================================

Memory Map of the image

  Image Entry point : 0x080000ed

  Load Region LR_IROM1 (Base: 0x08000000, Size: 0x0000462c, Max: 0x00010000, ABSOLUTE)

    Execution Region ER_IROM1 (Exec base: 0x08000000, Load base: 0x08000000, Size: 0x00004614, Max: 0x00010000, ABSOLUTE)

    Exec Addr    Load Addr    Size         Type   Attr      Idx    E Section Name        Object

    0x08000000   0x08000000   0x000000ec   Data   RO         3772    RESET               startup_stm32f103xb.o
    0x080000ec   0x080000ec   0x00000000   Code   RO         3777  * .ARM.Collect$$$$00000000  mc_w.l(entry.o)
    0x080000ec   0x080000ec   0x00000004   Code   RO         3822    .ARM.Collect$$$$00000001  mc_w.l(entry2.o)
    0x080000f0   0x080000f0   0x00000004   Code   RO         3825    .ARM.Collect$$$$00000004  mc_w.l(entry5.o)
    0x080000f4   0x080000f4   0x00000000   Code   RO         3827    .ARM.Collect$$$$00000008  mc_w.l(entry7b.o)
    0x080000f4   0x080000f4   0x00000000   Code   RO         3829    .ARM.Collect$$$$0000000A  mc_w.l(entry8b.o)
    0x080000f4   0x080000f4   0x00000008   Code   RO         3830    .ARM.Collect$$$$0000000B  mc_w.l(entry9a.o)
    0x080000fc   0x080000fc   0x00000000   Code   RO         3832    .ARM.Collect$$$$0000000D  mc_w.l(entry10a.o)
    0x080000fc   0x080000fc   0x00000000   Code   RO         3834    .ARM.Collect$$$$0000000F  mc_w.l(entry11a.o)
    0x080000fc   0x080000fc   0x00000004   Code   RO         3823    .ARM.Collect$$$$00002712  mc_w.l(entry2.o)
    0x08000100   0x08000100   0x00000006   Code   RO          351    .emb_text           stmflash.o
    0x08000106   0x08000106   0x00000002   PAD
    0x08000108   0x08000108   0x00000024   Code   RO         3773    .text               startup_stm32f103xb.o
    0x0800012c   0x0800012c   0x00000020   Code   RO         3780    .text               mc_w.l(llushr.o)
    0x0800014c   0x0800014c   0x00000024   Code   RO         3782    .text               mc_w.l(memcpya.o)
    0x08000170   0x08000170   0x00000024   Code   RO         3784    .text               mc_w.l(memseta.o)
    0x08000194   0x08000194   0x0000000e   Code   RO         3786    .text               mc_w.l(strlen.o)
    0x080001a2   0x080001a2   0x00000002   PAD
    0x080001a4   0x080001a4   0x00000038   Code   RO         3818    .text               mc_w.l(__0sscanf.o)
    0x080001dc   0x080001dc   0x000000e0   Code   RO         3820    .text               mc_w.l(_scanf_str.o)
    0x080002bc   0x080002bc   0x0000002c   Code   RO         3839    .text               mc_w.l(uidiv.o)
    0x080002e8   0x080002e8   0x00000062   Code   RO         3841    .text               mc_w.l(uldiv.o)
    0x0800034a   0x0800034a   0x00000002   PAD
    0x0800034c   0x0800034c   0x00000028   Code   RO         3843    .text               mc_w.l(scanf_char.o)
    0x08000374   0x08000374   0x00000040   Code   RO         3845    .text               mc_w.l(_sgetc.o)
    0x080003b4   0x080003b4   0x00000000   Code   RO         3847    .text               mc_w.l(iusefp.o)
    0x080003b4   0x080003b4   0x0000014e   Code   RO         3848    .text               mf_w.l(dadd.o)
    0x08000502   0x08000502   0x000000e4   Code   RO         3850    .text               mf_w.l(dmul.o)
    0x080005e6   0x080005e6   0x000000de   Code   RO         3852    .text               mf_w.l(ddiv.o)
    0x080006c4   0x080006c4   0x00000030   Code   RO         3854    .text               mf_w.l(dfixul.o)
    0x080006f4   0x080006f4   0x00000030   Code   RO         3856    .text               mf_w.l(cdrcmple.o)
    0x08000724   0x08000724   0x00000024   Code   RO         3858    .text               mc_w.l(init.o)
    0x08000748   0x08000748   0x0000001e   Code   RO         3861    .text               mc_w.l(llshl.o)
    0x08000766   0x08000766   0x00000024   Code   RO         3863    .text               mc_w.l(llsshr.o)
    0x0800078a   0x0800078a   0x0000000a   Code   RO         3865    .text               mc_w.l(isspace_c.o)
    0x08000794   0x08000794   0x0000032c   Code   RO         3867    .text               mc_w.l(_scanf.o)
    0x08000ac0   0x08000ac0   0x000000ba   Code   RO         3870    .text               mf_w.l(depilogue.o)
    0x08000b7a   0x08000b7a   0x00000002   PAD
    0x08000b7c   0x08000b7c   0x00000028   Code   RO         3872    .text               mc_w.l(ctype_c.o)
    0x08000ba4   0x08000ba4   0x000000e8   Code   RO          271    i.ActiveEvent       boot.o
    0x08000c8c   0x08000c8c   0x00000088   Code   RO          272    i.BootLoader_AliCerInspect  boot.o
    0x08000d14   0x08000d14   0x000000f8   Code   RO          273    i.BootLoader_Branch  boot.o
    0x08000e0c   0x08000e0c   0x00000024   Code   RO          274    i.BootLoader_Clear  boot.o
    0x08000e30   0x08000e30   0x00000050   Code   RO          275    i.BootLoader_Enter  boot.o
    0x08000e80   0x08000e80   0x000002d0   Code   RO          276    i.BootLoader_Event  boot.o
    0x08001150   0x08001150   0x00000088   Code   RO          277    i.BootLoader_Info   boot.o
    0x080011d8   0x080011d8   0x0000000c   Code   RO          706    i.DMA1_Channel1_IRQHandler  stm32f1xx_it.o
    0x080011e4   0x080011e4   0x0000000c   Code   RO          707    i.DMA1_Channel2_IRQHandler  stm32f1xx_it.o
    0x080011f0   0x080011f0   0x0000000c   Code   RO          708    i.DMA1_Channel3_IRQHandler  stm32f1xx_it.o
    0x080011fc   0x080011fc   0x0000002a   Code   RO         1195    i.DMA_SetConfig     stm32f1xx_hal_dma.o
    0x08001226   0x08001226   0x00000002   PAD
    0x08001228   0x08001228   0x00000038   Code   RO          179    i.Delay_Us          delay.o
    0x08001260   0x08001260   0x00000004   Code   RO          440    i.EEprom_ReadData   24c02.o
    0x08001264   0x08001264   0x00000054   Code   RO          441    i.EEprom_ReadInfo   24c02.o
    0x080012b8   0x080012b8   0x00000026   Code   RO          442    i.EEprom_WriteData  24c02.o
    0x080012de   0x080012de   0x00000002   PAD
    0x080012e0   0x080012e0   0x00000024   Code   RO         1393    i.FLASH_MassErase   stm32f1xx_hal_flash_ex.o
    0x08001304   0x08001304   0x00000024   Code   RO         1398    i.FLASH_PageErase   stm32f1xx_hal_flash_ex.o
    0x08001328   0x08001328   0x0000001c   Code   RO         1290    i.FLASH_Program_HalfWord  stm32f1xx_hal_flash.o
    0x08001344   0x08001344   0x0000005c   Code   RO         1291    i.FLASH_SetErrorCode  stm32f1xx_hal_flash.o
    0x080013a0   0x080013a0   0x00000054   Code   RO         1292    i.FLASH_WaitForLastOperation  stm32f1xx_hal_flash.o
    0x080013f4   0x080013f4   0x00000046   Code   RO         1196    i.HAL_DMA_Abort     stm32f1xx_hal_dma.o
    0x0800143a   0x0800143a   0x00000002   PAD
    0x0800143c   0x0800143c   0x00000154   Code   RO         1201    i.HAL_DMA_IRQHandler  stm32f1xx_hal_dma.o
    0x08001590   0x08001590   0x0000005c   Code   RO         1202    i.HAL_DMA_Init      stm32f1xx_hal_dma.o
    0x080015ec   0x080015ec   0x00000070   Code   RO         1206    i.HAL_DMA_Start_IT  stm32f1xx_hal_dma.o
    0x0800165c   0x0800165c   0x00000024   Code   RO          893    i.HAL_Delay         stm32f1xx_hal.o
    0x08001680   0x08001680   0x000000a8   Code   RO         1399    i.HAL_FLASHEx_Erase  stm32f1xx_hal_flash_ex.o
    0x08001728   0x08001728   0x00000014   Code   RO         1296    i.HAL_FLASH_Lock    stm32f1xx_hal_flash.o
    0x0800173c   0x0800173c   0x00000080   Code   RO         1301    i.HAL_FLASH_Program  stm32f1xx_hal_flash.o
    0x080017bc   0x080017bc   0x00000028   Code   RO         1303    i.HAL_FLASH_Unlock  stm32f1xx_hal_flash.o
    0x080017e4   0x080017e4   0x000001e0   Code   RO         1481    i.HAL_GPIO_Init     stm32f1xx_hal_gpio.o
    0x080019c4   0x080019c4   0x0000000a   Code   RO         1483    i.HAL_GPIO_ReadPin  stm32f1xx_hal_gpio.o
    0x080019ce   0x080019ce   0x0000000a   Code   RO         1485    i.HAL_GPIO_WritePin  stm32f1xx_hal_gpio.o
    0x080019d8   0x080019d8   0x0000000c   Code   RO          897    i.HAL_GetTick       stm32f1xx_hal.o
    0x080019e4   0x080019e4   0x00000010   Code   RO          903    i.HAL_IncTick       stm32f1xx_hal.o
    0x080019f4   0x080019f4   0x00000024   Code   RO          904    i.HAL_Init          stm32f1xx_hal.o
    0x08001a18   0x08001a18   0x00000098   Code   RO          847    i.HAL_InitTick      stm32f1xx_hal_timebase_tim_template.o
    0x08001ab0   0x08001ab0   0x00000048   Code   RO          806    i.HAL_MspInit       stm32f1xx_hal_msp_template.o
    0x08001af8   0x08001af8   0x0000001a   Code   RO         1062    i.HAL_NVIC_EnableIRQ  stm32f1xx_hal_cortex.o
    0x08001b12   0x08001b12   0x00000002   PAD
    0x08001b14   0x08001b14   0x00000040   Code   RO         1068    i.HAL_NVIC_SetPriority  stm32f1xx_hal_cortex.o
    0x08001b54   0x08001b54   0x00000024   Code   RO         1069    i.HAL_NVIC_SetPriorityGrouping  stm32f1xx_hal_cortex.o
    0x08001b78   0x08001b78   0x0000001c   Code   RO         1609    i.HAL_PWR_EnableWakeUpPin  stm32f1xx_hal_pwr.o
    0x08001b94   0x08001b94   0x00000020   Code   RO         1611    i.HAL_PWR_EnterSTANDBYMode  stm32f1xx_hal_pwr.o
    0x08001bb4   0x08001bb4   0x000000ec   Code   RO         1827    i.HAL_RCCEx_PeriphCLKConfig  stm32f1xx_hal_rcc_ex.o
    0x08001ca0   0x08001ca0   0x0000012c   Code   RO         1724    i.HAL_RCC_ClockConfig  stm32f1xx_hal_rcc.o
    0x08001dcc   0x08001dcc   0x00000040   Code   RO         1728    i.HAL_RCC_GetClockConfig  stm32f1xx_hal_rcc.o
    0x08001e0c   0x08001e0c   0x00000020   Code   RO         1731    i.HAL_RCC_GetPCLK1Freq  stm32f1xx_hal_rcc.o
    0x08001e2c   0x08001e2c   0x00000020   Code   RO         1732    i.HAL_RCC_GetPCLK2Freq  stm32f1xx_hal_rcc.o
    0x08001e4c   0x08001e4c   0x0000006c   Code   RO         1733    i.HAL_RCC_GetSysClockFreq  stm32f1xx_hal_rcc.o
    0x08001eb8   0x08001eb8   0x00000320   Code   RO         1736    i.HAL_RCC_OscConfig  stm32f1xx_hal_rcc.o
    0x080021d8   0x080021d8   0x00000010   Code   RO         2031    i.HAL_RTCEx_BKUPRead  stm32f1xx_hal_rtc_ex.o
    0x080021e8   0x080021e8   0x00000010   Code   RO         2032    i.HAL_RTCEx_BKUPWrite  stm32f1xx_hal_rtc_ex.o
    0x080021f8   0x080021f8   0x00000064   Code   RO         1863    i.HAL_RTC_DeInit    stm32f1xx_hal_rtc.o
    0x0800225c   0x0800225c   0x00000030   Code   RO          664    i.HAL_RTC_MspDeInit  rtc.o
    0x0800228c   0x0800228c   0x0000003a   Code   RO         1877    i.HAL_RTC_WaitForSynchro  stm32f1xx_hal_rtc.o
    0x080022c6   0x080022c6   0x00000088   Code   RO         3398    i.HAL_SPI_Init      stm32f1xx_hal_spi.o
    0x0800234e   0x0800234e   0x00000002   PAD
    0x08002350   0x08002350   0x00000058   Code   RO          548    i.HAL_SPI_MspInit   spi.o
    0x080023a8   0x080023a8   0x00000202   Code   RO         3401    i.HAL_SPI_Receive   stm32f1xx_hal_spi.o
    0x080025aa   0x080025aa   0x00000188   Code   RO         3406    i.HAL_SPI_Transmit  stm32f1xx_hal_spi.o
    0x08002732   0x08002732   0x00000274   Code   RO         3407    i.HAL_SPI_TransmitReceive  stm32f1xx_hal_spi.o
    0x080029a6   0x080029a6   0x00000002   Code   RO         2810    i.HAL_TIMEx_BreakCallback  stm32f1xx_hal_tim_ex.o
    0x080029a8   0x080029a8   0x00000002   Code   RO         2811    i.HAL_TIMEx_CommutCallback  stm32f1xx_hal_tim_ex.o
    0x080029aa   0x080029aa   0x00000038   Code   RO         2133    i.HAL_TIM_Base_DeInit  stm32f1xx_hal_tim.o
    0x080029e2   0x080029e2   0x00000036   Code   RO         2135    i.HAL_TIM_Base_Init  stm32f1xx_hal_tim.o
    0x08002a18   0x08002a18   0x00000002   Code   RO         2136    i.HAL_TIM_Base_MspDeInit  stm32f1xx_hal_tim.o
    0x08002a1a   0x08002a1a   0x00000002   PAD
    0x08002a1c   0x08002a1c   0x0000003c   Code   RO          398    i.HAL_TIM_Base_MspInit  timer.o
    0x08002a58   0x08002a58   0x00000022   Code   RO         2140    i.HAL_TIM_Base_Start_IT  stm32f1xx_hal_tim.o
    0x08002a7a   0x08002a7a   0x00000002   Code   RO         2164    i.HAL_TIM_IC_CaptureCallback  stm32f1xx_hal_tim.o
    0x08002a7c   0x08002a7c   0x00000166   Code   RO         2178    i.HAL_TIM_IRQHandler  stm32f1xx_hal_tim.o
    0x08002be2   0x08002be2   0x00000002   Code   RO         2181    i.HAL_TIM_OC_DelayElapsedCallback  stm32f1xx_hal_tim.o
    0x08002be4   0x08002be4   0x00000002   Code   RO         2208    i.HAL_TIM_PWM_PulseFinishedCallback  stm32f1xx_hal_tim.o
    0x08002be6   0x08002be6   0x00000002   PAD
    0x08002be8   0x08002be8   0x00000020   Code   RO          399    i.HAL_TIM_PeriodElapsedCallback  timer.o
    0x08002c08   0x08002c08   0x00000002   Code   RO         2221    i.HAL_TIM_TriggerCallback  stm32f1xx_hal_tim.o
    0x08002c0a   0x08002c0a   0x00000058   Code   RO         3080    i.HAL_UART_DMAStop  stm32f1xx_hal_uart.o
    0x08002c62   0x08002c62   0x00000032   Code   RO         3081    i.HAL_UART_DeInit   stm32f1xx_hal_uart.o
    0x08002c94   0x08002c94   0x00000002   Code   RO         3082    i.HAL_UART_ErrorCallback  stm32f1xx_hal_uart.o
    0x08002c96   0x08002c96   0x00000062   Code   RO         3086    i.HAL_UART_Init     stm32f1xx_hal_uart.o
    0x08002cf8   0x08002cf8   0x00000002   Code   RO         3087    i.HAL_UART_MspDeInit  stm32f1xx_hal_uart.o
    0x08002cfa   0x08002cfa   0x00000002   PAD
    0x08002cfc   0x08002cfc   0x000000c8   Code   RO          209    i.HAL_UART_MspInit  usart.o
    0x08002dc4   0x08002dc4   0x00000098   Code   RO         3090    i.HAL_UART_Receive_DMA  stm32f1xx_hal_uart.o
    0x08002e5c   0x08002e5c   0x00000002   Code   RO         3092    i.HAL_UART_RxCpltCallback  stm32f1xx_hal_uart.o
    0x08002e5e   0x08002e5e   0x00000002   Code   RO         3093    i.HAL_UART_RxHalfCpltCallback  stm32f1xx_hal_uart.o
    0x08002e60   0x08002e60   0x00000002   Code   RO          709    i.HardFault_Handler  stm32f1xx_it.o
    0x08002e62   0x08002e62   0x00000002   PAD
    0x08002e64   0x08002e64   0x00000070   Code   RO          494    i.IIC_Init          iic.o
    0x08002ed4   0x08002ed4   0x000000b8   Code   RO          495    i.IIC_Read_Byte     iic.o
    0x08002f8c   0x08002f8c   0x00000050   Code   RO          496    i.IIC_Send_Byte     iic.o
    0x08002fdc   0x08002fdc   0x00000030   Code   RO          497    i.IIC_Start         iic.o
    0x0800300c   0x0800300c   0x00000030   Code   RO          498    i.IIC_Stop          iic.o
    0x0800303c   0x0800303c   0x00000058   Code   RO          499    i.IIC_Wait_Ack      iic.o
    0x08003094   0x08003094   0x00000080   Code   RO          352    i.Load_APP          stmflash.o
    0x08003114   0x08003114   0x00000060   Code   RO          444    i.M24C02_ReadSequential  24c02.o
    0x08003174   0x08003174   0x00000036   Code   RO          445    i.M24C02_WriteOneByte  24c02.o
    0x080031aa   0x080031aa   0x00000002   Code   RO          710    i.NMI_Handler       stm32f1xx_it.o
    0x080031ac   0x080031ac   0x00000090   Code   RO          278    i.Printf_AliCer     boot.o
    0x0800323c   0x0800323c   0x00000034   Code   RO         1881    i.RTC_EnterInitMode  stm32f1xx_hal_rtc.o
    0x08003270   0x08003270   0x00000036   Code   RO         1882    i.RTC_ExitInitMode  stm32f1xx_hal_rtc.o
    0x080032a6   0x080032a6   0x0000006e   Code   RO          773    i.RccClock_HSE_Init  rcc.o
    0x08003314   0x08003314   0x0000004c   Code   RO          549    i.SPI1_Init         spi.o
    0x08003360   0x08003360   0x00000020   Code   RO          550    i.SPI1_ReadWriteByte  spi.o
    0x08003380   0x08003380   0x0000005c   Code   RO         3437    i.SPI_EndRxTransaction  stm32f1xx_hal_spi.o
    0x080033dc   0x080033dc   0x00000020   Code   RO         3438    i.SPI_EndRxTxTransaction  stm32f1xx_hal_spi.o
    0x080033fc   0x080033fc   0x00000094   Code   RO         3446    i.SPI_WaitFlagStateUntilTimeout  stm32f1xx_hal_spi.o
    0x08003490   0x08003490   0x00000070   Code   RO          353    i.Stm32Flash_Erase  stmflash.o
    0x08003500   0x08003500   0x00000036   Code   RO          354    i.Stm32Flash_Write  stmflash.o
    0x08003536   0x08003536   0x00000002   PAD
    0x08003538   0x08003538   0x00000048   Code   RO         3736    i.SystemInit        system_stm32f1xx.o
    0x08003580   0x08003580   0x00000028   Code   RO          400    i.TIM1_Init         timer.o
    0x080035a8   0x080035a8   0x0000000c   Code   RO          711    i.TIM1_UP_IRQHandler  stm32f1xx_it.o
    0x080035b4   0x080035b4   0x0000000c   Code   RO          712    i.TIM2_IRQHandler   stm32f1xx_it.o
    0x080035c0   0x080035c0   0x0000006c   Code   RO         2223    i.TIM_Base_SetConfig  stm32f1xx_hal_tim.o
    0x0800362c   0x0800362c   0x00000040   Code   RO          210    i.U1Rx_Buff_Init    usart.o
    0x0800366c   0x0800366c   0x00000050   Code   RO          211    i.U1_Init           usart.o
    0x080036bc   0x080036bc   0x0000004a   Code   RO         3100    i.UART_DMAError     stm32f1xx_hal_uart.o
    0x08003706   0x08003706   0x0000003c   Code   RO         3101    i.UART_DMAReceiveCplt  stm32f1xx_hal_uart.o
    0x08003742   0x08003742   0x0000000a   Code   RO         3103    i.UART_DMARxHalfCplt  stm32f1xx_hal_uart.o
    0x0800374c   0x0800374c   0x0000001c   Code   RO         3109    i.UART_EndRxTransfer  stm32f1xx_hal_uart.o
    0x08003768   0x08003768   0x00000012   Code   RO         3110    i.UART_EndTxTransfer  stm32f1xx_hal_uart.o
    0x0800377a   0x0800377a   0x00000002   PAD
    0x0800377c   0x0800377c   0x000000b8   Code   RO         3112    i.UART_SetConfig    stm32f1xx_hal_uart.o
    0x08003834   0x08003834   0x0000008c   Code   RO          713    i.USART1_IRQHandler  stm32f1xx_it.o
    0x080038c0   0x080038c0   0x00000064   Code   RO          595    i.W25Qxx_Init       w25qxx.o
    0x08003924   0x08003924   0x0000006c   Code   RO          596    i.W25Qxx_Read       w25qxx.o
    0x08003990   0x08003990   0x0000006c   Code   RO          597    i.W25Qxx_ReadID     w25qxx.o
    0x080039fc   0x080039fc   0x00000040   Code   RO          598    i.W25Qxx_Wait_Busy  w25qxx.o
    0x08003a3c   0x08003a3c   0x0000003c   Code   RO          599    i.W25Qxx_Write_Enable  w25qxx.o
    0x08003a78   0x08003a78   0x00000024   Code   RO         3797    i.__0vsprintf       mc_w.l(printfa.o)
    0x08003a9c   0x08003a9c   0x00000020   Code   RO         1075    i.__NVIC_SetPriority  stm32f1xx_hal_cortex.o
    0x08003abc   0x08003abc   0x00000024   Code   RO          279    i.__NVIC_SystemReset  boot.o
    0x08003ae0   0x08003ae0   0x00000024   Code   RO          774    i.__NVIC_SystemReset  rcc.o
    0x08003b04   0x08003b04   0x0000000e   Code   RO         3877    i.__scatterload_copy  mc_w.l(handlers.o)
    0x08003b12   0x08003b12   0x00000002   Code   RO         3878    i.__scatterload_null  mc_w.l(handlers.o)
    0x08003b14   0x08003b14   0x0000000e   Code   RO         3879    i.__scatterload_zeroinit  mc_w.l(handlers.o)
    0x08003b22   0x08003b22   0x00000002   PAD
    0x08003b24   0x08003b24   0x00000184   Code   RO         3798    i._fp_digits        mc_w.l(printfa.o)
    0x08003ca8   0x08003ca8   0x000006dc   Code   RO         3799    i._printf_core      mc_w.l(printfa.o)
    0x08004384   0x08004384   0x00000024   Code   RO         3800    i._printf_post_padding  mc_w.l(printfa.o)
    0x080043a8   0x080043a8   0x0000002e   Code   RO         3801    i._printf_pre_padding  mc_w.l(printfa.o)
    0x080043d6   0x080043d6   0x0000000a   Code   RO         3803    i._sputc            mc_w.l(printfa.o)
    0x080043e0   0x080043e0   0x000000bc   Code   RO            5    i.main              main.o
    0x0800449c   0x0800449c   0x00000020   Code   RO          212    i.u1_TxHex          usart.o
    0x080044bc   0x080044bc   0x0000004c   Code   RO          213    i.u1_printf         usart.o
    0x08004508   0x08004508   0x00000010   Data   RO         3737    .constdata          system_stm32f1xx.o
    0x08004518   0x08004518   0x00000008   Data   RO         3738    .constdata          system_stm32f1xx.o
    0x08004520   0x08004520   0x00000040   Data   RO         3873    .constdata          mc_w.l(ctype_c.o)
    0x08004560   0x08004560   0x00000094   Data   RO          280    .conststring        boot.o
    0x080045f4   0x080045f4   0x00000020   Data   RO         3875    Region$$Table       anon$$obj.o


    Execution Region RW_IRAM1 (Exec base: 0x20000000, Load base: 0x08004614, Size: 0x00001598, Max: 0x00005000, ABSOLUTE)

    Exec Addr    Load Addr    Size         Type   Attr      Idx    E Section Name        Object

    0x20000000   0x08004614   0x00000004   Data   RW            9    .data               main.o
    0x20000004   0x08004618   0x00000004   Data   RW          356    .data               stmflash.o
    0x20000008   0x0800461c   0x0000000c   Data   RW          911    .data               stm32f1xx_hal.o
    0x20000014   0x08004628   0x00000004   Data   RW         3739    .data               system_stm32f1xx.o
    0x20000018        -       0x00000404   Zero   RW            6    .bss                main.o
    0x2000041c        -       0x00000070   Zero   RW            7    .bss                main.o
    0x2000048c        -       0x000009e8   Zero   RW          214    .bss                usart.o
    0x20000e74        -       0x00000200   Zero   RW          215    .bss                usart.o
    0x20001074        -       0x00000014   Zero   RW          355    .bss                stmflash.o
    0x20001088        -       0x00000040   Zero   RW          401    .bss                timer.o
    0x200010c8        -       0x00000058   Zero   RW          551    .bss                spi.o
    0x20001120        -       0x00000014   Zero   RW          667    .bss                rtc.o
    0x20001134        -       0x00000040   Zero   RW          850    .bss                stm32f1xx_hal_timebase_tim_template.o
    0x20001174   0x0800462c   0x00000004   PAD
    0x20001178        -       0x00000020   Zero   RW         1304    .bss                stm32f1xx_hal_flash.o
    0x20001198        -       0x00000400   Zero   RW         3770    STACK               startup_stm32f103xb.o


==============================================================================

Image component sizes


      Code (inc. data)   RO Data    RW Data    ZI Data      Debug   Object Name

       276         44          0          0          0       3385   24c02.o
      1768        756        148          0          0      30851   boot.o
        56          4          0          0          0       1011   delay.o
       560         36          0          0          0       3701   iic.o
       188         50          0          4       1140     444407   main.o
       146         10          0          0          0       1004   rcc.o
        48         14          0          0         20        984   rtc.o
       196         26          0          0         88       2244   spi.o
        36          8        236          0       1024        820   startup_stm32f103xb.o
       100         18          0         12          0       4994   stm32f1xx_hal.o
       158         14          0          0          0      27974   stm32f1xx_hal_cortex.o
       656         32          0          0          0       4039   stm32f1xx_hal_dma.o
       392         46          0          0         32       4438   stm32f1xx_hal_flash.o
       240         26          0          0          0       3093   stm32f1xx_hal_flash_ex.o
       500         34          0          0          0       3367   stm32f1xx_hal_gpio.o
        72         10          0          0          0        906   stm32f1xx_hal_msp_template.o
        60         14          0          0          0       1001   stm32f1xx_hal_pwr.o
      1336        110          0          0          0       5553   stm32f1xx_hal_rcc.o
       236         12          0          0          0       1300   stm32f1xx_hal_rcc_ex.o
       264          0          0          0          0       3458   stm32f1xx_hal_rtc.o
        32         10          0          0          0       1519   stm32f1xx_hal_rtc_ex.o
      1942          0          0          0          0       8032   stm32f1xx_hal_spi.o
       620         14          0          0          0       7140   stm32f1xx_hal_tim.o
         4          0          0          0          0       1433   stm32f1xx_hal_tim_ex.o
       152         18          0          0         64       1475   stm32f1xx_hal_timebase_tim_template.o
       770         20          0          0          0       8378   stm32f1xx_hal_uart.o
       204         34          0          0          0       3974   stm32f1xx_it.o
       300        108          0          4         20       3316   stmflash.o
        72         16         24          4          0       1227   system_stm32f1xx.o
       132         24          0          0         64       2131   timer.o
       452         46          0          0       3048       4784   usart.o
       440         42          0          0          0       3197   w25qxx.o

    ----------------------------------------------------------------------
     12432       1596        440         24       5504     595136   Object Totals
         0          0         32          0          0          0   (incl. Generated)
        24          0          0          0          4          0   (incl. Padding)

    ----------------------------------------------------------------------

      Code (inc. data)   RO Data    RW Data    ZI Data      Debug   Library Member Name

        56          8          0          0          0         84   __0sscanf.o
       812          4          0          0          0        112   _scanf.o
       224          0          0          0          0         96   _scanf_str.o
        64          0          0          0          0         84   _sgetc.o
        40          6         64          0          0         68   ctype_c.o
         0          0          0          0          0          0   entry.o
         0          0          0          0          0          0   entry10a.o
         0          0          0          0          0          0   entry11a.o
         8          4          0          0          0          0   entry2.o
         4          0          0          0          0          0   entry5.o
         0          0          0          0          0          0   entry7b.o
         0          0          0          0          0          0   entry8b.o
         8          4          0          0          0          0   entry9a.o
        30          0          0          0          0          0   handlers.o
        36          8          0          0          0         68   init.o
        10          0          0          0          0         68   isspace_c.o
         0          0          0          0          0          0   iusefp.o
        30          0          0          0          0         68   llshl.o
        36          0          0          0          0         68   llsshr.o
        32          0          0          0          0         68   llushr.o
        36          0          0          0          0         68   memcpya.o
        36          0          0          0          0        108   memseta.o
      2272         86          0          0          0        516   printfa.o
        40          8          0          0          0         84   scanf_char.o
        14          0          0          0          0         68   strlen.o
        44          0          0          0          0         80   uidiv.o
        98          0          0          0          0         92   uldiv.o
        48          0          0          0          0         68   cdrcmple.o
       334          0          0          0          0        148   dadd.o
       222          0          0          0          0        100   ddiv.o
       186          0          0          0          0        176   depilogue.o
        48          0          0          0          0         68   dfixul.o
       228          0          0          0          0         96   dmul.o

    ----------------------------------------------------------------------
      5004        128         64          0          0       2456   Library Totals
         8          0          0          0          0          0   (incl. Padding)

    ----------------------------------------------------------------------

      Code (inc. data)   RO Data    RW Data    ZI Data      Debug   Library Name

      3930        128         64          0          0       1800   mc_w.l
      1066          0          0          0          0        656   mf_w.l

    ----------------------------------------------------------------------
      5004        128         64          0          0       2456   Library Totals

    ----------------------------------------------------------------------

==============================================================================


      Code (inc. data)   RO Data    RW Data    ZI Data      Debug   

     17436       1724        504         24       5504     589840   Grand Totals
     17436       1724        504         24       5504     589840   ELF Image Totals
     17436       1724        504         24          0          0   ROM Totals

==============================================================================

    Total RO  Size (Code + RO Data)                17940 (  17.52kB)
    Total RW  Size (RW Data + ZI Data)              5528 (   5.40kB)
    Total ROM Size (Code + RO Data + RW Data)      17964 (  17.54kB)

==============================================================================

